Archive member included to satisfy reference by file (symbol)

C:/gccarm/14_3/bin/../lib/gcc/arm-none-eabi/14.3.1/thumb/v6-m/nofp\libgcc.a(_dvmd_tls.o)
                              CMakeFiles/Mgs_project_CICD_TDD.dir/C_/pico-sdk/src/rp2_common/pico_divider/divider_hardware.S.obj (__aeabi_idiv0)
C:/gccarm/14_3/bin/../lib/gcc/arm-none-eabi/14.3.1/../../../../arm-none-eabi/lib/thumb/v6-m/nofp\libg.a(libc_a-calloc.o)
                              CMakeFiles/Mgs_project_CICD_TDD.dir/C_/pico-sdk/src/rp2_common/pico_malloc/malloc.c.obj (calloc)
C:/gccarm/14_3/bin/../lib/gcc/arm-none-eabi/14.3.1/../../../../arm-none-eabi/lib/thumb/v6-m/nofp\libg.a(libc_a-callocr.o)
                              C:/gccarm/14_3/bin/../lib/gcc/arm-none-eabi/14.3.1/../../../../arm-none-eabi/lib/thumb/v6-m/nofp\libg.a(libc_a-calloc.o) (_calloc_r)
C:/gccarm/14_3/bin/../lib/gcc/arm-none-eabi/14.3.1/../../../../arm-none-eabi/lib/thumb/v6-m/nofp\libg.a(libc_a-malloc.o)
                              CMakeFiles/Mgs_project_CICD_TDD.dir/C_/pico-sdk/src/rp2_common/pico_malloc/malloc.c.obj (malloc)
C:/gccarm/14_3/bin/../lib/gcc/arm-none-eabi/14.3.1/../../../../arm-none-eabi/lib/thumb/v6-m/nofp\libg.a(libc_a-mallocr.o)
                              C:/gccarm/14_3/bin/../lib/gcc/arm-none-eabi/14.3.1/../../../../arm-none-eabi/lib/thumb/v6-m/nofp\libg.a(libc_a-callocr.o) (_malloc_r)
C:/gccarm/14_3/bin/../lib/gcc/arm-none-eabi/14.3.1/../../../../arm-none-eabi/lib/thumb/v6-m/nofp\libg.a(libc_a-mlock.o)
                              C:/gccarm/14_3/bin/../lib/gcc/arm-none-eabi/14.3.1/../../../../arm-none-eabi/lib/thumb/v6-m/nofp\libg.a(libc_a-mallocr.o) (__malloc_lock)
C:/gccarm/14_3/bin/../lib/gcc/arm-none-eabi/14.3.1/../../../../arm-none-eabi/lib/thumb/v6-m/nofp\libg.a(libc_a-realloc.o)
                              CMakeFiles/Mgs_project_CICD_TDD.dir/C_/pico-sdk/src/rp2_common/pico_malloc/malloc.c.obj (realloc)
C:/gccarm/14_3/bin/../lib/gcc/arm-none-eabi/14.3.1/../../../../arm-none-eabi/lib/thumb/v6-m/nofp\libg.a(libc_a-reallocr.o)
                              C:/gccarm/14_3/bin/../lib/gcc/arm-none-eabi/14.3.1/../../../../arm-none-eabi/lib/thumb/v6-m/nofp\libg.a(libc_a-realloc.o) (_realloc_r)
C:/gccarm/14_3/bin/../lib/gcc/arm-none-eabi/14.3.1/../../../../arm-none-eabi/lib/thumb/v6-m/nofp\libg.a(libc_a-memcmp.o)
                              CMakeFiles/Mgs_project_CICD_TDD.dir/C_/pico-sdk/src/rp2_common/pico_atomic/atomic.c.obj (memcmp)
C:/gccarm/14_3/bin/../lib/gcc/arm-none-eabi/14.3.1/../../../../arm-none-eabi/lib/thumb/v6-m/nofp\libg.a(libc_a-memmove.o)
                              C:/gccarm/14_3/bin/../lib/gcc/arm-none-eabi/14.3.1/../../../../arm-none-eabi/lib/thumb/v6-m/nofp\libg.a(libc_a-reallocr.o) (memmove)
C:/gccarm/14_3/bin/../lib/gcc/arm-none-eabi/14.3.1/../../../../arm-none-eabi/lib/thumb/v6-m/nofp\libg.a(libc_a-lcltime_r.o)
                              CMakeFiles/Mgs_project_CICD_TDD.dir/C_/pico-sdk/src/common/pico_util/datetime.c.obj (localtime_r)
C:/gccarm/14_3/bin/../lib/gcc/arm-none-eabi/14.3.1/../../../../arm-none-eabi/lib/thumb/v6-m/nofp\libg.a(libc_a-mktime.o)
                              CMakeFiles/Mgs_project_CICD_TDD.dir/C_/pico-sdk/src/common/pico_util/datetime.c.obj (mktime)
C:/gccarm/14_3/bin/../lib/gcc/arm-none-eabi/14.3.1/../../../../arm-none-eabi/lib/thumb/v6-m/nofp\libg.a(libc_a-month_lengths.o)
                              C:/gccarm/14_3/bin/../lib/gcc/arm-none-eabi/14.3.1/../../../../arm-none-eabi/lib/thumb/v6-m/nofp\libg.a(libc_a-lcltime_r.o) (__month_lengths)
C:/gccarm/14_3/bin/../lib/gcc/arm-none-eabi/14.3.1/../../../../arm-none-eabi/lib/thumb/v6-m/nofp\libg.a(libc_a-tzcalc_limits.o)
                              C:/gccarm/14_3/bin/../lib/gcc/arm-none-eabi/14.3.1/../../../../arm-none-eabi/lib/thumb/v6-m/nofp\libg.a(libc_a-lcltime_r.o) (__tzcalc_limits)
C:/gccarm/14_3/bin/../lib/gcc/arm-none-eabi/14.3.1/../../../../arm-none-eabi/lib/thumb/v6-m/nofp\libg.a(libc_a-tzlock.o)
                              C:/gccarm/14_3/bin/../lib/gcc/arm-none-eabi/14.3.1/../../../../arm-none-eabi/lib/thumb/v6-m/nofp\libg.a(libc_a-lcltime_r.o) (__tz_lock)
C:/gccarm/14_3/bin/../lib/gcc/arm-none-eabi/14.3.1/../../../../arm-none-eabi/lib/thumb/v6-m/nofp\libg.a(libc_a-tzset.o)
                              C:/gccarm/14_3/bin/../lib/gcc/arm-none-eabi/14.3.1/../../../../arm-none-eabi/lib/thumb/v6-m/nofp\libg.a(libc_a-lcltime_r.o) (_tzset_unlocked)
C:/gccarm/14_3/bin/../lib/gcc/arm-none-eabi/14.3.1/../../../../arm-none-eabi/lib/thumb/v6-m/nofp\libg.a(libc_a-tzset_r.o)
                              C:/gccarm/14_3/bin/../lib/gcc/arm-none-eabi/14.3.1/../../../../arm-none-eabi/lib/thumb/v6-m/nofp\libg.a(libc_a-tzset.o) (_tzset_unlocked_r)
C:/gccarm/14_3/bin/../lib/gcc/arm-none-eabi/14.3.1/../../../../arm-none-eabi/lib/thumb/v6-m/nofp\libg.a(libc_a-tzvars.o)
                              C:/gccarm/14_3/bin/../lib/gcc/arm-none-eabi/14.3.1/../../../../arm-none-eabi/lib/thumb/v6-m/nofp\libg.a(libc_a-tzset_r.o) (_timezone)
[...]
Memory Configuration

Name             Origin             Length             Attributes
FLASH            0x10000000         0x00200000         xr
RAM              0x20000000         0x00040000         xrw
SCRATCH_X        0x20040000         0x00001000         xrw
SCRATCH_Y        0x20041000         0x00001000         xrw
*default*        0x00000000         0xffffffff

Linker script and memory map

LOAD C:/gccarm/14_3/bin/../lib/gcc/arm-none-eabi/14.3.1/thumb/v6-m/nofp/crti.o
LOAD C:/gccarm/14_3/bin/../lib/gcc/arm-none-eabi/14.3.1/thumb/v6-m/nofp/crtbegin.o
LOAD C:/gccarm/14_3/bin/../lib/gcc/arm-none-eabi/14.3.1/../../../../arm-none-eabi/lib/thumb/v6-m/nofp/crt0.o

.flash_begin    0x10000000        0x0
                0x10000000                        __flash_binary_start = .

.boot2          0x10000000      0x100
                0x10000000                        __boot2_start__ = .
 *(.boot2)
 .boot2         0x10000000      0x100 pico-sdk/src/rp2040/boot_stage2/CMakeFiles/bs2_default_library.dir/./bs2_default_padded_checksummed.S.obj
                0x10000100                        __boot2_end__ = .
                0x00000001                        ASSERT (((__boot2_end__ - __boot2_start__) == 0x100), ERROR: Pico second stage bootloader must be 256 bytes in size)

.text           0x10000100     0x16b8
                0x10000100                        __logical_binary_start = .
 *(.vectors)
 .vectors       0x10000100       0xd4 CMakeFiles/Mgs_project_CICD_TDD.dir/C_/pico-sdk/src/rp2_common/pico_crt0/crt0.S.obj
                0x10000100                __VECTOR_TABLE
                0x10000100                __vectors
                0x100001c0                isr_irq13
                0x100001c0                isr_irq27
                0x100001c0                isr_irq31
                0x100001c0                isr_irq12
                0x100001c0                isr_irq5
                0x100001c0                isr_irq11
                0x100001c0                isr_irq3
                0x100001c0                isr_irq23
                0x100001c0                __unhandled_user_irq
                0x100001c0                isr_irq26
                0x100001c0                isr_irq28
                0x100001c0                isr_irq19
                0x100001c0                isr_irq0
                0x100001c0                isr_irq6
                0x100001c0                isr_irq29
                0x100001c0                isr_irq16
                0x100001c0                isr_irq22
                0x100001c0                isr_irq18
                0x100001c0                isr_irq17
                0x100001c0                isr_irq14
                0x100001c0                __vectors_end
                0x100001c0                __default_isrs_start
                0x100001c0                isr_irq2
                0x100001c0                isr_irq10
                0x100001c0                isr_irq8
                0x100001c0                isr_irq24
                0x100001c0                isr_irq1
                0x100001c0                isr_irq7
                0x100001c0                isr_irq21
                0x100001c0                isr_irq20
                0x100001c0                isr_irq15
                0x100001c0                isr_irq25
                0x100001c0                isr_irq4
                0x100001c0                isr_irq30
                0x100001c0                isr_irq9
                0x100001c6                unhandled_user_irq_num_in_r0
                0x100001c8                isr_invalid
                0x100001ca                isr_nmi
                0x100001cc                isr_hardfault
                0x100001ce                isr_svcall
                0x100001d0                isr_pendsv
                0x100001d2                isr_systick
                0x100001d4                __default_isrs_end
 *(.binary_info_header)
 .binary_info_header
                0x100001d4       0x14 CMakeFiles/Mgs_project_CICD_TDD.dir/C_/pico-sdk/src/rp2_common/pico_crt0/crt0.S.obj
                0x100001e8                        __binary_info_header_end = .
 *(.embedded_block)
                0x100001e8                        __embedded_block_end = .
 *(.reset)
 .reset         0x100001e8       0x9c CMakeFiles/Mgs_project_CICD_TDD.dir/C_/pico-sdk/src/rp2_common/pico_crt0/crt0.S.obj
                0x100001e8                _entry_point
 *(.init)
 .init          0x10000284        0x4 C:/gccarm/14_3/bin/../lib/gcc/arm-none-eabi/14.3.1/thumb/v6-m/nofp/crti.o
                0x10000284                _init
 *(EXCLUDE_FILE(*libm.a: *libc.a:*lib_a-mem*.o *libgcc.a:) .text*)
 .text.register_tm_clones
                0x10000288       0x28 C:/gccarm/14_3/bin/../lib/gcc/arm-none-eabi/14.3.1/thumb/v6-m/nofp/crtbegin.o
 .text.frame_dummy
                0x100002b0       0x24 C:/gccarm/14_3/bin/../lib/gcc/arm-none-eabi/14.3.1/thumb/v6-m/nofp/crtbegin.o
 .text.startup.main
                0x100002d4       0x24 CMakeFiles/Mgs_project_CICD_TDD.dir/src/blink.c.obj
                0x100002d4                main
 .text.gpio_init
                0x100002f8       0x40 CMakeFiles/Mgs_project_CICD_TDD.dir/C_/pico-sdk/src/rp2_common/hardware_gpio/gpio.c.obj
                0x100002f8                gpio_init
 .text.panic    0x10000338       0x30 CMakeFiles/Mgs_project_CICD_TDD.dir/C_/pico-sdk/src/rp2_common/pico_platform_panic/panic.c.obj
                0x10000338                panic
 .text.hw_claim_or_assert
                0x10000368       0x44 CMakeFiles/Mgs_project_CICD_TDD.dir/C_/pico-sdk/src/common/hardware_claim/claim.c.obj
                0x10000368                hw_claim_or_assert
 .text.next_striped_spin_lock_num
                0x100003ac       0x18 CMakeFiles/Mgs_project_CICD_TDD.dir/C_/pico-sdk/src/rp2_common/hardware_sync/sync.c.obj
                0x100003ac                next_striped_spin_lock_num
 .text.spin_locks_reset
                0x100003c4       0x1c CMakeFiles/Mgs_project_CICD_TDD.dir/C_/pico-sdk/src/rp2_common/hardware_sync_spin_lock/sync_spin_lock.c.obj
                0x100003c4                spin_locks_reset
 .text.runtime_init_per_core_irq_priorities
                0x100003e0       0x24 CMakeFiles/Mgs_project_CICD_TDD.dir/C_/pico-sdk/src/rp2_common/hardware_irq/irq.c.obj
                0x100003e0                runtime_init_per_core_irq_priorities
 .text.irq_set_enabled
                0x10000404       0x24 CMakeFiles/Mgs_project_CICD_TDD.dir/C_/pico-sdk/src/rp2_common/hardware_irq/irq.c.obj
                0x10000404                irq_set_enabled
 .text.irq_set_exclusive_handler
                0x10000428       0x54 CMakeFiles/Mgs_project_CICD_TDD.dir/C_/pico-sdk/src/rp2_common/hardware_irq/irq.c.obj
                0x10000428                irq_set_exclusive_handler
 .text.lock_init
                0x1000047c       0x10 CMakeFiles/Mgs_project_CICD_TDD.dir/C_/pico-sdk/src/common/pico_sync/lock_core.c.obj
                0x1000047c                lock_init
 .text.runtime_init_mutex
                0x1000048c       0x50 CMakeFiles/Mgs_project_CICD_TDD.dir/C_/pico-sdk/src/common/pico_sync/mutex.c.obj
                0x1000048c                runtime_init_mutex
 .text.sleep_until_callback
                0x100004dc       0x30 CMakeFiles/Mgs_project_CICD_TDD.dir/C_/pico-sdk/src/common/pico_time/time.c.obj
 .text.alarm_pool_irq_handler
                0x1000050c      0x2f8 CMakeFiles/Mgs_project_CICD_TDD.dir/C_/pico-sdk/src/common/pico_time/time.c.obj
 .text.runtime_init_default_alarm_pool
                0x10000804       0xdc CMakeFiles/Mgs_project_CICD_TDD.dir/C_/pico-sdk/src/common/pico_time/time.c.obj
                0x10000804                runtime_init_default_alarm_pool
 .text.alarm_pool_add_alarm_at_force_in_context
                0x100008e0       0xb0 CMakeFiles/Mgs_project_CICD_TDD.dir/C_/pico-sdk/src/common/pico_time/time.c.obj
                0x100008e0                alarm_pool_add_alarm_at_force_in_context
 .text.alarm_pool_cancel_alarm
                0x10000990       0x74 CMakeFiles/Mgs_project_CICD_TDD.dir/C_/pico-sdk/src/common/pico_time/time.c.obj
                0x10000990                alarm_pool_cancel_alarm
 .text.sleep_ms
                0x10000a04       0xfc CMakeFiles/Mgs_project_CICD_TDD.dir/C_/pico-sdk/src/common/pico_time/time.c.obj
                0x10000a04                sleep_ms
 .text.best_effort_wfe_or_timeout
                0x10000b00      0x10c CMakeFiles/Mgs_project_CICD_TDD.dir/C_/pico-sdk/src/common/pico_time/time.c.obj
                0x10000b00                best_effort_wfe_or_timeout
 .text.timer_hardware_alarm_claim
                0x10000c0c       0x14 CMakeFiles/Mgs_project_CICD_TDD.dir/C_/pico-sdk/src/rp2_common/hardware_timer/timer.c.obj
                0x10000c0c                timer_hardware_alarm_claim
 .text.timer_time_us_64
                0x10000c20       0x10 CMakeFiles/Mgs_project_CICD_TDD.dir/C_/pico-sdk/src/rp2_common/hardware_timer/timer.c.obj
                0x10000c20                timer_time_us_64
 .text.time_us_64
                0x10000c30       0x14 CMakeFiles/Mgs_project_CICD_TDD.dir/C_/pico-sdk/src/rp2_common/hardware_timer/timer.c.obj
                0x10000c30                time_us_64
 .text.busy_wait_until
                0x10000c44       0x20 CMakeFiles/Mgs_project_CICD_TDD.dir/C_/pico-sdk/src/rp2_common/hardware_timer/timer.c.obj
                0x10000c44                busy_wait_until
 .text.clock_configure_int_divider
                0x10000c64       0xf4 CMakeFiles/Mgs_project_CICD_TDD.dir/C_/pico-sdk/src/rp2_common/hardware_clocks/clocks.c.obj
                0x10000c64                clock_configure_int_divider
 .text.clock_configure_undivided
                0x10000d58       0xe8 CMakeFiles/Mgs_project_CICD_TDD.dir/C_/pico-sdk/src/rp2_common/hardware_clocks/clocks.c.obj
                0x10000d58                clock_configure_undivided
 .text.clock_get_hz
                0x10000e40        0xc CMakeFiles/Mgs_project_CICD_TDD.dir/C_/pico-sdk/src/rp2_common/hardware_clocks/clocks.c.obj
                0x10000e40                clock_get_hz
 .text.pll_init
                0x10000e4c       0xa4 CMakeFiles/Mgs_project_CICD_TDD.dir/C_/pico-sdk/src/rp2_common/hardware_pll/pll.c.obj
                0x10000e4c                pll_init
 .text.tick_start
                0x10000ef0       0x10 CMakeFiles/Mgs_project_CICD_TDD.dir/C_/pico-sdk/src/rp2_common/hardware_ticks/ticks.c.obj
                0x10000ef0                tick_start
 .text.rom_func_lookup
                0x10000f00       0x10 CMakeFiles/Mgs_project_CICD_TDD.dir/C_/pico-sdk/src/rp2_common/pico_bootrom/bootrom.c.obj
                0x10000f00                rom_func_lookup
 .text.rom_data_lookup
                0x10000f10       0x10 CMakeFiles/Mgs_project_CICD_TDD.dir/C_/pico-sdk/src/rp2_common/pico_bootrom/bootrom.c.obj
                0x10000f10                rom_data_lookup
 .text.rom_funcs_lookup
                0x10000f20       0x44 CMakeFiles/Mgs_project_CICD_TDD.dir/C_/pico-sdk/src/rp2_common/pico_bootrom/bootrom.c.obj
                0x10000f20                rom_funcs_lookup
 .text.xosc_init
                0x10000f64       0x28 CMakeFiles/Mgs_project_CICD_TDD.dir/C_/pico-sdk/src/rp2_common/hardware_xosc/xosc.c.obj
                0x10000f64                xosc_init
 .text.first_per_core_initializer
                0x10000f8c        0x4 CMakeFiles/Mgs_project_CICD_TDD.dir/C_/pico-sdk/src/rp2_common/pico_runtime/runtime.c.obj
 .text.hard_assertion_failure
                0x10000f90        0xc CMakeFiles/Mgs_project_CICD_TDD.dir/C_/pico-sdk/src/rp2_common/pico_runtime/runtime.c.obj
                0x10000f90                hard_assertion_failure
 .text.runtime_run_initializers
                0x10000f9c       0x28 CMakeFiles/Mgs_project_CICD_TDD.dir/C_/pico-sdk/src/rp2_common/pico_runtime/runtime.c.obj
                0x10000f9c                runtime_run_initializers
 .text.runtime_init_early_resets
                0x10000fc4       0x2c CMakeFiles/Mgs_project_CICD_TDD.dir/C_/pico-sdk/src/rp2_common/pico_runtime_init/runtime_init.c.obj
                0x10000fc4                runtime_init_early_resets
 .text.runtime_init_usb_power_down
                0x10000ff0       0x1c CMakeFiles/Mgs_project_CICD_TDD.dir/C_/pico-sdk/src/rp2_common/pico_runtime_init/runtime_init.c.obj
                0x10000ff0                runtime_init_usb_power_down
 .text.runtime_init_post_clock_resets
                0x1000100c       0x20 CMakeFiles/Mgs_project_CICD_TDD.dir/C_/pico-sdk/src/rp2_common/pico_runtime_init/runtime_init.c.obj
                0x1000100c                runtime_init_post_clock_resets
 .text.runtime_init_rp2040_gpio_ie_disable
                0x1000102c       0x14 CMakeFiles/Mgs_project_CICD_TDD.dir/C_/pico-sdk/src/rp2_common/pico_runtime_init/runtime_init.c.obj
                0x1000102c                runtime_init_rp2040_gpio_ie_disable
 .text.runtime_init_spin_locks_reset
                0x10001040        0x8 CMakeFiles/Mgs_project_CICD_TDD.dir/C_/pico-sdk/src/rp2_common/pico_runtime_init/runtime_init.c.obj
                0x10001040                runtime_init_spin_locks_reset
 .text.runtime_init_install_ram_vector_table
                0x10001048       0xb4 CMakeFiles/Mgs_project_CICD_TDD.dir/C_/pico-sdk/src/rp2_common/pico_runtime_init/runtime_init.c.obj
                0x10001048                runtime_init_install_ram_vector_table
 .text.runtime_init_clocks
                0x100010fc       0xd8 CMakeFiles/Mgs_project_CICD_TDD.dir/C_/pico-sdk/src/rp2_common/pico_runtime_init/runtime_init_clocks.c.obj
                0x100010fc                runtime_init_clocks
 .text          0x100011d4       0x10 CMakeFiles/Mgs_project_CICD_TDD.dir/C_/pico-sdk/src/rp2_common/pico_bit_ops/bit_ops_aeabi.S.obj
 .text.__wrap___aeabi_uidiv
                0x100011e4       0x4c CMakeFiles/Mgs_project_CICD_TDD.dir/C_/pico-sdk/src/rp2_common/pico_divider/divider_hardware.S.obj
                0x100011e4                __wrap___aeabi_uidiv
                0x100011e4                __wrap___aeabi_uidivmod
                0x100011e4                div_u32u32
                0x100011e4                divmod_u32u32
                0x100011ec                divmod_u32u32_unsafe
                0x10001214                divmod_u32u32_savestate
 .text.__aeabi_double_init
                0x10001230       0xa4 CMakeFiles/Mgs_project_CICD_TDD.dir/C_/pico-sdk/src/rp2_common/pico_double/double_init_rom_rp2040.c.obj
                0x10001230                __aeabi_double_init
 .text.double_table_shim_on_use_helper
                0x100012d4       0x2c CMakeFiles/Mgs_project_CICD_TDD.dir/C_/pico-sdk/src/rp2_common/pico_double/double_v1_rom_shim_rp2040.S.obj
                0x100012d4                double_table_shim_on_use_helper
 .text.__aeabi_lmul
                0x10001300       0x32 CMakeFiles/Mgs_project_CICD_TDD.dir/C_/pico-sdk/src/rp2_common/pico_int64_ops/pico_int64_ops_aeabi.S.obj
                0x10001300                __wrap___aeabi_lmul
 *fill*         0x10001332        0x2 
 .text.__aeabi_float_init
                0x10001334       0x64 CMakeFiles/Mgs_project_CICD_TDD.dir/C_/pico-sdk/src/rp2_common/pico_float/float_init_rom_rp2040.c.obj
                0x10001334                __aeabi_float_init
 .text.float_table_shim_on_use_helper
                0x10001398       0x2c CMakeFiles/Mgs_project_CICD_TDD.dir/C_/pico-sdk/src/rp2_common/pico_float/float_v1_rom_shim_rp2040.S.obj
                0x10001398                float_table_shim_on_use_helper
 .text          0x100013c4       0x10 CMakeFiles/Mgs_project_CICD_TDD.dir/C_/pico-sdk/src/rp2_common/pico_mem_ops/mem_ops_aeabi.S.obj
                0x100013c4                __aeabi_mem_init
 .text.memcpy   0x100013d4        0xc CMakeFiles/Mgs_project_CICD_TDD.dir/C_/pico-sdk/src/rp2_common/pico_mem_ops/mem_ops_aeabi.S.obj
                0x100013d4                __wrap_memcpy
                0x100013d4                __wrap___aeabi_memcpy
 .text._out_char
                0x100013e0       0x10 CMakeFiles/Mgs_project_CICD_TDD.dir/C_/pico-sdk/src/rp2_common/pico_printf/printf.c.obj
 .text.weak_raw_vprintf
                0x100013f0       0x30 CMakeFiles/Mgs_project_CICD_TDD.dir/C_/pico-sdk/src/rp2_common/pico_printf/printf.c.obj
                0x100013f0                weak_raw_vprintf
 .text._exit    0x10001420        0x4 CMakeFiles/Mgs_project_CICD_TDD.dir/C_/pico-sdk/src/rp2_common/pico_clib_interface/newlib_interface.c.obj
                0x10001420                _exit
 .text.exit     0x10001424        0x8 CMakeFiles/Mgs_project_CICD_TDD.dir/C_/pico-sdk/src/rp2_common/pico_clib_interface/newlib_interface.c.obj
                0x10001424                exit
 .text.runtime_init
                0x1000142c       0x2c CMakeFiles/Mgs_project_CICD_TDD.dir/C_/pico-sdk/src/rp2_common/pico_clib_interface/newlib_interface.c.obj
                0x1000142c                runtime_init
 .text.stdio_out_chars_no_crlf
                0x10001458       0x10 CMakeFiles/Mgs_project_CICD_TDD.dir/C_/pico-sdk/src/rp2_common/pico_stdio/stdio.c.obj
 .text.stdio_out_chars_crlf
                0x10001468       0xb0 CMakeFiles/Mgs_project_CICD_TDD.dir/C_/pico-sdk/src/rp2_common/pico_stdio/stdio.c.obj
 .text.stdio_put_string
                0x10001518       0xfc CMakeFiles/Mgs_project_CICD_TDD.dir/C_/pico-sdk/src/rp2_common/pico_stdio/stdio.c.obj
                0x10001518                stdio_put_string
 .text.__wrap_putchar
                0x10001614       0x94 CMakeFiles/Mgs_project_CICD_TDD.dir/C_/pico-sdk/src/rp2_common/pico_stdio/stdio.c.obj
                0x10001614                __wrap_putchar
                0x10001614                stdio_putchar
 .text.__wrap_puts
                0x100016a8       0x3c CMakeFiles/Mgs_project_CICD_TDD.dir/C_/pico-sdk/src/rp2_common/pico_stdio/stdio.c.obj
                0x100016a8                stdio_puts
                0x100016a8                __wrap_puts
 .text.strlen   0x100016e4       0x5c C:/gccarm/14_3/bin/../lib/gcc/arm-none-eabi/14.3.1/../../../../arm-none-eabi/lib/thumb/v6-m/nofp\libg.a(libc_a-strlen-stub.o)
                0x100016e4                strlen
 *(.fini)
 .fini          0x10001740        0x4 C:/gccarm/14_3/bin/../lib/gcc/arm-none-eabi/14.3.1/thumb/v6-m/nofp/crti.o
                0x10001740                _fini
 *fill*         0x10001744        0x4 
 .fini.__stub   0x10001748       0x30 linker stubs
 *crtbegin.o(.ctors)
 *crtbegin?.o(.ctors)
 *(EXCLUDE_FILE(*crtend.o *crtend?.o) .ctors)
 *(SORT_BY_NAME(.ctors.*))
 *(.ctors)
 *crtbegin.o(.dtors)
 *crtbegin?.o(.dtors)
 *(EXCLUDE_FILE(*crtend.o *crtend?.o) .dtors)
 *(SORT_BY_NAME(.dtors.*))
 *(.dtors)
                0x10001778                        . = ALIGN (0x4)
                0x10001778                        PROVIDE (__preinit_array_start = .)
 *(SORT_BY_NAME(.preinit_array.*))
 .preinit_array.00100
                0x10001778        0x4 CMakeFiles/Mgs_project_CICD_TDD.dir/C_/pico-sdk/src/rp2_common/pico_runtime_init/runtime_init.c.obj
                0x10001778                __pre_init_runtime_init_early_resets
 .preinit_array.00101
                0x1000177c        0x4 CMakeFiles/Mgs_project_CICD_TDD.dir/C_/pico-sdk/src/rp2_common/pico_runtime_init/runtime_init.c.obj
                0x1000177c                __pre_init_runtime_init_usb_power_down
 .preinit_array.00275
                0x10001780        0x4 CMakeFiles/Mgs_project_CICD_TDD.dir/C_/pico-sdk/src/rp2_common/pico_bit_ops/bit_ops_aeabi.S.obj
 .preinit_array.00300
                0x10001784        0x4 CMakeFiles/Mgs_project_CICD_TDD.dir/C_/pico-sdk/src/rp2_common/pico_mem_ops/mem_ops_aeabi.S.obj
 .preinit_array.00350
                0x10001788        0x4 CMakeFiles/Mgs_project_CICD_TDD.dir/C_/pico-sdk/src/rp2_common/pico_double/double_aeabi_rp2040.S.obj
 .preinit_array.00350
                0x1000178c        0x4 CMakeFiles/Mgs_project_CICD_TDD.dir/C_/pico-sdk/src/rp2_common/pico_float/float_aeabi_rp2040.S.obj
 .preinit_array.00500
                0x10001790        0x4 CMakeFiles/Mgs_project_CICD_TDD.dir/C_/pico-sdk/src/rp2_common/pico_runtime_init/runtime_init.c.obj
                0x10001790                __pre_init_runtime_init_clocks
 .preinit_array.00600
                0x10001794        0x4 CMakeFiles/Mgs_project_CICD_TDD.dir/C_/pico-sdk/src/rp2_common/pico_runtime_init/runtime_init.c.obj
                0x10001794                __pre_init_runtime_init_post_clock_resets
 .preinit_array.00700
                0x10001798        0x4 CMakeFiles/Mgs_project_CICD_TDD.dir/C_/pico-sdk/src/rp2_common/pico_runtime_init/runtime_init.c.obj
                0x10001798                __pre_init_runtime_init_rp2040_gpio_ie_disable
 .preinit_array.01000
                0x1000179c        0x4 CMakeFiles/Mgs_project_CICD_TDD.dir/C_/pico-sdk/src/rp2_common/pico_runtime_init/runtime_init.c.obj
                0x1000179c                __pre_init_runtime_init_spin_locks_reset
 .preinit_array.01100
                0x100017a0        0x4 CMakeFiles/Mgs_project_CICD_TDD.dir/C_/pico-sdk/src/common/pico_sync/mutex.c.obj
                0x100017a0                __pre_init_runtime_init_mutex
 .preinit_array.10080
                0x100017a4        0x4 CMakeFiles/Mgs_project_CICD_TDD.dir/C_/pico-sdk/src/rp2_common/pico_runtime_init/runtime_init.c.obj
                0x100017a4                __pre_init_runtime_init_install_ram_vector_table
 .preinit_array.11000
                0x100017a8        0x4 CMakeFiles/Mgs_project_CICD_TDD.dir/C_/pico-sdk/src/common/pico_time/time.c.obj
                0x100017a8                __pre_init_runtime_init_default_alarm_pool
 .preinit_array.YYYYY
                0x100017ac        0x4 CMakeFiles/Mgs_project_CICD_TDD.dir/C_/pico-sdk/src/rp2_common/pico_runtime/runtime.c.obj
                0x100017ac                __pre_init_first_per_core_initializer
 .preinit_array.ZZZZZ.01200
                0x100017b0        0x4 CMakeFiles/Mgs_project_CICD_TDD.dir/C_/pico-sdk/src/rp2_common/hardware_irq/irq.c.obj
                0x100017b0                __pre_init_runtime_init_per_core_irq_priorities
 *(.preinit_array)
                0x100017b4                        PROVIDE (__preinit_array_end = .)
                0x100017b4                        . = ALIGN (0x4)
                0x100017b4                        PROVIDE (__init_array_start = .)
 *(SORT_BY_NAME(.init_array.*))
 *(.init_array)
 .init_array    0x100017b4        0x4 C:/gccarm/14_3/bin/../lib/gcc/arm-none-eabi/14.3.1/thumb/v6-m/nofp/crtbegin.o
                0x100017b8                        PROVIDE (__init_array_end = .)
                0x100017b8                        . = ALIGN (0x4)
                [!provide]                        PROVIDE (__fini_array_start = .)
 *(SORT_BY_NAME(.fini_array.*))
 *(.fini_array)
                [!provide]                        PROVIDE (__fini_array_end = .)
 *(.eh_frame*)
 .eh_frame      0x100017b8        0x0 C:/gccarm/14_3/bin/../lib/gcc/arm-none-eabi/14.3.1/thumb/v6-m/nofp/crtbegin.o
                0x100017b8                        . = ALIGN (0x4)

.glue_7         0x100017b8        0x0
 .glue_7        0x100017b8        0x0 linker stubs

.glue_7t        0x100017b8        0x0
 .glue_7t       0x100017b8        0x0 linker stubs

.vfp11_veneer   0x100017b8        0x0
 .vfp11_veneer  0x100017b8        0x0 linker stubs

.v4_bx          0x100017b8        0x0
 .v4_bx         0x100017b8        0x0 linker stubs

.iplt           0x100017b8        0x0
 .iplt          0x100017b8        0x0 C:/gccarm/14_3/bin/../lib/gcc/arm-none-eabi/14.3.1/thumb/v6-m/nofp/crtbegin.o

.rodata         0x100017b8       0xe8
 *(EXCLUDE_FILE(*libm.a: *libc.a:*lib_a-mem*.o *libgcc.a:) .rodata*)
 .rodata.panic.str1.4
                0x100017b8       0x90 CMakeFiles/Mgs_project_CICD_TDD.dir/C_/pico-sdk/src/rp2_common/pico_platform_panic/panic.c.obj
                                 0x12 (size before relaxing)
 .rodata.timer_hardware_alarm_claim.str1.4
                0x10001848       0x22 CMakeFiles/Mgs_project_CICD_TDD.dir/C_/pico-sdk/src/rp2_common/hardware_timer/timer.c.obj
 .rodata.hard_assertion_failure.str1.4
                0x10001848        0xc CMakeFiles/Mgs_project_CICD_TDD.dir/C_/pico-sdk/src/rp2_common/pico_runtime/runtime.c.obj
 .rodata.str1.4
                0x10001848       0x4c CMakeFiles/Mgs_project_CICD_TDD.dir/C_/pico-sdk/src/rp2_common/pico_standard_binary_info/standard_binary_info.c.obj
 .rodata.__bi_84
                0x10001848        0xc CMakeFiles/Mgs_project_CICD_TDD.dir/C_/pico-sdk/src/rp2_common/pico_standard_binary_info/standard_binary_info.c.obj
 .rodata.__bi_78
                0x10001854        0xc CMakeFiles/Mgs_project_CICD_TDD.dir/C_/pico-sdk/src/rp2_common/pico_standard_binary_info/standard_binary_info.c.obj
 .rodata.__bi_54
                0x10001860        0xc CMakeFiles/Mgs_project_CICD_TDD.dir/C_/pico-sdk/src/rp2_common/pico_standard_binary_info/standard_binary_info.c.obj
 .rodata.__bi_48
                0x1000186c        0xc CMakeFiles/Mgs_project_CICD_TDD.dir/C_/pico-sdk/src/rp2_common/pico_standard_binary_info/standard_binary_info.c.obj
 .rodata.__bi_42
                0x10001878        0xc CMakeFiles/Mgs_project_CICD_TDD.dir/C_/pico-sdk/src/rp2_common/pico_standard_binary_info/standard_binary_info.c.obj
 .rodata.__bi_34
                0x10001884        0xc CMakeFiles/Mgs_project_CICD_TDD.dir/C_/pico-sdk/src/rp2_common/pico_standard_binary_info/standard_binary_info.c.obj
 .rodata.__bi_26
                0x10001890        0xc CMakeFiles/Mgs_project_CICD_TDD.dir/C_/pico-sdk/src/rp2_common/pico_standard_binary_info/standard_binary_info.c.obj
 .rodata.crlf_str.0
                0x1000189c        0x2 CMakeFiles/Mgs_project_CICD_TDD.dir/C_/pico-sdk/src/rp2_common/pico_stdio/stdio.c.obj
                0x100018a0                        . = ALIGN (0x4)
 *fill*         0x1000189e        0x2 
 *(SORT_BY_ALIGNMENT(SORT_BY_NAME(.flashdata*)))
                0x100018a0                        . = ALIGN (0x4)

.ARM.extab
 *(.ARM.extab* .gnu.linkonce.armextab.*)
                0x100018a0                        __exidx_start = .

.ARM.exidx
 *(.ARM.exidx* .gnu.linkonce.armexidx.*)
                0x100018a0                        __exidx_end = .
                0x100018a0                        . = ALIGN (0x4)
                0x100018a0                        __binary_info_start = .

.binary_info    0x100018a0       0x1c
 *(.binary_info.keep.*)
 .binary_info.keep.__bi_ptr84
                0x100018a0        0x4 CMakeFiles/Mgs_project_CICD_TDD.dir/C_/pico-sdk/src/rp2_common/pico_standard_binary_info/standard_binary_info.c.obj
 .binary_info.keep.__bi_ptr78
                0x100018a4        0x4 CMakeFiles/Mgs_project_CICD_TDD.dir/C_/pico-sdk/src/rp2_common/pico_standard_binary_info/standard_binary_info.c.obj
 .binary_info.keep.__bi_ptr54
                0x100018a8        0x4 CMakeFiles/Mgs_project_CICD_TDD.dir/C_/pico-sdk/src/rp2_common/pico_standard_binary_info/standard_binary_info.c.obj
 .binary_info.keep.__bi_ptr48
                0x100018ac        0x4 CMakeFiles/Mgs_project_CICD_TDD.dir/C_/pico-sdk/src/rp2_common/pico_standard_binary_info/standard_binary_info.c.obj
 .binary_info.keep.__bi_ptr42
                0x100018b0        0x4 CMakeFiles/Mgs_project_CICD_TDD.dir/C_/pico-sdk/src/rp2_common/pico_standard_binary_info/standard_binary_info.c.obj
 .binary_info.keep.__bi_ptr34
                0x100018b4        0x4 CMakeFiles/Mgs_project_CICD_TDD.dir/C_/pico-sdk/src/rp2_common/pico_standard_binary_info/standard_binary_info.c.obj
 .binary_info.keep.__bi_ptr26
                0x100018b8        0x4 CMakeFiles/Mgs_project_CICD_TDD.dir/C_/pico-sdk/src/rp2_common/pico_standard_binary_info/standard_binary_info.c.obj
 *(.binary_info.*)
                0x100018bc                        __binary_info_end = .
                0x100018bc                        . = ALIGN (0x4)

.ram_vector_table
                0x20000000       0xc0
 *(.ram_vector_table)
 .ram_vector_table
                0x20000000       0xc0 CMakeFiles/Mgs_project_CICD_TDD.dir/C_/pico-sdk/src/rp2_common/pico_runtime_init/runtime_init.c.obj
                0x20000000                ram_vector_table

.uninitialized_data
                0x200000c0        0x0
                0x200000c0                        . = ALIGN (0x4)
 *(.uninitialized_data*)

.data           0x200000c0      0x128 load address 0x100018bc
                0x200000c0                        __data_start__ = .
 *(vtable)
 *(.time_critical*)
 .time_critical.mutex_try_enter_block_until
                0x200000c0       0x98 CMakeFiles/Mgs_project_CICD_TDD.dir/C_/pico-sdk/src/common/pico_sync/mutex.c.obj
                0x200000c0                mutex_try_enter_block_until
 .time_critical.mutex_exit
                0x20000158       0x28 CMakeFiles/Mgs_project_CICD_TDD.dir/C_/pico-sdk/src/common/pico_sync/mutex.c.obj
                0x20000158                mutex_exit
 *(.text*)
 .text          0x20000180        0x4 C:/gccarm/14_3/bin/../lib/gcc/arm-none-eabi/14.3.1/thumb/v6-m/nofp\libgcc.a(_dvmd_tls.o)
                0x20000180                __aeabi_idiv0
                0x20000180                __aeabi_ldiv0
 *fill*         0x20000184        0x4 
 .text.__stub   0x20000188       0x10 linker stubs
                0x20000198                        . = ALIGN (0x4)
 *(.rodata*)
                0x20000198                        . = ALIGN (0x4)
 *(.data*)
 .data.striped_spin_lock_num
                0x20000198        0x1 CMakeFiles/Mgs_project_CICD_TDD.dir/C_/pico-sdk/src/rp2_common/hardware_sync/sync.c.obj
 *fill*         0x20000199        0x3 
 .data.default_alarm_pool
                0x2000019c       0x18 CMakeFiles/Mgs_project_CICD_TDD.dir/C_/pico-sdk/src/common/pico_time/time.c.obj
 *fill*         0x200001b4        0xc 
 .data.aeabi_bits_funcs
                0x200001c0       0x10 CMakeFiles/Mgs_project_CICD_TDD.dir/C_/pico-sdk/src/rp2_common/pico_bit_ops/bit_ops_aeabi.S.obj
                0x200001c0                aeabi_bits_funcs
                0x200001d0                aeabi_bits_funcs_end
 .data.aeabi_mem_funcs
                0x200001d0       0x10 CMakeFiles/Mgs_project_CICD_TDD.dir/C_/pico-sdk/src/rp2_common/pico_mem_ops/mem_ops_aeabi.S.obj
                0x200001d0                aeabi_mem_funcs
                0x200001e0                aeabi_mem_funcs_end
                0x200001e0                        . = ALIGN (0x4)
 *(.after_data.*)
                0x200001e0                        . = ALIGN (0x4)
                0x200001e0                        PROVIDE (__mutex_array_start = .)
 *(SORT_BY_NAME(.mutex_array.*))
 *(.mutex_array)
 .mutex_array   0x200001e0        0x8 CMakeFiles/Mgs_project_CICD_TDD.dir/C_/pico-sdk/src/rp2_common/pico_stdio/stdio.c.obj
                0x200001e8                        PROVIDE (__mutex_array_end = .)
                0x200001e8                        . = ALIGN (0x4)
 *(.jcr)
                0x200001e8                        . = ALIGN (0x4)

.tm_clone_table
                0x200001e8        0x0 load address 0x100019e4
 .tm_clone_table
                0x200001e8        0x0 C:/gccarm/14_3/bin/../lib/gcc/arm-none-eabi/14.3.1/thumb/v6-m/nofp/crtbegin.o
 .tm_clone_table
                0x200001e8        0x0 C:/gccarm/14_3/bin/../lib/gcc/arm-none-eabi/14.3.1/thumb/v6-m/nofp/crtend.o

.igot.plt       0x200001e8        0x0 load address 0x100019e4
 .igot.plt      0x200001e8        0x0 C:/gccarm/14_3/bin/../lib/gcc/arm-none-eabi/14.3.1/thumb/v6-m/nofp/crtbegin.o

.tdata          0x200001e8        0x0 load address 0x100019e4
                0x200001e8                        . = ALIGN (0x4)
 *(.tdata .tdata.* .gnu.linkonce.td.*)
                0x200001e8                        __tdata_end = .
                0x200001e8                        PROVIDE (__data_end__ = .)
                0x100018bc                        __etext = LOADADDR (.data)

.tbss           0x200001e8        0x0 load address 0x100019e4
                0x200001e8                        . = ALIGN (0x4)
                0x200001e8                        __bss_start__ = .
                0x200001e8                        __tls_base = .
 *(.tbss .tbss.* .gnu.linkonce.tb.*)
 *(.tcommon)
                0x200001e8                        __tls_end = .

.bss            0x200001e8      0x3e8 load address 0x100019e4
                0x200001e8                        . = ALIGN (0x4)
                0x200001e8                        __tbss_end = .
 *(SORT_BY_ALIGNMENT(SORT_BY_NAME(.bss*)))
 .bss.default_alarm_pool_entries
                0x200001e8      0x180 CMakeFiles/Mgs_project_CICD_TDD.dir/C_/pico-sdk/src/common/pico_time/time.c.obj
 .bss.sd_table  0x20000368      0x100 CMakeFiles/Mgs_project_CICD_TDD.dir/C_/pico-sdk/src/rp2_common/pico_double/double_init_rom_rp2040.c.obj
                0x20000368                sd_table
 .bss.sf_table  0x20000468      0x100 CMakeFiles/Mgs_project_CICD_TDD.dir/C_/pico-sdk/src/rp2_common/pico_float/float_init_rom_rp2040.c.obj
                0x20000468                sf_table
 .bss.claimed   0x20000568        0x1 CMakeFiles/Mgs_project_CICD_TDD.dir/C_/pico-sdk/src/rp2_common/hardware_timer/timer.c.obj
 *fill*         0x20000569        0x3 
 .bss.configured_freq
                0x2000056c       0x28 CMakeFiles/Mgs_project_CICD_TDD.dir/C_/pico-sdk/src/rp2_common/hardware_clocks/clocks.c.obj
 .bss.drivers   0x20000594        0x4 CMakeFiles/Mgs_project_CICD_TDD.dir/C_/pico-sdk/src/rp2_common/pico_stdio/stdio.c.obj
 .bss.filter    0x20000598        0x4 CMakeFiles/Mgs_project_CICD_TDD.dir/C_/pico-sdk/src/rp2_common/pico_stdio/stdio.c.obj
 .bss.lazy_vsnprintf
                0x2000059c        0x4 CMakeFiles/Mgs_project_CICD_TDD.dir/C_/pico-sdk/src/rp2_common/pico_printf/printf.c.obj
 .bss.object.0  0x200005a0       0x18 C:/gccarm/14_3/bin/../lib/gcc/arm-none-eabi/14.3.1/thumb/v6-m/nofp/crtbegin.o
 .bss.pools     0x200005b8       0x10 CMakeFiles/Mgs_project_CICD_TDD.dir/C_/pico-sdk/src/common/pico_time/time.c.obj
 .bss.sf_clz_func
                0x200005c8        0x4 CMakeFiles/Mgs_project_CICD_TDD.dir/C_/pico-sdk/src/rp2_common/pico_double/double_init_rom_rp2040.c.obj
                0x200005c8                sf_clz_func
 .bss.sleep_notifier
                0x200005cc        0x4 CMakeFiles/Mgs_project_CICD_TDD.dir/C_/pico-sdk/src/common/pico_time/time.c.obj
 *(COMMON)
                0x200005d0                        . = ALIGN (0x4)
                0x200005d0                        __bss_end__ = .

.heap           0x200005d0      0x800 load address 0x100019e4
                0x200005d0                        __end__ = .
                0x200005d0                        end = __end__
 *(.heap*)
 .heap          0x200005d0      0x800 CMakeFiles/Mgs_project_CICD_TDD.dir/C_/pico-sdk/src/rp2_common/pico_crt0/crt0.S.obj
                0x20040000                        __HeapLimit = (ORIGIN (RAM) + LENGTH (RAM))

.scratch_x      0x20040000        0x0 load address 0x100019e4
                0x20040000                        __scratch_x_start__ = .
 *(.scratch_x.*)
                0x20040000                        . = ALIGN (0x4)
                0x20040000                        __scratch_x_end__ = .
                0x100019e4                        __scratch_x_source__ = LOADADDR (.scratch_x)

.scratch_y      0x20041000        0x0 load address 0x100019e4
                0x20041000                        __scratch_y_start__ = .
 *(.scratch_y.*)
                0x20041000                        . = ALIGN (0x4)
                0x20041000                        __scratch_y_end__ = .
                0x100019e4                        __scratch_y_source__ = LOADADDR (.scratch_y)

.stack1_dummy
 *(.stack1*)

.stack_dummy    0x20041000      0x800
 *(.stack*)
 .stack         0x20041000      0x800 CMakeFiles/Mgs_project_CICD_TDD.dir/C_/pico-sdk/src/rp2_common/pico_crt0/crt0.S.obj

.rel.dyn        0x20041800        0x0
 .rel.iplt      0x20041800        0x0 C:/gccarm/14_3/bin/../lib/gcc/arm-none-eabi/14.3.1/thumb/v6-m/nofp/crtbegin.o

.flash_end      0x100019e4        0x0
 *(.embedded_end_block*)
                0x100019e4                        PROVIDE (__flash_binary_end = .)
                0x20040000                        __StackLimit = (ORIGIN (RAM) + LENGTH (RAM))
                0x20041000                        __StackOneTop = (ORIGIN (SCRATCH_X) + LENGTH (SCRATCH_X))
                0x20042000                        __StackTop = (ORIGIN (SCRATCH_Y) + LENGTH (SCRATCH_Y))
                0x20041000                        __StackOneBottom = (__StackOneTop - SIZEOF (.stack1_dummy))
                0x20041800                        __StackBottom = (__StackTop - SIZEOF (.stack_dummy))
                0x20042000                        PROVIDE (__stack = __StackTop)
                [!provide]                        PROVIDE (__heap_start = __end__)
                [!provide]                        PROVIDE (__heap_end = __HeapLimit)
                [!provide]                        PROVIDE (__tls_align = MAX (ALIGNOF (.tdata), ALIGNOF (.tbss)))
                [!provide]                        PROVIDE (__tls_size_align = (((__tls_size + __tls_align) - 0x1) & ~ ((__tls_align - 0x1))))
                [!provide]                        PROVIDE (__arm32_tls_tcb_offset = MAX (0x8, __tls_align))
                [!provide]                        PROVIDE (_end = __end__)
                [!provide]                        PROVIDE (__llvm_libc_heap_limit = __HeapLimit)
                0x00000001                        ASSERT ((__StackLimit >= __HeapLimit), region RAM overflowed)
                0x00000001                        ASSERT (((__binary_info_header_end - __logical_binary_start) <= 0x100), Binary info must be in first 256 bytes of the binary)
LOAD CMakeFiles/Mgs_project_CICD_TDD.dir/src/blink.c.obj
LOAD CMakeFiles/Mgs_project_CICD_TDD.dir/C_/pico-sdk/src/rp2_common/pico_stdlib/stdlib.c.obj
LOAD CMakeFiles/Mgs_project_CICD_TDD.dir/C_/pico-sdk/src/rp2_common/hardware_gpio/gpio.c.obj
LOAD CMakeFiles/Mgs_project_CICD_TDD.dir/C_/pico-sdk/src/rp2040/pico_platform/platform.c.obj
LOAD CMakeFiles/Mgs_project_CICD_TDD.dir/C_/pico-sdk/src/rp2_common/pico_platform_common/common.c.obj
LOAD CMakeFiles/Mgs_project_CICD_TDD.dir/C_/pico-sdk/src/rp2_common/pico_platform_panic/panic.c.obj
LOAD CMakeFiles/Mgs_project_CICD_TDD.dir/C_/pico-sdk/src/common/hardware_claim/claim.c.obj
LOAD CMakeFiles/Mgs_project_CICD_TDD.dir/C_/pico-sdk/src/rp2_common/hardware_sync/sync.c.obj
LOAD CMakeFiles/Mgs_project_CICD_TDD.dir/C_/pico-sdk/src/rp2_common/hardware_sync_spin_lock/sync_spin_lock.c.obj
LOAD CMakeFiles/Mgs_project_CICD_TDD.dir/C_/pico-sdk/src/rp2_common/hardware_irq/irq.c.obj
LOAD CMakeFiles/Mgs_project_CICD_TDD.dir/C_/pico-sdk/src/rp2_common/hardware_irq/irq_handler_chain.S.obj
LOAD CMakeFiles/Mgs_project_CICD_TDD.dir/C_/pico-sdk/src/common/pico_sync/sem.c.obj
LOAD CMakeFiles/Mgs_project_CICD_TDD.dir/C_/pico-sdk/src/common/pico_sync/lock_core.c.obj
LOAD CMakeFiles/Mgs_project_CICD_TDD.dir/C_/pico-sdk/src/common/pico_sync/mutex.c.obj
LOAD CMakeFiles/Mgs_project_CICD_TDD.dir/C_/pico-sdk/src/common/pico_sync/critical_section.c.obj
LOAD CMakeFiles/Mgs_project_CICD_TDD.dir/C_/pico-sdk/src/common/pico_time/time.c.obj
LOAD CMakeFiles/Mgs_project_CICD_TDD.dir/C_/pico-sdk/src/common/pico_time/timeout_helper.c.obj
LOAD CMakeFiles/Mgs_project_CICD_TDD.dir/C_/pico-sdk/src/rp2_common/hardware_timer/timer.c.obj
LOAD CMakeFiles/Mgs_project_CICD_TDD.dir/C_/pico-sdk/src/common/pico_util/datetime.c.obj
LOAD CMakeFiles/Mgs_project_CICD_TDD.dir/C_/pico-sdk/src/common/pico_util/pheap.c.obj
LOAD CMakeFiles/Mgs_project_CICD_TDD.dir/C_/pico-sdk/src/common/pico_util/queue.c.obj
LOAD CMakeFiles/Mgs_project_CICD_TDD.dir/C_/pico-sdk/src/rp2_common/hardware_uart/uart.c.obj
LOAD CMakeFiles/Mgs_project_CICD_TDD.dir/C_/pico-sdk/src/rp2_common/hardware_clocks/clocks.c.obj
LOAD CMakeFiles/Mgs_project_CICD_TDD.dir/C_/pico-sdk/src/rp2_common/hardware_pll/pll.c.obj
LOAD CMakeFiles/Mgs_project_CICD_TDD.dir/C_/pico-sdk/src/rp2_common/hardware_vreg/vreg.c.obj
LOAD CMakeFiles/Mgs_project_CICD_TDD.dir/C_/pico-sdk/src/rp2_common/hardware_watchdog/watchdog.c.obj
LOAD CMakeFiles/Mgs_project_CICD_TDD.dir/C_/pico-sdk/src/rp2_common/hardware_ticks/ticks.c.obj
LOAD CMakeFiles/Mgs_project_CICD_TDD.dir/C_/pico-sdk/src/rp2_common/pico_bootrom/bootrom.c.obj
LOAD CMakeFiles/Mgs_project_CICD_TDD.dir/C_/pico-sdk/src/rp2_common/pico_bootrom/bootrom_lock.c.obj
LOAD CMakeFiles/Mgs_project_CICD_TDD.dir/C_/pico-sdk/src/rp2_common/hardware_boot_lock/boot_lock.c.obj
LOAD CMakeFiles/Mgs_project_CICD_TDD.dir/C_/pico-sdk/src/rp2_common/pico_flash/flash.c.obj
LOAD CMakeFiles/Mgs_project_CICD_TDD.dir/C_/pico-sdk/src/rp2_common/hardware_xosc/xosc.c.obj
LOAD CMakeFiles/Mgs_project_CICD_TDD.dir/C_/pico-sdk/src/rp2_common/hardware_divider/divider.S.obj
LOAD CMakeFiles/Mgs_project_CICD_TDD.dir/C_/pico-sdk/src/rp2_common/pico_runtime/runtime.c.obj
LOAD CMakeFiles/Mgs_project_CICD_TDD.dir/C_/pico-sdk/src/rp2_common/pico_runtime_init/runtime_init.c.obj
LOAD CMakeFiles/Mgs_project_CICD_TDD.dir/C_/pico-sdk/src/rp2_common/pico_runtime_init/runtime_init_clocks.c.obj
LOAD CMakeFiles/Mgs_project_CICD_TDD.dir/C_/pico-sdk/src/rp2_common/pico_runtime_init/runtime_init_stack_guard.c.obj
LOAD CMakeFiles/Mgs_project_CICD_TDD.dir/C_/pico-sdk/src/rp2_common/pico_bit_ops/bit_ops_aeabi.S.obj
LOAD CMakeFiles/Mgs_project_CICD_TDD.dir/C_/pico-sdk/src/rp2_common/pico_divider/divider_hardware.S.obj
LOAD CMakeFiles/Mgs_project_CICD_TDD.dir/C_/pico-sdk/src/rp2_common/pico_double/double_aeabi_rp2040.S.obj
LOAD CMakeFiles/Mgs_project_CICD_TDD.dir/C_/pico-sdk/src/rp2_common/pico_double/double_init_rom_rp2040.c.obj
LOAD CMakeFiles/Mgs_project_CICD_TDD.dir/C_/pico-sdk/src/rp2_common/pico_double/double_math.c.obj
LOAD CMakeFiles/Mgs_project_CICD_TDD.dir/C_/pico-sdk/src/rp2_common/pico_double/double_v1_rom_shim_rp2040.S.obj
LOAD CMakeFiles/Mgs_project_CICD_TDD.dir/C_/pico-sdk/src/rp2_common/pico_int64_ops/pico_int64_ops_aeabi.S.obj
LOAD CMakeFiles/Mgs_project_CICD_TDD.dir/C_/pico-sdk/src/rp2_common/pico_float/float_aeabi_rp2040.S.obj
LOAD CMakeFiles/Mgs_project_CICD_TDD.dir/C_/pico-sdk/src/rp2_common/pico_float/float_init_rom_rp2040.c.obj
LOAD CMakeFiles/Mgs_project_CICD_TDD.dir/C_/pico-sdk/src/rp2_common/pico_float/float_math.c.obj
LOAD CMakeFiles/Mgs_project_CICD_TDD.dir/C_/pico-sdk/src/rp2_common/pico_float/float_v1_rom_shim_rp2040.S.obj
LOAD CMakeFiles/Mgs_project_CICD_TDD.dir/C_/pico-sdk/src/rp2_common/pico_malloc/malloc.c.obj
LOAD CMakeFiles/Mgs_project_CICD_TDD.dir/C_/pico-sdk/src/rp2_common/pico_mem_ops/mem_ops_aeabi.S.obj
LOAD CMakeFiles/Mgs_project_CICD_TDD.dir/C_/pico-sdk/src/rp2_common/pico_atomic/atomic.c.obj
LOAD CMakeFiles/Mgs_project_CICD_TDD.dir/C_/pico-sdk/src/rp2_common/pico_cxx_options/new_delete.cpp.obj
LOAD CMakeFiles/Mgs_project_CICD_TDD.dir/C_/pico-sdk/src/rp2_common/pico_standard_binary_info/standard_binary_info.c.obj
LOAD CMakeFiles/Mgs_project_CICD_TDD.dir/C_/pico-sdk/src/rp2_common/pico_printf/printf.c.obj
LOAD CMakeFiles/Mgs_project_CICD_TDD.dir/C_/pico-sdk/src/rp2_common/pico_crt0/crt0.S.obj
LOAD CMakeFiles/Mgs_project_CICD_TDD.dir/C_/pico-sdk/src/rp2_common/pico_clib_interface/newlib_interface.c.obj
LOAD CMakeFiles/Mgs_project_CICD_TDD.dir/C_/pico-sdk/src/rp2_common/pico_stdio/stdio.c.obj
LOAD CMakeFiles/Mgs_project_CICD_TDD.dir/C_/pico-sdk/src/rp2_common/pico_stdio_uart/stdio_uart.c.obj
LOAD pico-sdk/src/rp2040/boot_stage2/CMakeFiles/bs2_default_library.dir/./bs2_default_padded_checksummed.S.obj
LOAD C:/gccarm/14_3/bin/../lib/gcc/arm-none-eabi/14.3.1/../../../../arm-none-eabi/lib/thumb/v6-m/nofp\libstdc++.a
LOAD C:/gccarm/14_3/bin/../lib/gcc/arm-none-eabi/14.3.1/../../../../arm-none-eabi/lib/thumb/v6-m/nofp\libm.a
START GROUP
LOAD C:/gccarm/14_3/bin/../lib/gcc/arm-none-eabi/14.3.1/thumb/v6-m/nofp\libgcc.a
LOAD C:/gccarm/14_3/bin/../lib/gcc/arm-none-eabi/14.3.1/../../../../arm-none-eabi/lib/thumb/v6-m/nofp\libg.a
LOAD C:/gccarm/14_3/bin/../lib/gcc/arm-none-eabi/14.3.1/../../../../arm-none-eabi/lib/thumb/v6-m/nofp\libc.a
END GROUP
START GROUP
LOAD C:/gccarm/14_3/bin/../lib/gcc/arm-none-eabi/14.3.1/thumb/v6-m/nofp\libgcc.a
LOAD C:/gccarm/14_3/bin/../lib/gcc/arm-none-eabi/14.3.1/../../../../arm-none-eabi/lib/thumb/v6-m/nofp\libc.a
LOAD C:/gccarm/14_3/bin/../lib/gcc/arm-none-eabi/14.3.1/../../../../arm-none-eabi/lib/thumb/v6-m/nofp\libnosys.a
END GROUP
LOAD C:/gccarm/14_3/bin/../lib/gcc/arm-none-eabi/14.3.1/thumb/v6-m/nofp/crtend.o
LOAD C:/gccarm/14_3/bin/../lib/gcc/arm-none-eabi/14.3.1/thumb/v6-m/nofp/crtn.o
OUTPUT(Mgs_project_CICD_TDD.elf elf32-littlearm)
LOAD linker stubs

.ARM.attributes
                0x00000000       0x28
 .ARM.attributes
                0x00000000       0x1e C:/gccarm/14_3/bin/../lib/gcc/arm-none-eabi/14.3.1/thumb/v6-m/nofp/crti.o
 .ARM.attributes
                0x0000001e       0x2c C:/gccarm/14_3/bin/../lib/gcc/arm-none-eabi/14.3.1/thumb/v6-m/nofp/crtbegin.o
 .ARM.attributes
                0x0000004a       0x2c CMakeFiles/Mgs_project_CICD_TDD.dir/src/blink.c.obj
 .ARM.attributes
                0x00000076       0x2c CMakeFiles/Mgs_project_CICD_TDD.dir/C_/pico-sdk/src/rp2_common/hardware_gpio/gpio.c.obj
 .ARM.attributes
                0x000000a2       0x2c CMakeFiles/Mgs_project_CICD_TDD.dir/C_/pico-sdk/src/rp2_common/pico_platform_panic/panic.c.obj
 .ARM.attributes
                0x000000ce       0x2c CMakeFiles/Mgs_project_CICD_TDD.dir/C_/pico-sdk/src/common/hardware_claim/claim.c.obj
 .ARM.attributes
                0x000000fa       0x2c CMakeFiles/Mgs_project_CICD_TDD.dir/C_/pico-sdk/src/rp2_common/hardware_sync/sync.c.obj
 .ARM.attributes
                0x00000126       0x2c CMakeFiles/Mgs_project_CICD_TDD.dir/C_/pico-sdk/src/rp2_common/hardware_sync_spin_lock/sync_spin_lock.c.obj
 .ARM.attributes
                0x00000152       0x2c CMakeFiles/Mgs_project_CICD_TDD.dir/C_/pico-sdk/src/rp2_common/hardware_irq/irq.c.obj
 .ARM.attributes
                0x0000017e       0x2c CMakeFiles/Mgs_project_CICD_TDD.dir/C_/pico-sdk/src/common/pico_sync/lock_core.c.obj
 .ARM.attributes
                0x000001aa       0x2c CMakeFiles/Mgs_project_CICD_TDD.dir/C_/pico-sdk/src/common/pico_sync/mutex.c.obj
 .ARM.attributes
                0x000001d6       0x2c CMakeFiles/Mgs_project_CICD_TDD.dir/C_/pico-sdk/src/common/pico_time/time.c.obj
 .ARM.attributes
                0x00000202       0x2c CMakeFiles/Mgs_project_CICD_TDD.dir/C_/pico-sdk/src/rp2_common/hardware_timer/timer.c.obj
 .ARM.attributes
                0x0000022e       0x2c CMakeFiles/Mgs_project_CICD_TDD.dir/C_/pico-sdk/src/rp2_common/hardware_clocks/clocks.c.obj
 .ARM.attributes
                0x0000025a       0x2c CMakeFiles/Mgs_project_CICD_TDD.dir/C_/pico-sdk/src/rp2_common/hardware_pll/pll.c.obj
 .ARM.attributes
                0x00000286       0x2c CMakeFiles/Mgs_project_CICD_TDD.dir/C_/pico-sdk/src/rp2_common/hardware_ticks/ticks.c.obj
 .ARM.attributes
                0x000002b2       0x2c CMakeFiles/Mgs_project_CICD_TDD.dir/C_/pico-sdk/src/rp2_common/pico_bootrom/bootrom.c.obj
 .ARM.attributes
                0x000002de       0x2c CMakeFiles/Mgs_project_CICD_TDD.dir/C_/pico-sdk/src/rp2_common/hardware_xosc/xosc.c.obj
 .ARM.attributes
                0x0000030a       0x2c CMakeFiles/Mgs_project_CICD_TDD.dir/C_/pico-sdk/src/rp2_common/pico_runtime/runtime.c.obj
 .ARM.attributes
                0x00000336       0x2c CMakeFiles/Mgs_project_CICD_TDD.dir/C_/pico-sdk/src/rp2_common/pico_runtime_init/runtime_init.c.obj
 .ARM.attributes
                0x00000362       0x2c CMakeFiles/Mgs_project_CICD_TDD.dir/C_/pico-sdk/src/rp2_common/pico_runtime_init/runtime_init_clocks.c.obj
 .ARM.attributes
                0x0000038e       0x22 CMakeFiles/Mgs_project_CICD_TDD.dir/C_/pico-sdk/src/rp2_common/pico_bit_ops/bit_ops_aeabi.S.obj
 .ARM.attributes
                0x000003b0       0x22 CMakeFiles/Mgs_project_CICD_TDD.dir/C_/pico-sdk/src/rp2_common/pico_divider/divider_hardware.S.obj
 .ARM.attributes
                0x000003d2       0x22 CMakeFiles/Mgs_project_CICD_TDD.dir/C_/pico-sdk/src/rp2_common/pico_double/double_aeabi_rp2040.S.obj
 .ARM.attributes
                0x000003f4       0x2c CMakeFiles/Mgs_project_CICD_TDD.dir/C_/pico-sdk/src/rp2_common/pico_double/double_init_rom_rp2040.c.obj
 .ARM.attributes
                0x00000420       0x22 CMakeFiles/Mgs_project_CICD_TDD.dir/C_/pico-sdk/src/rp2_common/pico_double/double_v1_rom_shim_rp2040.S.obj
 .ARM.attributes
                0x00000442       0x22 CMakeFiles/Mgs_project_CICD_TDD.dir/C_/pico-sdk/src/rp2_common/pico_int64_ops/pico_int64_ops_aeabi.S.obj
 .ARM.attributes
                0x00000464       0x22 CMakeFiles/Mgs_project_CICD_TDD.dir/C_/pico-sdk/src/rp2_common/pico_float/float_aeabi_rp2040.S.obj
 .ARM.attributes
                0x00000486       0x2c CMakeFiles/Mgs_project_CICD_TDD.dir/C_/pico-sdk/src/rp2_common/pico_float/float_init_rom_rp2040.c.obj
 .ARM.attributes
                0x000004b2       0x22 CMakeFiles/Mgs_project_CICD_TDD.dir/C_/pico-sdk/src/rp2_common/pico_float/float_v1_rom_shim_rp2040.S.obj
 .ARM.attributes
                0x000004d4       0x22 CMakeFiles/Mgs_project_CICD_TDD.dir/C_/pico-sdk/src/rp2_common/pico_mem_ops/mem_ops_aeabi.S.obj
 .ARM.attributes
                0x000004f6       0x2c CMakeFiles/Mgs_project_CICD_TDD.dir/C_/pico-sdk/src/rp2_common/pico_standard_binary_info/standard_binary_info.c.obj
 .ARM.attributes
                0x00000522       0x2c CMakeFiles/Mgs_project_CICD_TDD.dir/C_/pico-sdk/src/rp2_common/pico_printf/printf.c.obj
 .ARM.attributes
                0x0000054e       0x22 CMakeFiles/Mgs_project_CICD_TDD.dir/C_/pico-sdk/src/rp2_common/pico_crt0/crt0.S.obj
 .ARM.attributes
                0x00000570       0x2c CMakeFiles/Mgs_project_CICD_TDD.dir/C_/pico-sdk/src/rp2_common/pico_clib_interface/newlib_interface.c.obj
 .ARM.attributes
                0x0000059c       0x2c CMakeFiles/Mgs_project_CICD_TDD.dir/C_/pico-sdk/src/rp2_common/pico_stdio/stdio.c.obj
 .ARM.attributes
                0x000005c8       0x22 pico-sdk/src/rp2040/boot_stage2/CMakeFiles/bs2_default_library.dir/./bs2_default_padded_checksummed.S.obj
 .ARM.attributes
                0x000005ea       0x1e C:/gccarm/14_3/bin/../lib/gcc/arm-none-eabi/14.3.1/thumb/v6-m/nofp\libgcc.a(_dvmd_tls.o)
 .ARM.attributes
                0x00000608       0x2c C:/gccarm/14_3/bin/../lib/gcc/arm-none-eabi/14.3.1/../../../../arm-none-eabi/lib/thumb/v6-m/nofp\libg.a(libc_a-strlen-stub.o)
 .ARM.attributes
                0x00000634       0x2c C:/gccarm/14_3/bin/../lib/gcc/arm-none-eabi/14.3.1/thumb/v6-m/nofp/crtend.o

.comment        0x00000000       0x46
 .comment       0x00000000       0x46 CMakeFiles/Mgs_project_CICD_TDD.dir/src/blink.c.obj
                                 0x47 (size before relaxing)
 .comment       0x00000046       0x47 CMakeFiles/Mgs_project_CICD_TDD.dir/C_/pico-sdk/src/rp2_common/hardware_gpio/gpio.c.obj
 .comment       0x00000046       0x47 CMakeFiles/Mgs_project_CICD_TDD.dir/C_/pico-sdk/src/rp2_common/pico_platform_panic/panic.c.obj
 .comment       0x00000046       0x47 CMakeFiles/Mgs_project_CICD_TDD.dir/C_/pico-sdk/src/common/hardware_claim/claim.c.obj
 .comment       0x00000046       0x47 CMakeFiles/Mgs_project_CICD_TDD.dir/C_/pico-sdk/src/rp2_common/hardware_sync/sync.c.obj
 .comment       0x00000046       0x47 CMakeFiles/Mgs_project_CICD_TDD.dir/C_/pico-sdk/src/rp2_common/hardware_sync_spin_lock/sync_spin_lock.c.obj
 .comment       0x00000046       0x47 CMakeFiles/Mgs_project_CICD_TDD.dir/C_/pico-sdk/src/rp2_common/hardware_irq/irq.c.obj
 .comment       0x00000046       0x47 CMakeFiles/Mgs_project_CICD_TDD.dir/C_/pico-sdk/src/common/pico_sync/lock_core.c.obj
 .comment       0x00000046       0x47 CMakeFiles/Mgs_project_CICD_TDD.dir/C_/pico-sdk/src/common/pico_sync/mutex.c.obj
 .comment       0x00000046       0x47 CMakeFiles/Mgs_project_CICD_TDD.dir/C_/pico-sdk/src/common/pico_time/time.c.obj
 .comment       0x00000046       0x47 CMakeFiles/Mgs_project_CICD_TDD.dir/C_/pico-sdk/src/rp2_common/hardware_timer/timer.c.obj
 .comment       0x00000046       0x47 CMakeFiles/Mgs_project_CICD_TDD.dir/C_/pico-sdk/src/rp2_common/hardware_clocks/clocks.c.obj
 .comment       0x00000046       0x47 CMakeFiles/Mgs_project_CICD_TDD.dir/C_/pico-sdk/src/rp2_common/hardware_pll/pll.c.obj
 .comment       0x00000046       0x47 CMakeFiles/Mgs_project_CICD_TDD.dir/C_/pico-sdk/src/rp2_common/hardware_ticks/ticks.c.obj
 .comment       0x00000046       0x47 CMakeFiles/Mgs_project_CICD_TDD.dir/C_/pico-sdk/src/rp2_common/pico_bootrom/bootrom.c.obj
 .comment       0x00000046       0x47 CMakeFiles/Mgs_project_CICD_TDD.dir/C_/pico-sdk/src/rp2_common/hardware_xosc/xosc.c.obj
 .comment       0x00000046       0x47 CMakeFiles/Mgs_project_CICD_TDD.dir/C_/pico-sdk/src/rp2_common/pico_runtime/runtime.c.obj
 .comment       0x00000046       0x47 CMakeFiles/Mgs_project_CICD_TDD.dir/C_/pico-sdk/src/rp2_common/pico_runtime_init/runtime_init.c.obj
 .comment       0x00000046       0x47 CMakeFiles/Mgs_project_CICD_TDD.dir/C_/pico-sdk/src/rp2_common/pico_runtime_init/runtime_init_clocks.c.obj
 .comment       0x00000046       0x47 CMakeFiles/Mgs_project_CICD_TDD.dir/C_/pico-sdk/src/rp2_common/pico_double/double_init_rom_rp2040.c.obj
 .comment       0x00000046       0x47 CMakeFiles/Mgs_project_CICD_TDD.dir/C_/pico-sdk/src/rp2_common/pico_float/float_init_rom_rp2040.c.obj
 .comment       0x00000046       0x47 CMakeFiles/Mgs_project_CICD_TDD.dir/C_/pico-sdk/src/rp2_common/pico_standard_binary_info/standard_binary_info.c.obj
 .comment       0x00000046       0x47 CMakeFiles/Mgs_project_CICD_TDD.dir/C_/pico-sdk/src/rp2_common/pico_printf/printf.c.obj
 .comment       0x00000046       0x47 CMakeFiles/Mgs_project_CICD_TDD.dir/C_/pico-sdk/src/rp2_common/pico_clib_interface/newlib_interface.c.obj
 .comment       0x00000046       0x47 CMakeFiles/Mgs_project_CICD_TDD.dir/C_/pico-sdk/src/rp2_common/pico_stdio/stdio.c.obj

.debug_info     0x00000000    0x1a397
 .debug_info    0x00000000      0x603 CMakeFiles/Mgs_project_CICD_TDD.dir/src/blink.c.obj
 .debug_info    0x00000603     0x2421 CMakeFiles/Mgs_project_CICD_TDD.dir/C_/pico-sdk/src/rp2_common/hardware_gpio/gpio.c.obj
 .debug_info    0x00002a24      0x1bf CMakeFiles/Mgs_project_CICD_TDD.dir/C_/pico-sdk/src/rp2_common/pico_platform_panic/panic.c.obj
 .debug_info    0x00002be3      0x9a1 CMakeFiles/Mgs_project_CICD_TDD.dir/C_/pico-sdk/src/common/hardware_claim/claim.c.obj
 .debug_info    0x00003584      0x45c CMakeFiles/Mgs_project_CICD_TDD.dir/C_/pico-sdk/src/rp2_common/hardware_sync/sync.c.obj
 .debug_info    0x000039e0      0x245 CMakeFiles/Mgs_project_CICD_TDD.dir/C_/pico-sdk/src/rp2_common/hardware_sync_spin_lock/sync_spin_lock.c.obj
 .debug_info    0x00003c25     0x2233 CMakeFiles/Mgs_project_CICD_TDD.dir/C_/pico-sdk/src/rp2_common/hardware_irq/irq.c.obj
 .debug_info    0x00005e58      0x15f CMakeFiles/Mgs_project_CICD_TDD.dir/C_/pico-sdk/src/common/pico_sync/lock_core.c.obj
 .debug_info    0x00005fb7     0x2815 CMakeFiles/Mgs_project_CICD_TDD.dir/C_/pico-sdk/src/common/pico_sync/mutex.c.obj
 .debug_info    0x000087cc     0x5065 CMakeFiles/Mgs_project_CICD_TDD.dir/C_/pico-sdk/src/common/pico_time/time.c.obj
 .debug_info    0x0000d831     0x2b37 CMakeFiles/Mgs_project_CICD_TDD.dir/C_/pico-sdk/src/rp2_common/hardware_timer/timer.c.obj
 .debug_info    0x00010368     0x2a05 CMakeFiles/Mgs_project_CICD_TDD.dir/C_/pico-sdk/src/rp2_common/hardware_clocks/clocks.c.obj
 .debug_info    0x00012d6d      0x4e5 CMakeFiles/Mgs_project_CICD_TDD.dir/C_/pico-sdk/src/rp2_common/hardware_pll/pll.c.obj
 .debug_info    0x00013252      0x248 CMakeFiles/Mgs_project_CICD_TDD.dir/C_/pico-sdk/src/rp2_common/hardware_ticks/ticks.c.obj
 .debug_info    0x0001349a      0x678 CMakeFiles/Mgs_project_CICD_TDD.dir/C_/pico-sdk/src/rp2_common/pico_bootrom/bootrom.c.obj
 .debug_info    0x00013b12      0x1d0 CMakeFiles/Mgs_project_CICD_TDD.dir/C_/pico-sdk/src/rp2_common/hardware_xosc/xosc.c.obj
 .debug_info    0x00013ce2      0x21a CMakeFiles/Mgs_project_CICD_TDD.dir/C_/pico-sdk/src/rp2_common/pico_runtime/runtime.c.obj
 .debug_info    0x00013efc      0x7ea CMakeFiles/Mgs_project_CICD_TDD.dir/C_/pico-sdk/src/rp2_common/pico_runtime_init/runtime_init.c.obj
 .debug_info    0x000146e6      0x781 CMakeFiles/Mgs_project_CICD_TDD.dir/C_/pico-sdk/src/rp2_common/pico_runtime_init/runtime_init_clocks.c.obj
 .debug_info    0x00014e67       0x23 CMakeFiles/Mgs_project_CICD_TDD.dir/C_/pico-sdk/src/rp2_common/pico_bit_ops/bit_ops_aeabi.S.obj
 .debug_info    0x00014e8a       0x23 CMakeFiles/Mgs_project_CICD_TDD.dir/C_/pico-sdk/src/rp2_common/pico_divider/divider_hardware.S.obj
 .debug_info    0x00014ead       0x23 CMakeFiles/Mgs_project_CICD_TDD.dir/C_/pico-sdk/src/rp2_common/pico_double/double_aeabi_rp2040.S.obj
 .debug_info    0x00014ed0      0x27e CMakeFiles/Mgs_project_CICD_TDD.dir/C_/pico-sdk/src/rp2_common/pico_double/double_init_rom_rp2040.c.obj
 .debug_info    0x0001514e       0x23 CMakeFiles/Mgs_project_CICD_TDD.dir/C_/pico-sdk/src/rp2_common/pico_double/double_v1_rom_shim_rp2040.S.obj
 .debug_info    0x00015171       0x24 CMakeFiles/Mgs_project_CICD_TDD.dir/C_/pico-sdk/src/rp2_common/pico_int64_ops/pico_int64_ops_aeabi.S.obj
 .debug_info    0x00015195       0x23 CMakeFiles/Mgs_project_CICD_TDD.dir/C_/pico-sdk/src/rp2_common/pico_float/float_aeabi_rp2040.S.obj
 .debug_info    0x000151b8      0x27e CMakeFiles/Mgs_project_CICD_TDD.dir/C_/pico-sdk/src/rp2_common/pico_float/float_init_rom_rp2040.c.obj
 .debug_info    0x00015436       0x23 CMakeFiles/Mgs_project_CICD_TDD.dir/C_/pico-sdk/src/rp2_common/pico_float/float_v1_rom_shim_rp2040.S.obj
 .debug_info    0x00015459       0x23 CMakeFiles/Mgs_project_CICD_TDD.dir/C_/pico-sdk/src/rp2_common/pico_mem_ops/mem_ops_aeabi.S.obj
 .debug_info    0x0001547c      0x2b8 CMakeFiles/Mgs_project_CICD_TDD.dir/C_/pico-sdk/src/rp2_common/pico_standard_binary_info/standard_binary_info.c.obj
 .debug_info    0x00015734     0x22f2 CMakeFiles/Mgs_project_CICD_TDD.dir/C_/pico-sdk/src/rp2_common/pico_printf/printf.c.obj
 .debug_info    0x00017a26       0x23 CMakeFiles/Mgs_project_CICD_TDD.dir/C_/pico-sdk/src/rp2_common/pico_crt0/crt0.S.obj
 .debug_info    0x00017a49      0xbbe CMakeFiles/Mgs_project_CICD_TDD.dir/C_/pico-sdk/src/rp2_common/pico_clib_interface/newlib_interface.c.obj
 .debug_info    0x00018607     0x1d90 CMakeFiles/Mgs_project_CICD_TDD.dir/C_/pico-sdk/src/rp2_common/pico_stdio/stdio.c.obj

.debug_abbrev   0x00000000     0x49de
 .debug_abbrev  0x00000000      0x1d1 CMakeFiles/Mgs_project_CICD_TDD.dir/src/blink.c.obj
 .debug_abbrev  0x000001d1      0x4f9 CMakeFiles/Mgs_project_CICD_TDD.dir/C_/pico-sdk/src/rp2_common/hardware_gpio/gpio.c.obj
 .debug_abbrev  0x000006ca      0x12b CMakeFiles/Mgs_project_CICD_TDD.dir/C_/pico-sdk/src/rp2_common/pico_platform_panic/panic.c.obj
 .debug_abbrev  0x000007f5      0x328 CMakeFiles/Mgs_project_CICD_TDD.dir/C_/pico-sdk/src/common/hardware_claim/claim.c.obj
 .debug_abbrev  0x00000b1d      0x20f CMakeFiles/Mgs_project_CICD_TDD.dir/C_/pico-sdk/src/rp2_common/hardware_sync/sync.c.obj
 .debug_abbrev  0x00000d2c      0x1bb CMakeFiles/Mgs_project_CICD_TDD.dir/C_/pico-sdk/src/rp2_common/hardware_sync_spin_lock/sync_spin_lock.c.obj
 .debug_abbrev  0x00000ee7      0x614 CMakeFiles/Mgs_project_CICD_TDD.dir/C_/pico-sdk/src/rp2_common/hardware_irq/irq.c.obj
 .debug_abbrev  0x000014fb       0xee CMakeFiles/Mgs_project_CICD_TDD.dir/C_/pico-sdk/src/common/pico_sync/lock_core.c.obj
 .debug_abbrev  0x000015e9      0x48c CMakeFiles/Mgs_project_CICD_TDD.dir/C_/pico-sdk/src/common/pico_sync/mutex.c.obj
 .debug_abbrev  0x00001a75      0x659 CMakeFiles/Mgs_project_CICD_TDD.dir/C_/pico-sdk/src/common/pico_time/time.c.obj
 .debug_abbrev  0x000020ce      0x4f2 CMakeFiles/Mgs_project_CICD_TDD.dir/C_/pico-sdk/src/rp2_common/hardware_timer/timer.c.obj
 .debug_abbrev  0x000025c0      0x512 CMakeFiles/Mgs_project_CICD_TDD.dir/C_/pico-sdk/src/rp2_common/hardware_clocks/clocks.c.obj
 .debug_abbrev  0x00002ad2      0x1d2 CMakeFiles/Mgs_project_CICD_TDD.dir/C_/pico-sdk/src/rp2_common/hardware_pll/pll.c.obj
 .debug_abbrev  0x00002ca4      0x145 CMakeFiles/Mgs_project_CICD_TDD.dir/C_/pico-sdk/src/rp2_common/hardware_ticks/ticks.c.obj
 .debug_abbrev  0x00002de9      0x1bc CMakeFiles/Mgs_project_CICD_TDD.dir/C_/pico-sdk/src/rp2_common/pico_bootrom/bootrom.c.obj
 .debug_abbrev  0x00002fa5      0x11d CMakeFiles/Mgs_project_CICD_TDD.dir/C_/pico-sdk/src/rp2_common/hardware_xosc/xosc.c.obj
 .debug_abbrev  0x000030c2      0x182 CMakeFiles/Mgs_project_CICD_TDD.dir/C_/pico-sdk/src/rp2_common/pico_runtime/runtime.c.obj
 .debug_abbrev  0x00003244      0x26b CMakeFiles/Mgs_project_CICD_TDD.dir/C_/pico-sdk/src/rp2_common/pico_runtime_init/runtime_init.c.obj
 .debug_abbrev  0x000034af      0x2af CMakeFiles/Mgs_project_CICD_TDD.dir/C_/pico-sdk/src/rp2_common/pico_runtime_init/runtime_init_clocks.c.obj
 .debug_abbrev  0x0000375e       0x12 CMakeFiles/Mgs_project_CICD_TDD.dir/C_/pico-sdk/src/rp2_common/pico_bit_ops/bit_ops_aeabi.S.obj
 .debug_abbrev  0x00003770       0x12 CMakeFiles/Mgs_project_CICD_TDD.dir/C_/pico-sdk/src/rp2_common/pico_divider/divider_hardware.S.obj
 .debug_abbrev  0x00003782       0x12 CMakeFiles/Mgs_project_CICD_TDD.dir/C_/pico-sdk/src/rp2_common/pico_double/double_aeabi_rp2040.S.obj
 .debug_abbrev  0x00003794      0x17a CMakeFiles/Mgs_project_CICD_TDD.dir/C_/pico-sdk/src/rp2_common/pico_double/double_init_rom_rp2040.c.obj
 .debug_abbrev  0x0000390e       0x12 CMakeFiles/Mgs_project_CICD_TDD.dir/C_/pico-sdk/src/rp2_common/pico_double/double_v1_rom_shim_rp2040.S.obj
 .debug_abbrev  0x00003920       0x14 CMakeFiles/Mgs_project_CICD_TDD.dir/C_/pico-sdk/src/rp2_common/pico_int64_ops/pico_int64_ops_aeabi.S.obj
 .debug_abbrev  0x00003934       0x12 CMakeFiles/Mgs_project_CICD_TDD.dir/C_/pico-sdk/src/rp2_common/pico_float/float_aeabi_rp2040.S.obj
 .debug_abbrev  0x00003946      0x173 CMakeFiles/Mgs_project_CICD_TDD.dir/C_/pico-sdk/src/rp2_common/pico_float/float_init_rom_rp2040.c.obj
 .debug_abbrev  0x00003ab9       0x12 CMakeFiles/Mgs_project_CICD_TDD.dir/C_/pico-sdk/src/rp2_common/pico_float/float_v1_rom_shim_rp2040.S.obj
 .debug_abbrev  0x00003acb       0x12 CMakeFiles/Mgs_project_CICD_TDD.dir/C_/pico-sdk/src/rp2_common/pico_mem_ops/mem_ops_aeabi.S.obj
 .debug_abbrev  0x00003add       0xb8 CMakeFiles/Mgs_project_CICD_TDD.dir/C_/pico-sdk/src/rp2_common/pico_standard_binary_info/standard_binary_info.c.obj
 .debug_abbrev  0x00003b95      0x50c CMakeFiles/Mgs_project_CICD_TDD.dir/C_/pico-sdk/src/rp2_common/pico_printf/printf.c.obj
 .debug_abbrev  0x000040a1       0x12 CMakeFiles/Mgs_project_CICD_TDD.dir/C_/pico-sdk/src/rp2_common/pico_crt0/crt0.S.obj
 .debug_abbrev  0x000040b3      0x352 CMakeFiles/Mgs_project_CICD_TDD.dir/C_/pico-sdk/src/rp2_common/pico_clib_interface/newlib_interface.c.obj
 .debug_abbrev  0x00004405      0x5d9 CMakeFiles/Mgs_project_CICD_TDD.dir/C_/pico-sdk/src/rp2_common/pico_stdio/stdio.c.obj

.debug_loclists
                0x00000000     0xfbd3
 .debug_loclists
                0x00000000       0xa8 CMakeFiles/Mgs_project_CICD_TDD.dir/src/blink.c.obj
 .debug_loclists
                0x000000a8     0x1a7f CMakeFiles/Mgs_project_CICD_TDD.dir/C_/pico-sdk/src/rp2_common/hardware_gpio/gpio.c.obj
 .debug_loclists
                0x00001b27      0x349 CMakeFiles/Mgs_project_CICD_TDD.dir/C_/pico-sdk/src/common/hardware_claim/claim.c.obj
 .debug_loclists
                0x00001e70      0x108 CMakeFiles/Mgs_project_CICD_TDD.dir/C_/pico-sdk/src/rp2_common/hardware_sync/sync.c.obj
 .debug_loclists
                0x00001f78       0x7d CMakeFiles/Mgs_project_CICD_TDD.dir/C_/pico-sdk/src/rp2_common/hardware_sync_spin_lock/sync_spin_lock.c.obj
 .debug_loclists
                0x00001ff5     0x11ed CMakeFiles/Mgs_project_CICD_TDD.dir/C_/pico-sdk/src/rp2_common/hardware_irq/irq.c.obj
 .debug_loclists
                0x000031e2       0x41 CMakeFiles/Mgs_project_CICD_TDD.dir/C_/pico-sdk/src/common/pico_sync/lock_core.c.obj
 .debug_loclists
                0x00003223      0xaec CMakeFiles/Mgs_project_CICD_TDD.dir/C_/pico-sdk/src/common/pico_sync/mutex.c.obj
 .debug_loclists
                0x00003d0f     0x27d8 CMakeFiles/Mgs_project_CICD_TDD.dir/C_/pico-sdk/src/common/pico_time/time.c.obj
 .debug_loclists
                0x000064e7     0x19f1 CMakeFiles/Mgs_project_CICD_TDD.dir/C_/pico-sdk/src/rp2_common/hardware_timer/timer.c.obj
 .debug_loclists
                0x00007ed8     0x2b7c CMakeFiles/Mgs_project_CICD_TDD.dir/C_/pico-sdk/src/rp2_common/hardware_clocks/clocks.c.obj
 .debug_loclists
                0x0000aa54      0x1e0 CMakeFiles/Mgs_project_CICD_TDD.dir/C_/pico-sdk/src/rp2_common/hardware_pll/pll.c.obj
 .debug_loclists
                0x0000ac34       0x47 CMakeFiles/Mgs_project_CICD_TDD.dir/C_/pico-sdk/src/rp2_common/hardware_ticks/ticks.c.obj
 .debug_loclists
                0x0000ac7b      0x351 CMakeFiles/Mgs_project_CICD_TDD.dir/C_/pico-sdk/src/rp2_common/pico_bootrom/bootrom.c.obj
 .debug_loclists
                0x0000afcc       0x48 CMakeFiles/Mgs_project_CICD_TDD.dir/C_/pico-sdk/src/rp2_common/hardware_xosc/xosc.c.obj
 .debug_loclists
                0x0000b014       0x7e CMakeFiles/Mgs_project_CICD_TDD.dir/C_/pico-sdk/src/rp2_common/pico_runtime/runtime.c.obj
 .debug_loclists
                0x0000b092      0x139 CMakeFiles/Mgs_project_CICD_TDD.dir/C_/pico-sdk/src/rp2_common/pico_runtime_init/runtime_init.c.obj
 .debug_loclists
                0x0000b1cb       0x74 CMakeFiles/Mgs_project_CICD_TDD.dir/C_/pico-sdk/src/rp2_common/pico_runtime_init/runtime_init_clocks.c.obj
 .debug_loclists
                0x0000b23f       0x3d CMakeFiles/Mgs_project_CICD_TDD.dir/C_/pico-sdk/src/rp2_common/pico_double/double_init_rom_rp2040.c.obj
 .debug_loclists
                0x0000b27c       0x59 CMakeFiles/Mgs_project_CICD_TDD.dir/C_/pico-sdk/src/rp2_common/pico_float/float_init_rom_rp2040.c.obj
 .debug_loclists
                0x0000b2d5     0x355f CMakeFiles/Mgs_project_CICD_TDD.dir/C_/pico-sdk/src/rp2_common/pico_printf/printf.c.obj
 .debug_loclists
                0x0000e834      0x44e CMakeFiles/Mgs_project_CICD_TDD.dir/C_/pico-sdk/src/rp2_common/pico_clib_interface/newlib_interface.c.obj
 .debug_loclists
                0x0000ec82      0xf51 CMakeFiles/Mgs_project_CICD_TDD.dir/C_/pico-sdk/src/rp2_common/pico_stdio/stdio.c.obj

.debug_aranges  0x00000000      0xe68
 .debug_aranges
                0x00000000       0x20 CMakeFiles/Mgs_project_CICD_TDD.dir/src/blink.c.obj
 .debug_aranges
                0x00000020      0x118 CMakeFiles/Mgs_project_CICD_TDD.dir/C_/pico-sdk/src/rp2_common/hardware_gpio/gpio.c.obj
 .debug_aranges
                0x00000138       0x28 CMakeFiles/Mgs_project_CICD_TDD.dir/C_/pico-sdk/src/rp2_common/pico_platform_panic/panic.c.obj
 .debug_aranges
                0x00000160       0x48 CMakeFiles/Mgs_project_CICD_TDD.dir/C_/pico-sdk/src/common/hardware_claim/claim.c.obj
 .debug_aranges
                0x000001a8       0x48 CMakeFiles/Mgs_project_CICD_TDD.dir/C_/pico-sdk/src/rp2_common/hardware_sync/sync.c.obj
 .debug_aranges
                0x000001f0       0x28 CMakeFiles/Mgs_project_CICD_TDD.dir/C_/pico-sdk/src/rp2_common/hardware_sync_spin_lock/sync_spin_lock.c.obj
 .debug_aranges
                0x00000218       0xb8 CMakeFiles/Mgs_project_CICD_TDD.dir/C_/pico-sdk/src/rp2_common/hardware_irq/irq.c.obj
 .debug_aranges
                0x000002d0       0x20 CMakeFiles/Mgs_project_CICD_TDD.dir/C_/pico-sdk/src/common/pico_sync/lock_core.c.obj
 .debug_aranges
                0x000002f0       0x98 CMakeFiles/Mgs_project_CICD_TDD.dir/C_/pico-sdk/src/common/pico_sync/mutex.c.obj
 .debug_aranges
                0x00000388       0xe0 CMakeFiles/Mgs_project_CICD_TDD.dir/C_/pico-sdk/src/common/pico_time/time.c.obj
 .debug_aranges
                0x00000468       0xf0 CMakeFiles/Mgs_project_CICD_TDD.dir/C_/pico-sdk/src/rp2_common/hardware_timer/timer.c.obj
 .debug_aranges
                0x00000558       0x90 CMakeFiles/Mgs_project_CICD_TDD.dir/C_/pico-sdk/src/rp2_common/hardware_clocks/clocks.c.obj
 .debug_aranges
                0x000005e8       0x28 CMakeFiles/Mgs_project_CICD_TDD.dir/C_/pico-sdk/src/rp2_common/hardware_pll/pll.c.obj
 .debug_aranges
                0x00000610       0x30 CMakeFiles/Mgs_project_CICD_TDD.dir/C_/pico-sdk/src/rp2_common/hardware_ticks/ticks.c.obj
 .debug_aranges
                0x00000640       0x40 CMakeFiles/Mgs_project_CICD_TDD.dir/C_/pico-sdk/src/rp2_common/pico_bootrom/bootrom.c.obj
 .debug_aranges
                0x00000680       0x30 CMakeFiles/Mgs_project_CICD_TDD.dir/C_/pico-sdk/src/rp2_common/hardware_xosc/xosc.c.obj
 .debug_aranges
                0x000006b0       0x38 CMakeFiles/Mgs_project_CICD_TDD.dir/C_/pico-sdk/src/rp2_common/pico_runtime/runtime.c.obj
 .debug_aranges
                0x000006e8       0x48 CMakeFiles/Mgs_project_CICD_TDD.dir/C_/pico-sdk/src/rp2_common/pico_runtime_init/runtime_init.c.obj
 .debug_aranges
                0x00000730       0x20 CMakeFiles/Mgs_project_CICD_TDD.dir/C_/pico-sdk/src/rp2_common/pico_runtime_init/runtime_init_clocks.c.obj
 .debug_aranges
                0x00000750       0x60 CMakeFiles/Mgs_project_CICD_TDD.dir/C_/pico-sdk/src/rp2_common/pico_bit_ops/bit_ops_aeabi.S.obj
 .debug_aranges
                0x000007b0       0x40 CMakeFiles/Mgs_project_CICD_TDD.dir/C_/pico-sdk/src/rp2_common/pico_divider/divider_hardware.S.obj
 .debug_aranges
                0x000007f0      0x150 CMakeFiles/Mgs_project_CICD_TDD.dir/C_/pico-sdk/src/rp2_common/pico_double/double_aeabi_rp2040.S.obj
 .debug_aranges
                0x00000940       0x20 CMakeFiles/Mgs_project_CICD_TDD.dir/C_/pico-sdk/src/rp2_common/pico_double/double_init_rom_rp2040.c.obj
 .debug_aranges
                0x00000960       0xc8 CMakeFiles/Mgs_project_CICD_TDD.dir/C_/pico-sdk/src/rp2_common/pico_double/double_v1_rom_shim_rp2040.S.obj
 .debug_aranges
                0x00000a28       0x20 CMakeFiles/Mgs_project_CICD_TDD.dir/C_/pico-sdk/src/rp2_common/pico_int64_ops/pico_int64_ops_aeabi.S.obj
 .debug_aranges
                0x00000a48      0x138 CMakeFiles/Mgs_project_CICD_TDD.dir/C_/pico-sdk/src/rp2_common/pico_float/float_aeabi_rp2040.S.obj
 .debug_aranges
                0x00000b80       0x20 CMakeFiles/Mgs_project_CICD_TDD.dir/C_/pico-sdk/src/rp2_common/pico_float/float_init_rom_rp2040.c.obj
 .debug_aranges
                0x00000ba0       0x50 CMakeFiles/Mgs_project_CICD_TDD.dir/C_/pico-sdk/src/rp2_common/pico_float/float_v1_rom_shim_rp2040.S.obj
 .debug_aranges
                0x00000bf0       0x38 CMakeFiles/Mgs_project_CICD_TDD.dir/C_/pico-sdk/src/rp2_common/pico_mem_ops/mem_ops_aeabi.S.obj
 .debug_aranges
                0x00000c28       0x18 CMakeFiles/Mgs_project_CICD_TDD.dir/C_/pico-sdk/src/rp2_common/pico_standard_binary_info/standard_binary_info.c.obj
 .debug_aranges
                0x00000c40       0x90 CMakeFiles/Mgs_project_CICD_TDD.dir/C_/pico-sdk/src/rp2_common/pico_printf/printf.c.obj
 .debug_aranges
                0x00000cd0       0x28 CMakeFiles/Mgs_project_CICD_TDD.dir/C_/pico-sdk/src/rp2_common/pico_crt0/crt0.S.obj
 .debug_aranges
                0x00000cf8       0xa8 CMakeFiles/Mgs_project_CICD_TDD.dir/C_/pico-sdk/src/rp2_common/pico_clib_interface/newlib_interface.c.obj
 .debug_aranges
                0x00000da0       0xc8 CMakeFiles/Mgs_project_CICD_TDD.dir/C_/pico-sdk/src/rp2_common/pico_stdio/stdio.c.obj

.debug_rnglists
                0x00000000     0x2a4f
 .debug_rnglists
                0x00000000       0x3a CMakeFiles/Mgs_project_CICD_TDD.dir/src/blink.c.obj
 .debug_rnglists
                0x0000003a      0x5ca CMakeFiles/Mgs_project_CICD_TDD.dir/C_/pico-sdk/src/rp2_common/hardware_gpio/gpio.c.obj
 .debug_rnglists
                0x00000604       0x19 CMakeFiles/Mgs_project_CICD_TDD.dir/C_/pico-sdk/src/rp2_common/pico_platform_panic/panic.c.obj
 .debug_rnglists
                0x0000061d       0xb6 CMakeFiles/Mgs_project_CICD_TDD.dir/C_/pico-sdk/src/common/hardware_claim/claim.c.obj
 .debug_rnglists
                0x000006d3       0x58 CMakeFiles/Mgs_project_CICD_TDD.dir/C_/pico-sdk/src/rp2_common/hardware_sync/sync.c.obj
 .debug_rnglists
                0x0000072b       0x3d CMakeFiles/Mgs_project_CICD_TDD.dir/C_/pico-sdk/src/rp2_common/hardware_sync_spin_lock/sync_spin_lock.c.obj
 .debug_rnglists
                0x00000768      0x37d CMakeFiles/Mgs_project_CICD_TDD.dir/C_/pico-sdk/src/rp2_common/hardware_irq/irq.c.obj
 .debug_rnglists
                0x00000ae5       0x1f CMakeFiles/Mgs_project_CICD_TDD.dir/C_/pico-sdk/src/common/pico_sync/lock_core.c.obj
 .debug_rnglists
                0x00000b04      0x325 CMakeFiles/Mgs_project_CICD_TDD.dir/C_/pico-sdk/src/common/pico_sync/mutex.c.obj
 .debug_rnglists
                0x00000e29      0x7dc CMakeFiles/Mgs_project_CICD_TDD.dir/C_/pico-sdk/src/common/pico_time/time.c.obj
 .debug_rnglists
                0x00001605      0x2c6 CMakeFiles/Mgs_project_CICD_TDD.dir/C_/pico-sdk/src/rp2_common/hardware_timer/timer.c.obj
 .debug_rnglists
                0x000018cb      0x5be CMakeFiles/Mgs_project_CICD_TDD.dir/C_/pico-sdk/src/rp2_common/hardware_clocks/clocks.c.obj
 .debug_rnglists
                0x00001e89       0x5c CMakeFiles/Mgs_project_CICD_TDD.dir/C_/pico-sdk/src/rp2_common/hardware_pll/pll.c.obj
 .debug_rnglists
                0x00001ee5       0x2b CMakeFiles/Mgs_project_CICD_TDD.dir/C_/pico-sdk/src/rp2_common/hardware_ticks/ticks.c.obj
 .debug_rnglists
                0x00001f10      0x112 CMakeFiles/Mgs_project_CICD_TDD.dir/C_/pico-sdk/src/rp2_common/pico_bootrom/bootrom.c.obj
 .debug_rnglists
                0x00002022       0x1f CMakeFiles/Mgs_project_CICD_TDD.dir/C_/pico-sdk/src/rp2_common/hardware_xosc/xosc.c.obj
 .debug_rnglists
                0x00002041       0x3d CMakeFiles/Mgs_project_CICD_TDD.dir/C_/pico-sdk/src/rp2_common/pico_runtime/runtime.c.obj
 .debug_rnglists
                0x0000207e       0x4a CMakeFiles/Mgs_project_CICD_TDD.dir/C_/pico-sdk/src/rp2_common/pico_runtime_init/runtime_init.c.obj
 .debug_rnglists
                0x000020c8       0x20 CMakeFiles/Mgs_project_CICD_TDD.dir/C_/pico-sdk/src/rp2_common/pico_runtime_init/runtime_init_clocks.c.obj
 .debug_rnglists
                0x000020e8       0x43 CMakeFiles/Mgs_project_CICD_TDD.dir/C_/pico-sdk/src/rp2_common/pico_bit_ops/bit_ops_aeabi.S.obj
 .debug_rnglists
                0x0000212b       0x2c CMakeFiles/Mgs_project_CICD_TDD.dir/C_/pico-sdk/src/rp2_common/pico_divider/divider_hardware.S.obj
 .debug_rnglists
                0x00002157       0xf9 CMakeFiles/Mgs_project_CICD_TDD.dir/C_/pico-sdk/src/rp2_common/pico_double/double_aeabi_rp2040.S.obj
 .debug_rnglists
                0x00002250       0x14 CMakeFiles/Mgs_project_CICD_TDD.dir/C_/pico-sdk/src/rp2_common/pico_double/double_init_rom_rp2040.c.obj
 .debug_rnglists
                0x00002264       0x99 CMakeFiles/Mgs_project_CICD_TDD.dir/C_/pico-sdk/src/rp2_common/pico_double/double_v1_rom_shim_rp2040.S.obj
 .debug_rnglists
                0x000022fd       0xe5 CMakeFiles/Mgs_project_CICD_TDD.dir/C_/pico-sdk/src/rp2_common/pico_float/float_aeabi_rp2040.S.obj
 .debug_rnglists
                0x000023e2       0x13 CMakeFiles/Mgs_project_CICD_TDD.dir/C_/pico-sdk/src/rp2_common/pico_float/float_init_rom_rp2040.c.obj
 .debug_rnglists
                0x000023f5       0x38 CMakeFiles/Mgs_project_CICD_TDD.dir/C_/pico-sdk/src/rp2_common/pico_float/float_v1_rom_shim_rp2040.S.obj
 .debug_rnglists
                0x0000242d       0x25 CMakeFiles/Mgs_project_CICD_TDD.dir/C_/pico-sdk/src/rp2_common/pico_mem_ops/mem_ops_aeabi.S.obj
 .debug_rnglists
                0x00002452      0x2a2 CMakeFiles/Mgs_project_CICD_TDD.dir/C_/pico-sdk/src/rp2_common/pico_printf/printf.c.obj
 .debug_rnglists
                0x000026f4       0x1b CMakeFiles/Mgs_project_CICD_TDD.dir/C_/pico-sdk/src/rp2_common/pico_crt0/crt0.S.obj
 .debug_rnglists
                0x0000270f       0x85 CMakeFiles/Mgs_project_CICD_TDD.dir/C_/pico-sdk/src/rp2_common/pico_clib_interface/newlib_interface.c.obj
 .debug_rnglists
                0x00002794      0x2bb CMakeFiles/Mgs_project_CICD_TDD.dir/C_/pico-sdk/src/rp2_common/pico_stdio/stdio.c.obj

.debug_line     0x00000000    0x141e6
 .debug_line    0x00000000      0x311 CMakeFiles/Mgs_project_CICD_TDD.dir/src/blink.c.obj
 .debug_line    0x00000311     0x1b68 CMakeFiles/Mgs_project_CICD_TDD.dir/C_/pico-sdk/src/rp2_common/hardware_gpio/gpio.c.obj
 .debug_line    0x00001e79      0x1eb CMakeFiles/Mgs_project_CICD_TDD.dir/C_/pico-sdk/src/rp2_common/pico_platform_panic/panic.c.obj
 .debug_line    0x00002064      0x812 CMakeFiles/Mgs_project_CICD_TDD.dir/C_/pico-sdk/src/common/hardware_claim/claim.c.obj
 .debug_line    0x00002876      0x40e CMakeFiles/Mgs_project_CICD_TDD.dir/C_/pico-sdk/src/rp2_common/hardware_sync/sync.c.obj
 .debug_line    0x00002c84      0x303 CMakeFiles/Mgs_project_CICD_TDD.dir/C_/pico-sdk/src/rp2_common/hardware_sync_spin_lock/sync_spin_lock.c.obj
 .debug_line    0x00002f87     0x1686 CMakeFiles/Mgs_project_CICD_TDD.dir/C_/pico-sdk/src/rp2_common/hardware_irq/irq.c.obj
 .debug_line    0x0000460d      0x22e CMakeFiles/Mgs_project_CICD_TDD.dir/C_/pico-sdk/src/common/pico_sync/lock_core.c.obj
 .debug_line    0x0000483b     0x1a73 CMakeFiles/Mgs_project_CICD_TDD.dir/C_/pico-sdk/src/common/pico_sync/mutex.c.obj
 .debug_line    0x000062ae     0x33c4 CMakeFiles/Mgs_project_CICD_TDD.dir/C_/pico-sdk/src/common/pico_time/time.c.obj
 .debug_line    0x00009672     0x1c31 CMakeFiles/Mgs_project_CICD_TDD.dir/C_/pico-sdk/src/rp2_common/hardware_timer/timer.c.obj
 .debug_line    0x0000b2a3     0x2029 CMakeFiles/Mgs_project_CICD_TDD.dir/C_/pico-sdk/src/rp2_common/hardware_clocks/clocks.c.obj
 .debug_line    0x0000d2cc      0x433 CMakeFiles/Mgs_project_CICD_TDD.dir/C_/pico-sdk/src/rp2_common/hardware_pll/pll.c.obj
 .debug_line    0x0000d6ff      0x285 CMakeFiles/Mgs_project_CICD_TDD.dir/C_/pico-sdk/src/rp2_common/hardware_ticks/ticks.c.obj
 .debug_line    0x0000d984      0x3f6 CMakeFiles/Mgs_project_CICD_TDD.dir/C_/pico-sdk/src/rp2_common/pico_bootrom/bootrom.c.obj
 .debug_line    0x0000dd7a      0x2b0 CMakeFiles/Mgs_project_CICD_TDD.dir/C_/pico-sdk/src/rp2_common/hardware_xosc/xosc.c.obj
 .debug_line    0x0000e02a      0x281 CMakeFiles/Mgs_project_CICD_TDD.dir/C_/pico-sdk/src/rp2_common/pico_runtime/runtime.c.obj
 .debug_line    0x0000e2ab      0x5e5 CMakeFiles/Mgs_project_CICD_TDD.dir/C_/pico-sdk/src/rp2_common/pico_runtime_init/runtime_init.c.obj
 .debug_line    0x0000e890      0x459 CMakeFiles/Mgs_project_CICD_TDD.dir/C_/pico-sdk/src/rp2_common/pico_runtime_init/runtime_init_clocks.c.obj
 .debug_line    0x0000ece9      0x108 CMakeFiles/Mgs_project_CICD_TDD.dir/C_/pico-sdk/src/rp2_common/pico_bit_ops/bit_ops_aeabi.S.obj
 .debug_line    0x0000edf1      0x2a9 CMakeFiles/Mgs_project_CICD_TDD.dir/C_/pico-sdk/src/rp2_common/pico_divider/divider_hardware.S.obj
 .debug_line    0x0000f09a      0x452 CMakeFiles/Mgs_project_CICD_TDD.dir/C_/pico-sdk/src/rp2_common/pico_double/double_aeabi_rp2040.S.obj
 .debug_line    0x0000f4ec      0x3e6 CMakeFiles/Mgs_project_CICD_TDD.dir/C_/pico-sdk/src/rp2_common/pico_double/double_init_rom_rp2040.c.obj
 .debug_line    0x0000f8d2      0x66d CMakeFiles/Mgs_project_CICD_TDD.dir/C_/pico-sdk/src/rp2_common/pico_double/double_v1_rom_shim_rp2040.S.obj
 .debug_line    0x0000ff3f       0x61 CMakeFiles/Mgs_project_CICD_TDD.dir/C_/pico-sdk/src/rp2_common/pico_int64_ops/pico_int64_ops_aeabi.S.obj
 .debug_line    0x0000ffa0      0x3d2 CMakeFiles/Mgs_project_CICD_TDD.dir/C_/pico-sdk/src/rp2_common/pico_float/float_aeabi_rp2040.S.obj
 .debug_line    0x00010372      0x2fb CMakeFiles/Mgs_project_CICD_TDD.dir/C_/pico-sdk/src/rp2_common/pico_float/float_init_rom_rp2040.c.obj
 .debug_line    0x0001066d      0x195 CMakeFiles/Mgs_project_CICD_TDD.dir/C_/pico-sdk/src/rp2_common/pico_float/float_v1_rom_shim_rp2040.S.obj
 .debug_line    0x00010802       0x94 CMakeFiles/Mgs_project_CICD_TDD.dir/C_/pico-sdk/src/rp2_common/pico_mem_ops/mem_ops_aeabi.S.obj
 .debug_line    0x00010896      0x174 CMakeFiles/Mgs_project_CICD_TDD.dir/C_/pico-sdk/src/rp2_common/pico_standard_binary_info/standard_binary_info.c.obj
 .debug_line    0x00010a0a     0x1c5b CMakeFiles/Mgs_project_CICD_TDD.dir/C_/pico-sdk/src/rp2_common/pico_printf/printf.c.obj
 .debug_line    0x00012665       0xa2 CMakeFiles/Mgs_project_CICD_TDD.dir/C_/pico-sdk/src/rp2_common/pico_crt0/crt0.S.obj
 .debug_line    0x00012707      0x7a5 CMakeFiles/Mgs_project_CICD_TDD.dir/C_/pico-sdk/src/rp2_common/pico_clib_interface/newlib_interface.c.obj
 .debug_line    0x00012eac     0x133a CMakeFiles/Mgs_project_CICD_TDD.dir/C_/pico-sdk/src/rp2_common/pico_stdio/stdio.c.obj

.debug_str      0x00000000     0x4125
 .debug_str     0x00000000     0x4125 CMakeFiles/Mgs_project_CICD_TDD.dir/src/blink.c.obj
                                0x420 (size before relaxing)
 .debug_str     0x00004125      0xcb8 CMakeFiles/Mgs_project_CICD_TDD.dir/C_/pico-sdk/src/rp2_common/hardware_gpio/gpio.c.obj
 .debug_str     0x00004125      0x1f0 CMakeFiles/Mgs_project_CICD_TDD.dir/C_/pico-sdk/src/rp2_common/pico_platform_panic/panic.c.obj
 .debug_str     0x00004125      0x373 CMakeFiles/Mgs_project_CICD_TDD.dir/C_/pico-sdk/src/common/hardware_claim/claim.c.obj
 .debug_str     0x00004125      0x31c CMakeFiles/Mgs_project_CICD_TDD.dir/C_/pico-sdk/src/rp2_common/hardware_sync/sync.c.obj
 .debug_str     0x00004125      0x22f CMakeFiles/Mgs_project_CICD_TDD.dir/C_/pico-sdk/src/rp2_common/hardware_sync_spin_lock/sync_spin_lock.c.obj
 .debug_str     0x00004125      0xaab CMakeFiles/Mgs_project_CICD_TDD.dir/C_/pico-sdk/src/rp2_common/hardware_irq/irq.c.obj
 .debug_str     0x00004125      0x1fb CMakeFiles/Mgs_project_CICD_TDD.dir/C_/pico-sdk/src/common/pico_sync/lock_core.c.obj
 .debug_str     0x00004125      0x7d6 CMakeFiles/Mgs_project_CICD_TDD.dir/C_/pico-sdk/src/common/pico_sync/mutex.c.obj
 .debug_str     0x00004125     0x11d2 CMakeFiles/Mgs_project_CICD_TDD.dir/C_/pico-sdk/src/common/pico_time/time.c.obj
 .debug_str     0x00004125      0xa1e CMakeFiles/Mgs_project_CICD_TDD.dir/C_/pico-sdk/src/rp2_common/hardware_timer/timer.c.obj
 .debug_str     0x00004125      0xa01 CMakeFiles/Mgs_project_CICD_TDD.dir/C_/pico-sdk/src/rp2_common/hardware_clocks/clocks.c.obj
 .debug_str     0x00004125      0x44e CMakeFiles/Mgs_project_CICD_TDD.dir/C_/pico-sdk/src/rp2_common/hardware_pll/pll.c.obj
 .debug_str     0x00004125      0x27d CMakeFiles/Mgs_project_CICD_TDD.dir/C_/pico-sdk/src/rp2_common/hardware_ticks/ticks.c.obj
 .debug_str     0x00004125      0x342 CMakeFiles/Mgs_project_CICD_TDD.dir/C_/pico-sdk/src/rp2_common/pico_bootrom/bootrom.c.obj
 .debug_str     0x00004125      0x232 CMakeFiles/Mgs_project_CICD_TDD.dir/C_/pico-sdk/src/rp2_common/hardware_xosc/xosc.c.obj
 .debug_str     0x00004125      0x282 CMakeFiles/Mgs_project_CICD_TDD.dir/C_/pico-sdk/src/rp2_common/pico_runtime/runtime.c.obj
 .debug_str     0x00004125      0x7b5 CMakeFiles/Mgs_project_CICD_TDD.dir/C_/pico-sdk/src/rp2_common/pico_runtime_init/runtime_init.c.obj
 .debug_str     0x00004125      0x48a CMakeFiles/Mgs_project_CICD_TDD.dir/C_/pico-sdk/src/rp2_common/pico_runtime_init/runtime_init_clocks.c.obj
 .debug_str     0x00004125       0x85 CMakeFiles/Mgs_project_CICD_TDD.dir/C_/pico-sdk/src/rp2_common/pico_bit_ops/bit_ops_aeabi.S.obj
 .debug_str     0x00004125       0x88 CMakeFiles/Mgs_project_CICD_TDD.dir/C_/pico-sdk/src/rp2_common/pico_divider/divider_hardware.S.obj
 .debug_str     0x00004125       0x8a CMakeFiles/Mgs_project_CICD_TDD.dir/C_/pico-sdk/src/rp2_common/pico_double/double_aeabi_rp2040.S.obj
 .debug_str     0x00004125      0x2ab CMakeFiles/Mgs_project_CICD_TDD.dir/C_/pico-sdk/src/rp2_common/pico_double/double_init_rom_rp2040.c.obj
 .debug_str     0x00004125       0x90 CMakeFiles/Mgs_project_CICD_TDD.dir/C_/pico-sdk/src/rp2_common/pico_double/double_v1_rom_shim_rp2040.S.obj
 .debug_str     0x00004125       0x8e CMakeFiles/Mgs_project_CICD_TDD.dir/C_/pico-sdk/src/rp2_common/pico_int64_ops/pico_int64_ops_aeabi.S.obj
 .debug_str     0x00004125       0x88 CMakeFiles/Mgs_project_CICD_TDD.dir/C_/pico-sdk/src/rp2_common/pico_float/float_aeabi_rp2040.S.obj
 .debug_str     0x00004125      0x290 CMakeFiles/Mgs_project_CICD_TDD.dir/C_/pico-sdk/src/rp2_common/pico_float/float_init_rom_rp2040.c.obj
 .debug_str     0x00004125       0x8e CMakeFiles/Mgs_project_CICD_TDD.dir/C_/pico-sdk/src/rp2_common/pico_float/float_v1_rom_shim_rp2040.S.obj
 .debug_str     0x00004125       0x85 CMakeFiles/Mgs_project_CICD_TDD.dir/C_/pico-sdk/src/rp2_common/pico_mem_ops/mem_ops_aeabi.S.obj
 .debug_str     0x00004125      0x3f1 CMakeFiles/Mgs_project_CICD_TDD.dir/C_/pico-sdk/src/rp2_common/pico_standard_binary_info/standard_binary_info.c.obj
 .debug_str     0x00004125      0x4d4 CMakeFiles/Mgs_project_CICD_TDD.dir/C_/pico-sdk/src/rp2_common/pico_printf/printf.c.obj
 .debug_str     0x00004125       0x79 CMakeFiles/Mgs_project_CICD_TDD.dir/C_/pico-sdk/src/rp2_common/pico_crt0/crt0.S.obj
 .debug_str     0x00004125      0x76b CMakeFiles/Mgs_project_CICD_TDD.dir/C_/pico-sdk/src/rp2_common/pico_clib_interface/newlib_interface.c.obj
 .debug_str     0x00004125      0xda9 CMakeFiles/Mgs_project_CICD_TDD.dir/C_/pico-sdk/src/rp2_common/pico_stdio/stdio.c.obj

.debug_frame    0x00000000     0x199c
 .debug_frame   0x00000000       0x2c CMakeFiles/Mgs_project_CICD_TDD.dir/src/blink.c.obj
 .debug_frame   0x0000002c      0x320 CMakeFiles/Mgs_project_CICD_TDD.dir/C_/pico-sdk/src/rp2_common/hardware_gpio/gpio.c.obj
 .debug_frame   0x0000034c       0x44 CMakeFiles/Mgs_project_CICD_TDD.dir/C_/pico-sdk/src/rp2_common/pico_platform_panic/panic.c.obj
 .debug_frame   0x00000390       0xa0 CMakeFiles/Mgs_project_CICD_TDD.dir/C_/pico-sdk/src/common/hardware_claim/claim.c.obj
 .debug_frame   0x00000430       0xa8 CMakeFiles/Mgs_project_CICD_TDD.dir/C_/pico-sdk/src/rp2_common/hardware_sync/sync.c.obj
 .debug_frame   0x000004d8       0x30 CMakeFiles/Mgs_project_CICD_TDD.dir/C_/pico-sdk/src/rp2_common/hardware_sync_spin_lock/sync_spin_lock.c.obj
 .debug_frame   0x00000508      0x1cc CMakeFiles/Mgs_project_CICD_TDD.dir/C_/pico-sdk/src/rp2_common/hardware_irq/irq.c.obj
 .debug_frame   0x000006d4       0x20 CMakeFiles/Mgs_project_CICD_TDD.dir/C_/pico-sdk/src/common/pico_sync/lock_core.c.obj
 .debug_frame   0x000006f4      0x1e8 CMakeFiles/Mgs_project_CICD_TDD.dir/C_/pico-sdk/src/common/pico_sync/mutex.c.obj
 .debug_frame   0x000008dc      0x2ec CMakeFiles/Mgs_project_CICD_TDD.dir/C_/pico-sdk/src/common/pico_time/time.c.obj
 .debug_frame   0x00000bc8      0x2c4 CMakeFiles/Mgs_project_CICD_TDD.dir/C_/pico-sdk/src/rp2_common/hardware_timer/timer.c.obj
 .debug_frame   0x00000e8c      0x1f4 CMakeFiles/Mgs_project_CICD_TDD.dir/C_/pico-sdk/src/rp2_common/hardware_clocks/clocks.c.obj
 .debug_frame   0x00001080       0x40 CMakeFiles/Mgs_project_CICD_TDD.dir/C_/pico-sdk/src/rp2_common/hardware_pll/pll.c.obj
 .debug_frame   0x000010c0       0x40 CMakeFiles/Mgs_project_CICD_TDD.dir/C_/pico-sdk/src/rp2_common/hardware_ticks/ticks.c.obj
 .debug_frame   0x00001100       0xa0 CMakeFiles/Mgs_project_CICD_TDD.dir/C_/pico-sdk/src/rp2_common/pico_bootrom/bootrom.c.obj
 .debug_frame   0x000011a0       0x40 CMakeFiles/Mgs_project_CICD_TDD.dir/C_/pico-sdk/src/rp2_common/hardware_xosc/xosc.c.obj
 .debug_frame   0x000011e0       0x70 CMakeFiles/Mgs_project_CICD_TDD.dir/C_/pico-sdk/src/rp2_common/pico_runtime/runtime.c.obj
 .debug_frame   0x00001250       0x88 CMakeFiles/Mgs_project_CICD_TDD.dir/C_/pico-sdk/src/rp2_common/pico_runtime_init/runtime_init.c.obj
 .debug_frame   0x000012d8       0x2c CMakeFiles/Mgs_project_CICD_TDD.dir/C_/pico-sdk/src/rp2_common/pico_runtime_init/runtime_init_clocks.c.obj
 .debug_frame   0x00001304       0x2c CMakeFiles/Mgs_project_CICD_TDD.dir/C_/pico-sdk/src/rp2_common/pico_double/double_init_rom_rp2040.c.obj
 .debug_frame   0x00001330       0x28 CMakeFiles/Mgs_project_CICD_TDD.dir/C_/pico-sdk/src/rp2_common/pico_float/float_init_rom_rp2040.c.obj
 .debug_frame   0x00001358      0x1f0 CMakeFiles/Mgs_project_CICD_TDD.dir/C_/pico-sdk/src/rp2_common/pico_printf/printf.c.obj
 .debug_frame   0x00001548      0x184 CMakeFiles/Mgs_project_CICD_TDD.dir/C_/pico-sdk/src/rp2_common/pico_clib_interface/newlib_interface.c.obj
 .debug_frame   0x000016cc      0x2a8 CMakeFiles/Mgs_project_CICD_TDD.dir/C_/pico-sdk/src/rp2_common/pico_stdio/stdio.c.obj
 .debug_frame   0x00001974       0x28 C:/gccarm/14_3/bin/../lib/gcc/arm-none-eabi/14.3.1/../../../../arm-none-eabi/lib/thumb/v6-m/nofp\libg.a(libc_a-strlen-stub.o)

.debug_line_str
                0x00000000      0x2cf
 .debug_line_str
                0x00000000      0x2cf CMakeFiles/Mgs_project_CICD_TDD.dir/C_/pico-sdk/src/rp2_common/pico_bit_ops/bit_ops_aeabi.S.obj
                                 0x77 (size before relaxing)
 .debug_line_str
                0x000002cf       0x7a CMakeFiles/Mgs_project_CICD_TDD.dir/C_/pico-sdk/src/rp2_common/pico_divider/divider_hardware.S.obj
 .debug_line_str
                0x000002cf       0x7c CMakeFiles/Mgs_project_CICD_TDD.dir/C_/pico-sdk/src/rp2_common/pico_double/double_aeabi_rp2040.S.obj
 .debug_line_str
                0x000002cf       0x82 CMakeFiles/Mgs_project_CICD_TDD.dir/C_/pico-sdk/src/rp2_common/pico_double/double_v1_rom_shim_rp2040.S.obj
 .debug_line_str
                0x000002cf       0x80 CMakeFiles/Mgs_project_CICD_TDD.dir/C_/pico-sdk/src/rp2_common/pico_int64_ops/pico_int64_ops_aeabi.S.obj
 .debug_line_str
                0x000002cf       0x7a CMakeFiles/Mgs_project_CICD_TDD.dir/C_/pico-sdk/src/rp2_common/pico_float/float_aeabi_rp2040.S.obj
 .debug_line_str
                0x000002cf       0x80 CMakeFiles/Mgs_project_CICD_TDD.dir/C_/pico-sdk/src/rp2_common/pico_float/float_v1_rom_shim_rp2040.S.obj
 .debug_line_str
                0x000002cf       0x77 CMakeFiles/Mgs_project_CICD_TDD.dir/C_/pico-sdk/src/rp2_common/pico_mem_ops/mem_ops_aeabi.S.obj
 .debug_line_str
                0x000002cf       0x6b CMakeFiles/Mgs_project_CICD_TDD.dir/C_/pico-sdk/src/rp2_common/pico_crt0/crt0.S.obj
 .debug_line_str
                0x000002cf       0xc9 C:/gccarm/14_3/bin/../lib/gcc/arm-none-eabi/14.3.1/thumb/v6-m/nofp\libgcc.a(_dvmd_tls.o)
