Archive member included to satisfy reference by file (symbol)

C:/armgcc/bin/../lib/gcc/arm-none-eabi/14.3.1/../../../../arm-none-eabi/lib/thumb/v8-m.main+fp/softfp\libm.a(libm_a-wf_sqrt.o)
                              CMakeFiles/Mgs_project_CICD_TDD.dir/C_/pico-sdk/src/rp2_common/pico_float/float_math.c.obj (sqrtf)
C:/armgcc/bin/../lib/gcc/arm-none-eabi/14.3.1/../../../../arm-none-eabi/lib/thumb/v8-m.main+fp/softfp\libm.a(libm_a-ef_sqrt.o)
                              C:/armgcc/bin/../lib/gcc/arm-none-eabi/14.3.1/../../../../arm-none-eabi/lib/thumb/v8-m.main+fp/softfp\libm.a(libm_a-wf_sqrt.o) (__ieee754_sqrtf)
C:/armgcc/bin/../lib/gcc/arm-none-eabi/14.3.1/thumb/v8-m.main+fp/softfp\libgcc.a(_arm_addsubdf3.o)
                              CMakeFiles/Mgs_project_CICD_TDD.dir/C_/pico-sdk/src/rp2_common/pico_float/float_math.c.obj (__aeabi_f2d)
C:/armgcc/bin/../lib/gcc/arm-none-eabi/14.3.1/thumb/v8-m.main+fp/softfp\libgcc.a(_aeabi_ldivmod.o)
                              CMakeFiles/Mgs_project_CICD_TDD.dir/C_/pico-sdk/src/common/pico_time/time.c.obj (__aeabi_ldivmod)
C:/armgcc/bin/../lib/gcc/arm-none-eabi/14.3.1/thumb/v8-m.main+fp/softfp\libgcc.a(_aeabi_uldivmod.o)
                              CMakeFiles/Mgs_project_CICD_TDD.dir/C_/pico-sdk/src/rp2_common/hardware_clocks/clocks.c.obj (__aeabi_uldivmod)
C:/armgcc/bin/../lib/gcc/arm-none-eabi/14.3.1/thumb/v8-m.main+fp/softfp\libgcc.a(_udivmoddi4.o)
                              C:/armgcc/bin/../lib/gcc/arm-none-eabi/14.3.1/thumb/v8-m.main+fp/softfp\libgcc.a(_aeabi_ldivmod.o) (__udivmoddi4)
C:/armgcc/bin/../lib/gcc/arm-none-eabi/14.3.1/thumb/v8-m.main+fp/softfp\libgcc.a(_dvmd_tls.o)
                              C:/armgcc/bin/../lib/gcc/arm-none-eabi/14.3.1/thumb/v8-m.main+fp/softfp\libgcc.a(_aeabi_ldivmod.o) (__aeabi_ldiv0)
C:/armgcc/bin/../lib/gcc/arm-none-eabi/14.3.1/../../../../arm-none-eabi/lib/thumb/v8-m.main+fp/softfp\libg.a(libc_a-calloc.o)
                              CMakeFiles/Mgs_project_CICD_TDD.dir/C_/pico-sdk/src/rp2_common/pico_malloc/malloc.c.obj (calloc)
C:/armgcc/bin/../lib/gcc/arm-none-eabi/14.3.1/../../../../arm-none-eabi/lib/thumb/v8-m.main+fp/softfp\libg.a(libc_a-callocr.o)
                              C:/armgcc/bin/../lib/gcc/arm-none-eabi/14.3.1/../../../../arm-none-eabi/lib/thumb/v8-m.main+fp/softfp\libg.a(libc_a-calloc.o) (_calloc_r)
C:/armgcc/bin/../lib/gcc/arm-none-eabi/14.3.1/../../../../arm-none-eabi/lib/thumb/v8-m.main+fp/softfp\libg.a(libc_a-malloc.o)
                              CMakeFiles/Mgs_project_CICD_TDD.dir/C_/pico-sdk/src/rp2_common/pico_malloc/malloc.c.obj (malloc)
C:/armgcc/bin/../lib/gcc/arm-none-eabi/14.3.1/../../../../arm-none-eabi/lib/thumb/v8-m.main+fp/softfp\libg.a(libc_a-mallocr.o)
                              C:/armgcc/bin/../lib/gcc/arm-none-eabi/14.3.1/../../../../arm-none-eabi/lib/thumb/v8-m.main+fp/softfp\libg.a(libc_a-callocr.o) (_malloc_r)
C:/armgcc/bin/../lib/gcc/arm-none-eabi/14.3.1/../../../../arm-none-eabi/lib/thumb/v8-m.main+fp/softfp\libg.a(libc_a-mlock.o)
                              C:/armgcc/bin/../lib/gcc/arm-none-eabi/14.3.1/../../../../arm-none-eabi/lib/thumb/v8-m.main+fp/softfp\libg.a(libc_a-mallocr.o) (__malloc_lock)
C:/armgcc/bin/../lib/gcc/arm-none-eabi/14.3.1/../../../../arm-none-eabi/lib/thumb/v8-m.main+fp/softfp\libg.a(libc_a-realloc.o)
                              CMakeFiles/Mgs_project_CICD_TDD.dir/C_/pico-sdk/src/rp2_common/pico_malloc/malloc.c.obj (realloc)
C:/armgcc/bin/../lib/gcc/arm-none-eabi/14.3.1/../../../../arm-none-eabi/lib/thumb/v8-m.main+fp/softfp\libg.a(libc_a-reallocr.o)
                              C:/armgcc/bin/../lib/gcc/arm-none-eabi/14.3.1/../../../../arm-none-eabi/lib/thumb/v8-m.main+fp/softfp\libg.a(libc_a-realloc.o) (_realloc_r)
C:/armgcc/bin/../lib/gcc/arm-none-eabi/14.3.1/../../../../arm-none-eabi/lib/thumb/v8-m.main+fp/softfp\libg.a(libc_a-memcmp.o)
                              CMakeFiles/Mgs_project_CICD_TDD.dir/C_/pico-sdk/src/rp2_common/pico_atomic/atomic.c.obj (memcmp)
C:/armgcc/bin/../lib/gcc/arm-none-eabi/14.3.1/../../../../arm-none-eabi/lib/thumb/v8-m.main+fp/softfp\libg.a(libc_a-memmove.o)
                              C:/armgcc/bin/../lib/gcc/arm-none-eabi/14.3.1/../../../../arm-none-eabi/lib/thumb/v8-m.main+fp/softfp\libg.a(libc_a-reallocr.o) (memmove)
C:/armgcc/bin/../lib/gcc/arm-none-eabi/14.3.1/../../../../arm-none-eabi/lib/thumb/v8-m.main+fp/softfp\libg.a(libc_a-memset.o)
                              C:/armgcc/bin/../lib/gcc/arm-none-eabi/14.3.1/../../../../arm-none-eabi/lib/thumb/v8-m.main+fp/softfp/crt0.o (memset)
C:/armgcc/bin/../lib/gcc/arm-none-eabi/14.3.1/../../../../arm-none-eabi/lib/thumb/v8-m.main+fp/softfp\libg.a(libc_a-lcltime_r.o)
                              CMakeFiles/Mgs_project_CICD_TDD.dir/C_/pico-sdk/src/common/pico_util/datetime.c.obj (localtime_r)
C:/armgcc/bin/../lib/gcc/arm-none-eabi/14.3.1/../../../../arm-none-eabi/lib/thumb/v8-m.main+fp/softfp\libg.a(libc_a-mktime.o)
[...]
Memory Configuration

Name             Origin             Length             Attributes
FLASH            0x10000000         0x00400000         xr
RAM              0x20000000         0x00080000         xrw
SCRATCH_X        0x20080000         0x00001000         xrw
SCRATCH_Y        0x20081000         0x00001000         xrw
*default*        0x00000000         0xffffffff

Linker script and memory map

LOAD C:/armgcc/bin/../lib/gcc/arm-none-eabi/14.3.1/thumb/v8-m.main+fp/softfp/crti.o
LOAD C:/armgcc/bin/../lib/gcc/arm-none-eabi/14.3.1/thumb/v8-m.main+fp/softfp/crtbegin.o
LOAD C:/armgcc/bin/../lib/gcc/arm-none-eabi/14.3.1/../../../../arm-none-eabi/lib/thumb/v8-m.main+fp/softfp/crt0.o

.flash_begin    0x10000000        0x0
                0x10000000                        __flash_binary_start = .

.text           0x10000000     0x42b8
                0x10000000                        __logical_binary_start = .
 *(.vectors)
 .vectors       0x10000000      0x124 CMakeFiles/Mgs_project_CICD_TDD.dir/C_/pico-sdk/src/rp2_common/pico_crt0/crt0.S.obj
                0x10000000                __VECTOR_TABLE
                0x10000000                __vectors
                0x10000110                __unhandled_user_irq
                0x10000110                isr_irq49
                0x10000110                isr_irq13
                0x10000110                isr_irq43
                0x10000110                isr_irq45
                0x10000110                isr_irq27
                0x10000110                isr_irq32
                0x10000110                isr_irq31
                0x10000110                isr_irq12
                0x10000110                isr_irq5
                0x10000110                isr_irq11
                0x10000110                isr_irq3
                0x10000110                isr_irq23
                0x10000110                isr_usagefault
                0x10000110                isr_irq48
                0x10000110                isr_irq30
                0x10000110                isr_irq18
                0x10000110                isr_irq50
                0x10000110                isr_irq33
                0x10000110                isr_irq40
                0x10000110                isr_irq28
                0x10000110                isr_irq19
                0x10000110                isr_irq36
                0x10000110                isr_irq41
                0x10000110                isr_irq0
                0x10000110                isr_irq6
                0x10000110                isr_irq26
                0x10000110                isr_irq29
                0x10000110                isr_memmanage
                0x10000110                isr_irq37
                0x10000110                isr_irq42
                0x10000110                isr_irq22
                0x10000110                isr_irq35
                0x10000110                isr_irq17
                0x10000110                isr_irq38
                0x10000110                isr_irq14
                0x10000110                __vectors_end
                0x10000110                __default_isrs_start
                0x10000110                isr_irq2
                0x10000110                isr_irq10
                0x10000110                isr_irq8
                0x10000110                isr_debugmonitor
                0x10000110                isr_irq24
                0x10000110                isr_irq46
                0x10000110                isr_irq1
                0x10000110                isr_irq47
                0x10000110                isr_irq51
                0x10000110                isr_irq7
                0x10000110                isr_irq21
                0x10000110                isr_irq39
                0x10000110                isr_irq20
                0x10000110                isr_irq15
                0x10000110                isr_irq25
                0x10000110                isr_irq34
                0x10000110                isr_irq44
                0x10000110                isr_securefault
                0x10000110                isr_irq4
                0x10000110                isr_busfault
                0x10000110                isr_irq16
                0x10000110                isr_irq9
                0x10000116                unhandled_user_irq_num_in_r0
                0x10000118                isr_invalid
                0x1000011a                isr_nmi
                0x1000011c                isr_hardfault
                0x1000011e                isr_svcall
                0x10000120                isr_pendsv
                0x10000122                isr_systick
                0x10000124                __default_isrs_end
 *(.binary_info_header)
 .binary_info_header
                0x10000124       0x14 CMakeFiles/Mgs_project_CICD_TDD.dir/C_/pico-sdk/src/rp2_common/pico_crt0/crt0.S.obj
                0x10000138                        __binary_info_header_end = .
 *(.embedded_block)
 .embedded_block
                0x10000138       0x14 CMakeFiles/Mgs_project_CICD_TDD.dir/C_/pico-sdk/src/rp2_common/pico_crt0/crt0.S.obj
                0x1000014c                        __embedded_block_end = .
 *(.reset)
 .reset         0x1000014c       0x98 CMakeFiles/Mgs_project_CICD_TDD.dir/C_/pico-sdk/src/rp2_common/pico_crt0/crt0.S.obj
                0x1000014c                _entry_point
 *(.init)
 .init          0x100001e4        0x4 C:/armgcc/bin/../lib/gcc/arm-none-eabi/14.3.1/thumb/v8-m.main+fp/softfp/crti.o
                0x100001e4                _init
 *libgcc.a:cmse_nonsecure_call.o()
 *(EXCLUDE_FILE(*libm.a: *libc.a:*lib_a-mem*.o *libgcc.a:) .text*)
 .text.register_tm_clones
                0x100001e8       0x28 C:/armgcc/bin/../lib/gcc/arm-none-eabi/14.3.1/thumb/v8-m.main+fp/softfp/crtbegin.o
 .text.frame_dummy
                0x10000210       0x24 C:/armgcc/bin/../lib/gcc/arm-none-eabi/14.3.1/thumb/v8-m.main+fp/softfp/crtbegin.o
 .text.startup.main
                0x10000234       0x48 CMakeFiles/Mgs_project_CICD_TDD.dir/src/blink.c.obj
                0x10000234                main
 .text.gpio_init
                0x1000027c       0x48 CMakeFiles/Mgs_project_CICD_TDD.dir/C_/pico-sdk/src/rp2_common/hardware_gpio/gpio.c.obj
                0x1000027c                gpio_init
 .text.panic    0x100002c4       0x30 CMakeFiles/Mgs_project_CICD_TDD.dir/C_/pico-sdk/src/rp2_common/pico_platform_panic/panic.c.obj
                0x100002c4                panic
 .text.hw_claim_or_assert
                0x100002f4       0x58 CMakeFiles/Mgs_project_CICD_TDD.dir/C_/pico-sdk/src/common/hardware_claim/claim.c.obj
                0x100002f4                hw_claim_or_assert
 .text.hw_claim_unused_from_range
                0x1000034c       0x80 CMakeFiles/Mgs_project_CICD_TDD.dir/C_/pico-sdk/src/common/hardware_claim/claim.c.obj
                0x1000034c                hw_claim_unused_from_range
 .text.next_striped_spin_lock_num
                0x100003cc       0x18 CMakeFiles/Mgs_project_CICD_TDD.dir/C_/pico-sdk/src/rp2_common/hardware_sync/sync.c.obj
                0x100003cc                next_striped_spin_lock_num
 .text.spin_lock_claim_unused
                0x100003e4       0x20 CMakeFiles/Mgs_project_CICD_TDD.dir/C_/pico-sdk/src/rp2_common/hardware_sync/sync.c.obj
                0x100003e4                spin_lock_claim_unused
 .text.spinlock_set_extexclall
                0x10000404       0x10 CMakeFiles/Mgs_project_CICD_TDD.dir/C_/pico-sdk/src/rp2_common/hardware_sync_spin_lock/sync_spin_lock.c.obj
 .text.spin_locks_reset
                0x10000414       0x18 CMakeFiles/Mgs_project_CICD_TDD.dir/C_/pico-sdk/src/rp2_common/hardware_sync_spin_lock/sync_spin_lock.c.obj
                0x10000414                spin_locks_reset
 .text.runtime_init_per_core_irq_priorities
                0x1000042c       0x40 CMakeFiles/Mgs_project_CICD_TDD.dir/C_/pico-sdk/src/rp2_common/hardware_irq/irq.c.obj
                0x1000042c                runtime_init_per_core_irq_priorities
 .text.irq_set_enabled
                0x1000046c       0x2c CMakeFiles/Mgs_project_CICD_TDD.dir/C_/pico-sdk/src/rp2_common/hardware_irq/irq.c.obj
                0x1000046c                irq_set_enabled
 .text.irq_is_enabled
                0x10000498       0x20 CMakeFiles/Mgs_project_CICD_TDD.dir/C_/pico-sdk/src/rp2_common/hardware_irq/irq.c.obj
                0x10000498                irq_is_enabled
 .text.irq_set_pending
                0x100004b8       0x18 CMakeFiles/Mgs_project_CICD_TDD.dir/C_/pico-sdk/src/rp2_common/hardware_irq/irq.c.obj
                0x100004b8                irq_set_pending
 .text.irq_has_shared_handler
                0x100004d0       0x20 CMakeFiles/Mgs_project_CICD_TDD.dir/C_/pico-sdk/src/rp2_common/hardware_irq/irq.c.obj
                0x100004d0                irq_has_shared_handler
 .text.irq_set_exclusive_handler
                0x100004f0       0x60 CMakeFiles/Mgs_project_CICD_TDD.dir/C_/pico-sdk/src/rp2_common/hardware_irq/irq.c.obj
                0x100004f0                irq_set_exclusive_handler
 .text.irq_add_shared_handler
                0x10000550      0x1e8 CMakeFiles/Mgs_project_CICD_TDD.dir/C_/pico-sdk/src/rp2_common/hardware_irq/irq.c.obj
                0x10000550                irq_add_shared_handler
 .text.irq_add_tail_to_free_list
                0x10000738       0xbc CMakeFiles/Mgs_project_CICD_TDD.dir/C_/pico-sdk/src/rp2_common/hardware_irq/irq.c.obj
                0x10000738                irq_add_tail_to_free_list
 .text.user_irq_claim_unused
                0x100007f4       0x28 CMakeFiles/Mgs_project_CICD_TDD.dir/C_/pico-sdk/src/rp2_common/hardware_irq/irq.c.obj
                0x100007f4                user_irq_claim_unused
 .text.lock_init
                0x1000081c        0xc CMakeFiles/Mgs_project_CICD_TDD.dir/C_/pico-sdk/src/common/pico_sync/lock_core.c.obj
                0x1000081c                lock_init
 .text.runtime_init_mutex
                0x10000828       0x4c CMakeFiles/Mgs_project_CICD_TDD.dir/C_/pico-sdk/src/common/pico_sync/mutex.c.obj
                0x10000828                runtime_init_mutex
 .text.mutex_init
                0x10000874       0x1c CMakeFiles/Mgs_project_CICD_TDD.dir/C_/pico-sdk/src/common/pico_sync/mutex.c.obj
                0x10000874                mutex_init
 .text.critical_section_init
                0x10000890       0x1c CMakeFiles/Mgs_project_CICD_TDD.dir/C_/pico-sdk/src/common/pico_sync/critical_section.c.obj
                0x10000890                critical_section_init
 .text.critical_section_init_with_lock_num
                0x100008ac       0x10 CMakeFiles/Mgs_project_CICD_TDD.dir/C_/pico-sdk/src/common/pico_sync/critical_section.c.obj
                0x100008ac                critical_section_init_with_lock_num
 .text.sleep_until_callback
                0x100008bc       0x3c CMakeFiles/Mgs_project_CICD_TDD.dir/C_/pico-sdk/src/common/pico_time/time.c.obj
 .text.alarm_pool_irq_handler
                0x100008f8      0x2fc CMakeFiles/Mgs_project_CICD_TDD.dir/C_/pico-sdk/src/common/pico_time/time.c.obj
 .text.runtime_init_default_alarm_pool
                0x10000bf4      0x100 CMakeFiles/Mgs_project_CICD_TDD.dir/C_/pico-sdk/src/common/pico_time/time.c.obj
                0x10000bf4                runtime_init_default_alarm_pool
 .text.alarm_pool_get_default
                0x10000cf4        0x8 CMakeFiles/Mgs_project_CICD_TDD.dir/C_/pico-sdk/src/common/pico_time/time.c.obj
                0x10000cf4                alarm_pool_get_default
 .text.alarm_pool_add_alarm_at
                0x10000cfc       0xdc CMakeFiles/Mgs_project_CICD_TDD.dir/C_/pico-sdk/src/common/pico_time/time.c.obj
                0x10000cfc                alarm_pool_add_alarm_at
 .text.alarm_pool_add_alarm_at_force_in_context
                0x10000dd8       0xc8 CMakeFiles/Mgs_project_CICD_TDD.dir/C_/pico-sdk/src/common/pico_time/time.c.obj
                0x10000dd8                alarm_pool_add_alarm_at_force_in_context
 .text.alarm_pool_cancel_alarm
                0x10000ea0       0x80 CMakeFiles/Mgs_project_CICD_TDD.dir/C_/pico-sdk/src/common/pico_time/time.c.obj
                0x10000ea0                alarm_pool_cancel_alarm
 .text.alarm_pool_core_num
                0x10000f20        0x4 CMakeFiles/Mgs_project_CICD_TDD.dir/C_/pico-sdk/src/common/pico_time/time.c.obj
                0x10000f20                alarm_pool_core_num
 .text.sleep_ms
                0x10000f24       0xdc CMakeFiles/Mgs_project_CICD_TDD.dir/C_/pico-sdk/src/common/pico_time/time.c.obj
                0x10000f24                sleep_ms
 .text.best_effort_wfe_or_timeout
                0x10001000       0xd4 CMakeFiles/Mgs_project_CICD_TDD.dir/C_/pico-sdk/src/common/pico_time/time.c.obj
                0x10001000                best_effort_wfe_or_timeout
 .text.timer_hardware_alarm_claim
                0x100010d4       0x24 CMakeFiles/Mgs_project_CICD_TDD.dir/C_/pico-sdk/src/rp2_common/hardware_timer/timer.c.obj
                0x100010d4                timer_hardware_alarm_claim
 .text.timer_time_us_64
                0x100010f8       0x10 CMakeFiles/Mgs_project_CICD_TDD.dir/C_/pico-sdk/src/rp2_common/hardware_timer/timer.c.obj
                0x100010f8                timer_time_us_64
 .text.time_us_64
                0x10001108       0x14 CMakeFiles/Mgs_project_CICD_TDD.dir/C_/pico-sdk/src/rp2_common/hardware_timer/timer.c.obj
                0x10001108                time_us_64
 .text.busy_wait_until
                0x1000111c       0x24 CMakeFiles/Mgs_project_CICD_TDD.dir/C_/pico-sdk/src/rp2_common/hardware_timer/timer.c.obj
                0x1000111c                busy_wait_until
 .text.clock_configure_undivided
                0x10001140       0xd0 CMakeFiles/Mgs_project_CICD_TDD.dir/C_/pico-sdk/src/rp2_common/hardware_clocks/clocks.c.obj
                0x10001140                clock_configure_undivided
 .text.clock_get_hz
                0x10001210        0xc CMakeFiles/Mgs_project_CICD_TDD.dir/C_/pico-sdk/src/rp2_common/hardware_clocks/clocks.c.obj
                0x10001210                clock_get_hz
 .text.pll_init
                0x1000121c       0x8c CMakeFiles/Mgs_project_CICD_TDD.dir/C_/pico-sdk/src/rp2_common/hardware_pll/pll.c.obj
                0x1000121c                pll_init
 .text.watchdog_reboot
                0x100012a8       0x98 CMakeFiles/Mgs_project_CICD_TDD.dir/C_/pico-sdk/src/rp2_common/hardware_watchdog/watchdog.c.obj
                0x100012a8                watchdog_reboot
 .text.tick_start
                0x10001340       0x18 CMakeFiles/Mgs_project_CICD_TDD.dir/C_/pico-sdk/src/rp2_common/hardware_ticks/ticks.c.obj
                0x10001340                tick_start
 .text.rom_reboot.constprop.0.isra.0
                0x10001358       0x34 CMakeFiles/Mgs_project_CICD_TDD.dir/C_/pico-sdk/src/rp2_common/pico_bootrom/bootrom.c.obj
 .text.rom_func_lookup
                0x1000138c       0x18 CMakeFiles/Mgs_project_CICD_TDD.dir/C_/pico-sdk/src/rp2_common/pico_bootrom/bootrom.c.obj
                0x1000138c                rom_func_lookup
 .text.rom_reset_usb_boot_extra
                0x100013a4       0x1c CMakeFiles/Mgs_project_CICD_TDD.dir/C_/pico-sdk/src/rp2_common/pico_bootrom/bootrom.c.obj
                0x100013a4                rom_reset_usb_boot_extra
 .text.runtime_init_bootrom_locking_enable
                0x100013c0       0x14 CMakeFiles/Mgs_project_CICD_TDD.dir/C_/pico-sdk/src/rp2_common/pico_bootrom/bootrom_lock.c.obj
                0x100013c0                runtime_init_bootrom_locking_enable
 .text.runtime_init_boot_locks_reset
                0x100013d4       0x1c CMakeFiles/Mgs_project_CICD_TDD.dir/C_/pico-sdk/src/rp2_common/hardware_boot_lock/boot_lock.c.obj
                0x100013d4                runtime_init_boot_locks_reset
 .text.xosc_init
                0x100013f0       0x30 CMakeFiles/Mgs_project_CICD_TDD.dir/C_/pico-sdk/src/rp2_common/hardware_xosc/xosc.c.obj
                0x100013f0                xosc_init
 .text.first_per_core_initializer
                0x10001420        0x4 CMakeFiles/Mgs_project_CICD_TDD.dir/C_/pico-sdk/src/rp2_common/pico_runtime/runtime.c.obj
 .text.hard_assertion_failure
                0x10001424        0xc CMakeFiles/Mgs_project_CICD_TDD.dir/C_/pico-sdk/src/rp2_common/pico_runtime/runtime.c.obj
                0x10001424                hard_assertion_failure
 .text.runtime_run_initializers
                0x10001430       0x20 CMakeFiles/Mgs_project_CICD_TDD.dir/C_/pico-sdk/src/rp2_common/pico_runtime/runtime.c.obj
                0x10001430                runtime_run_initializers
 .text.runtime_init_early_resets
                0x10001450       0x34 CMakeFiles/Mgs_project_CICD_TDD.dir/C_/pico-sdk/src/rp2_common/pico_runtime_init/runtime_init.c.obj
                0x10001450                runtime_init_early_resets
 .text.runtime_init_usb_power_down
                0x10001484       0x1c CMakeFiles/Mgs_project_CICD_TDD.dir/C_/pico-sdk/src/rp2_common/pico_runtime_init/runtime_init.c.obj
                0x10001484                runtime_init_usb_power_down
 .text.runtime_init_per_core_enable_coprocessors
                0x100014a0       0x1c CMakeFiles/Mgs_project_CICD_TDD.dir/C_/pico-sdk/src/rp2_common/pico_runtime_init/runtime_init.c.obj
                0x100014a0                runtime_init_per_core_enable_coprocessors
 .text.runtime_init_post_clock_resets
                0x100014bc       0x20 CMakeFiles/Mgs_project_CICD_TDD.dir/C_/pico-sdk/src/rp2_common/pico_runtime_init/runtime_init.c.obj
                0x100014bc                runtime_init_post_clock_resets
 .text.runtime_init_bootrom_reset
                0x100014dc       0x14 CMakeFiles/Mgs_project_CICD_TDD.dir/C_/pico-sdk/src/rp2_common/pico_runtime_init/runtime_init.c.obj
                0x100014dc                runtime_init_bootrom_reset
 .text.runtime_init_per_core_bootrom_reset
                0x100014f0       0x14 CMakeFiles/Mgs_project_CICD_TDD.dir/C_/pico-sdk/src/rp2_common/pico_runtime_init/runtime_init.c.obj
                0x100014f0                runtime_init_per_core_bootrom_reset
 .text.runtime_init_spin_locks_reset
                0x10001504        0x4 CMakeFiles/Mgs_project_CICD_TDD.dir/C_/pico-sdk/src/rp2_common/pico_runtime_init/runtime_init.c.obj
                0x10001504                runtime_init_spin_locks_reset
 .text.runtime_init_install_ram_vector_table
                0x10001508       0x68 CMakeFiles/Mgs_project_CICD_TDD.dir/C_/pico-sdk/src/rp2_common/pico_runtime_init/runtime_init.c.obj
                0x10001508                runtime_init_install_ram_vector_table
 .text.runtime_init_clocks
                0x10001570       0xdc CMakeFiles/Mgs_project_CICD_TDD.dir/C_/pico-sdk/src/rp2_common/pico_runtime_init/runtime_init_clocks.c.obj
                0x10001570                runtime_init_clocks
 .text._out_char
                0x1000164c        0x8 CMakeFiles/Mgs_project_CICD_TDD.dir/C_/pico-sdk/src/rp2_common/pico_printf/printf.c.obj
 .text.weak_raw_vprintf
                0x10001654       0x30 CMakeFiles/Mgs_project_CICD_TDD.dir/C_/pico-sdk/src/rp2_common/pico_printf/printf.c.obj
                0x10001654                weak_raw_vprintf
 .text._exit    0x10001684        0x4 CMakeFiles/Mgs_project_CICD_TDD.dir/C_/pico-sdk/src/rp2_common/pico_clib_interface/newlib_interface.c.obj
                0x10001684                _exit
 .text.exit     0x10001688        0x8 CMakeFiles/Mgs_project_CICD_TDD.dir/C_/pico-sdk/src/rp2_common/pico_clib_interface/newlib_interface.c.obj
                0x10001688                exit
 .text.runtime_init
                0x10001690       0x24 CMakeFiles/Mgs_project_CICD_TDD.dir/C_/pico-sdk/src/rp2_common/pico_clib_interface/newlib_interface.c.obj
                0x10001690                runtime_init
 .text.stdio_out_chars_no_crlf
                0x100016b4        0x8 CMakeFiles/Mgs_project_CICD_TDD.dir/C_/pico-sdk/src/rp2_common/pico_stdio/stdio.c.obj
 .text.stdio_out_chars_crlf
                0x100016bc       0xb0 CMakeFiles/Mgs_project_CICD_TDD.dir/C_/pico-sdk/src/rp2_common/pico_stdio/stdio.c.obj
 .text.stdio_put_string
                0x1000176c       0xec CMakeFiles/Mgs_project_CICD_TDD.dir/C_/pico-sdk/src/rp2_common/pico_stdio/stdio.c.obj
                0x1000176c                stdio_put_string
 .text.stdio_set_driver_enabled
                0x10001858       0x28 CMakeFiles/Mgs_project_CICD_TDD.dir/C_/pico-sdk/src/rp2_common/pico_stdio/stdio.c.obj
                0x10001858                stdio_set_driver_enabled
 .text.stdio_init_all
                0x10001880        0x4 CMakeFiles/Mgs_project_CICD_TDD.dir/C_/pico-sdk/src/rp2_common/pico_stdio/stdio.c.obj
                0x10001880                stdio_init_all
 .text.__wrap_putchar
                0x10001884       0x84 CMakeFiles/Mgs_project_CICD_TDD.dir/C_/pico-sdk/src/rp2_common/pico_stdio/stdio.c.obj
                0x10001884                __wrap_putchar
                0x10001884                stdio_putchar
 .text.__wrap_puts
                0x10001908       0x3c CMakeFiles/Mgs_project_CICD_TDD.dir/C_/pico-sdk/src/rp2_common/pico_stdio/stdio.c.obj
                0x10001908                stdio_puts
                0x10001908                __wrap_puts
 .text.resetd_init
                0x10001944        0x4 CMakeFiles/Mgs_project_CICD_TDD.dir/C_/pico-sdk/src/rp2_common/pico_stdio_usb/reset_interface.c.obj
 .text.resetd_reset
                0x10001948        0xc CMakeFiles/Mgs_project_CICD_TDD.dir/C_/pico-sdk/src/rp2_common/pico_stdio_usb/reset_interface.c.obj
 .text.resetd_open
                0x10001954       0x28 CMakeFiles/Mgs_project_CICD_TDD.dir/C_/pico-sdk/src/rp2_common/pico_stdio_usb/reset_interface.c.obj
 .text.resetd_xfer_cb
                0x1000197c        0x4 CMakeFiles/Mgs_project_CICD_TDD.dir/C_/pico-sdk/src/rp2_common/pico_stdio_usb/reset_interface.c.obj
 .text.resetd_control_xfer_cb
                0x10001980       0x50 CMakeFiles/Mgs_project_CICD_TDD.dir/C_/pico-sdk/src/rp2_common/pico_stdio_usb/reset_interface.c.obj
 .text.tud_descriptor_bos_cb
                0x100019d0        0x8 CMakeFiles/Mgs_project_CICD_TDD.dir/C_/pico-sdk/src/rp2_common/pico_stdio_usb/reset_interface.c.obj
                0x100019d0                tud_descriptor_bos_cb
 .text.tud_vendor_control_xfer_cb
                0x100019d8       0x28 CMakeFiles/Mgs_project_CICD_TDD.dir/C_/pico-sdk/src/rp2_common/pico_stdio_usb/reset_interface.c.obj
                0x100019d8                tud_vendor_control_xfer_cb
 .text.usbd_app_driver_get_cb
                0x10001a00       0x10 CMakeFiles/Mgs_project_CICD_TDD.dir/C_/pico-sdk/src/rp2_common/pico_stdio_usb/reset_interface.c.obj
                0x10001a00                usbd_app_driver_get_cb
 .text.tud_cdc_line_coding_cb
                0x10001a10       0x18 CMakeFiles/Mgs_project_CICD_TDD.dir/C_/pico-sdk/src/rp2_common/pico_stdio_usb/reset_interface.c.obj
                0x10001a10                tud_cdc_line_coding_cb
 .text.stdio_usb_set_chars_available_callback
                0x10001a28       0x14 CMakeFiles/Mgs_project_CICD_TDD.dir/C_/pico-sdk/src/rp2_common/pico_stdio_usb/stdio_usb.c.obj
                0x10001a28                stdio_usb_set_chars_available_callback
 .text.timer_task
                0x10001a3c       0x70 CMakeFiles/Mgs_project_CICD_TDD.dir/C_/pico-sdk/src/rp2_common/pico_stdio_usb/stdio_usb.c.obj
 .text.usb_irq  0x10001aac        0xc CMakeFiles/Mgs_project_CICD_TDD.dir/C_/pico-sdk/src/rp2_common/pico_stdio_usb/stdio_usb.c.obj
 .text.stdio_usb_in_chars
                0x10001ab8       0x88 CMakeFiles/Mgs_project_CICD_TDD.dir/C_/pico-sdk/src/rp2_common/pico_stdio_usb/stdio_usb.c.obj
                0x10001ab8                stdio_usb_in_chars
 .text.stdio_usb_out_flush
                0x10001b40       0x54 CMakeFiles/Mgs_project_CICD_TDD.dir/C_/pico-sdk/src/rp2_common/pico_stdio_usb/stdio_usb.c.obj
 .text.stdio_usb_out_chars
                0x10001b94       0xf4 CMakeFiles/Mgs_project_CICD_TDD.dir/C_/pico-sdk/src/rp2_common/pico_stdio_usb/stdio_usb.c.obj
 .text.low_priority_worker_irq
                0x10001c88       0xd8 CMakeFiles/Mgs_project_CICD_TDD.dir/C_/pico-sdk/src/rp2_common/pico_stdio_usb/stdio_usb.c.obj
 .text.stdio_usb_init
                0x10001d60       0xe8 CMakeFiles/Mgs_project_CICD_TDD.dir/C_/pico-sdk/src/rp2_common/pico_stdio_usb/stdio_usb.c.obj
                0x10001d60                stdio_usb_init
 .text.tud_descriptor_device_cb
                0x10001e48        0x8 CMakeFiles/Mgs_project_CICD_TDD.dir/C_/pico-sdk/src/rp2_common/pico_stdio_usb/stdio_usb_descriptors.c.obj
                0x10001e48                tud_descriptor_device_cb
 .text.tud_descriptor_configuration_cb
                0x10001e50        0x8 CMakeFiles/Mgs_project_CICD_TDD.dir/C_/pico-sdk/src/rp2_common/pico_stdio_usb/stdio_usb_descriptors.c.obj
                0x10001e50                tud_descriptor_configuration_cb
 .text.tud_descriptor_string_cb
                0x10001e58       0x70 CMakeFiles/Mgs_project_CICD_TDD.dir/C_/pico-sdk/src/rp2_common/pico_stdio_usb/stdio_usb_descriptors.c.obj
                0x10001e58                tud_descriptor_string_cb
 .text.startup._retrieve_unique_id_on_boot
                0x10001ec8       0x30 CMakeFiles/Mgs_project_CICD_TDD.dir/C_/pico-sdk/src/rp2_common/pico_unique_id/unique_id.c.obj
 .text.pico_get_unique_board_id_string
                0x10001ef8      0x184 CMakeFiles/Mgs_project_CICD_TDD.dir/C_/pico-sdk/src/rp2_common/pico_unique_id/unique_id.c.obj
                0x10001ef8                pico_get_unique_board_id_string
 .text.dcd_init
                0x1000207c       0x8c CMakeFiles/Mgs_project_CICD_TDD.dir/C_/pico-sdk/lib/tinyusb/src/portable/raspberrypi/rp2040/dcd_rp2040.c.obj
                0x1000207c                dcd_init
 .text.dcd_int_enable
                0x10002108        0x8 CMakeFiles/Mgs_project_CICD_TDD.dir/C_/pico-sdk/lib/tinyusb/src/portable/raspberrypi/rp2040/dcd_rp2040.c.obj
                0x10002108                dcd_int_enable
 .text.dcd_set_address
                0x10002110       0x10 CMakeFiles/Mgs_project_CICD_TDD.dir/C_/pico-sdk/lib/tinyusb/src/portable/raspberrypi/rp2040/dcd_rp2040.c.obj
                0x10002110                dcd_set_address
 .text.dcd_sof_enable
                0x10002120       0x1c CMakeFiles/Mgs_project_CICD_TDD.dir/C_/pico-sdk/lib/tinyusb/src/portable/raspberrypi/rp2040/dcd_rp2040.c.obj
                0x10002120                dcd_sof_enable
 .text.dcd_edpt0_status_complete
                0x1000213c       0x1c CMakeFiles/Mgs_project_CICD_TDD.dir/C_/pico-sdk/lib/tinyusb/src/portable/raspberrypi/rp2040/dcd_rp2040.c.obj
                0x1000213c                dcd_edpt0_status_complete
 .text.dcd_edpt_open
                0x10002158      0x104 CMakeFiles/Mgs_project_CICD_TDD.dir/C_/pico-sdk/lib/tinyusb/src/portable/raspberrypi/rp2040/dcd_rp2040.c.obj
                0x10002158                dcd_edpt_open
 .text.dcd_edpt_close_all
                0x1000225c        0x4 CMakeFiles/Mgs_project_CICD_TDD.dir/C_/pico-sdk/lib/tinyusb/src/portable/raspberrypi/rp2040/dcd_rp2040.c.obj
                0x1000225c                dcd_edpt_close_all
 .text.dcd_edpt_xfer
                0x10002260       0x28 CMakeFiles/Mgs_project_CICD_TDD.dir/C_/pico-sdk/lib/tinyusb/src/portable/raspberrypi/rp2040/dcd_rp2040.c.obj
                0x10002260                dcd_edpt_xfer
 .text.dcd_edpt_stall
                0x10002288       0x30 CMakeFiles/Mgs_project_CICD_TDD.dir/C_/pico-sdk/lib/tinyusb/src/portable/raspberrypi/rp2040/dcd_rp2040.c.obj
                0x10002288                dcd_edpt_stall
 .text.dcd_edpt_clear_stall
                0x100022b8       0x24 CMakeFiles/Mgs_project_CICD_TDD.dir/C_/pico-sdk/lib/tinyusb/src/portable/raspberrypi/rp2040/dcd_rp2040.c.obj
                0x100022b8                dcd_edpt_clear_stall
 .text.rp2040_usb_init
                0x100022dc       0x40 CMakeFiles/Mgs_project_CICD_TDD.dir/C_/pico-sdk/lib/tinyusb/src/portable/raspberrypi/rp2040/rp2040_usb.c.obj
                0x100022dc                rp2040_usb_init
 .text.hw_endpoint_xfer_start
                0x1000231c       0x40 CMakeFiles/Mgs_project_CICD_TDD.dir/C_/pico-sdk/lib/tinyusb/src/portable/raspberrypi/rp2040/rp2040_usb.c.obj
                0x1000231c                hw_endpoint_xfer_start
 .text.configuration_reset
                0x1000235c       0x8c CMakeFiles/Mgs_project_CICD_TDD.dir/C_/pico-sdk/lib/tinyusb/src/device/usbd.c.obj
 .text.tud_event_hook_cb
                0x100023e8        0x4 CMakeFiles/Mgs_project_CICD_TDD.dir/C_/pico-sdk/lib/tinyusb/src/device/usbd.c.obj
                0x100023e8                tud_event_hook_cb
 .text.tud_sof_cb
                0x100023ec        0x4 CMakeFiles/Mgs_project_CICD_TDD.dir/C_/pico-sdk/lib/tinyusb/src/device/usbd.c.obj
                0x100023ec                tud_sof_cb
 .text.tud_descriptor_device_qualifier_cb
                0x100023f0        0x4 CMakeFiles/Mgs_project_CICD_TDD.dir/C_/pico-sdk/lib/tinyusb/src/device/usbd.c.obj
                0x100023f0                tud_descriptor_device_qualifier_cb
 .text.tud_descriptor_other_speed_configuration_cb
                0x100023f4        0x4 CMakeFiles/Mgs_project_CICD_TDD.dir/C_/pico-sdk/lib/tinyusb/src/device/usbd.c.obj
                0x100023f4                tud_descriptor_other_speed_configuration_cb
 .text.tud_mount_cb
                0x100023f8        0x4 CMakeFiles/Mgs_project_CICD_TDD.dir/C_/pico-sdk/lib/tinyusb/src/device/usbd.c.obj
                0x100023f8                tud_mount_cb
 .text.tud_umount_cb
                0x100023fc        0x4 CMakeFiles/Mgs_project_CICD_TDD.dir/C_/pico-sdk/lib/tinyusb/src/device/usbd.c.obj
                0x100023fc                tud_umount_cb
 .text.tud_suspend_cb
                0x10002400        0x4 CMakeFiles/Mgs_project_CICD_TDD.dir/C_/pico-sdk/lib/tinyusb/src/device/usbd.c.obj
                0x10002400                tud_suspend_cb
 .text.tud_resume_cb
                0x10002404        0x4 CMakeFiles/Mgs_project_CICD_TDD.dir/C_/pico-sdk/lib/tinyusb/src/device/usbd.c.obj
                0x10002404                tud_resume_cb
 .text.tud_mounted
                0x10002408       0x10 CMakeFiles/Mgs_project_CICD_TDD.dir/C_/pico-sdk/lib/tinyusb/src/device/usbd.c.obj
                0x10002408                tud_mounted
 .text.tud_suspended
                0x10002418       0x10 CMakeFiles/Mgs_project_CICD_TDD.dir/C_/pico-sdk/lib/tinyusb/src/device/usbd.c.obj
                0x10002418                tud_suspended
 .text.tud_rhport_init
                0x10002428       0xf4 CMakeFiles/Mgs_project_CICD_TDD.dir/C_/pico-sdk/lib/tinyusb/src/device/usbd.c.obj
                0x10002428                tud_rhport_init
 .text.tud_task_ext
                0x1000251c      0x784 CMakeFiles/Mgs_project_CICD_TDD.dir/C_/pico-sdk/lib/tinyusb/src/device/usbd.c.obj
                0x1000251c                tud_task_ext
 .text.usbd_open_edpt_pair
                0x10002ca0       0x9c CMakeFiles/Mgs_project_CICD_TDD.dir/C_/pico-sdk/lib/tinyusb/src/device/usbd.c.obj
                0x10002ca0                usbd_open_edpt_pair
 .text.usbd_edpt_open
                0x10002d3c       0x44 CMakeFiles/Mgs_project_CICD_TDD.dir/C_/pico-sdk/lib/tinyusb/src/device/usbd.c.obj
                0x10002d3c                usbd_edpt_open
 .text.usbd_edpt_claim
                0x10002d80       0x24 CMakeFiles/Mgs_project_CICD_TDD.dir/C_/pico-sdk/lib/tinyusb/src/device/usbd.c.obj
                0x10002d80                usbd_edpt_claim
 .text.usbd_edpt_release
                0x10002da4       0x24 CMakeFiles/Mgs_project_CICD_TDD.dir/C_/pico-sdk/lib/tinyusb/src/device/usbd.c.obj
                0x10002da4                usbd_edpt_release
 .text.usbd_edpt_xfer
                0x10002dc8       0x70 CMakeFiles/Mgs_project_CICD_TDD.dir/C_/pico-sdk/lib/tinyusb/src/device/usbd.c.obj
                0x10002dc8                usbd_edpt_xfer
 .text.tud_control_status
                0x10002e38       0x34 CMakeFiles/Mgs_project_CICD_TDD.dir/C_/pico-sdk/lib/tinyusb/src/device/usbd_control.c.obj
                0x10002e38                tud_control_status
 .text.tud_control_xfer
                0x10002e6c       0xb0 CMakeFiles/Mgs_project_CICD_TDD.dir/C_/pico-sdk/lib/tinyusb/src/device/usbd_control.c.obj
                0x10002e6c                tud_control_xfer
 .text.usbd_control_reset
                0x10002f1c       0x14 CMakeFiles/Mgs_project_CICD_TDD.dir/C_/pico-sdk/lib/tinyusb/src/device/usbd_control.c.obj
                0x10002f1c                usbd_control_reset
 .text.usbd_control_set_complete_callback
                0x10002f30        0xc CMakeFiles/Mgs_project_CICD_TDD.dir/C_/pico-sdk/lib/tinyusb/src/device/usbd_control.c.obj
                0x10002f30                usbd_control_set_complete_callback
 .text.usbd_control_set_request
                0x10002f3c       0x1c CMakeFiles/Mgs_project_CICD_TDD.dir/C_/pico-sdk/lib/tinyusb/src/device/usbd_control.c.obj
                0x10002f3c                usbd_control_set_request
 .text.usbd_control_xfer_cb
                0x10002f58      0x100 CMakeFiles/Mgs_project_CICD_TDD.dir/C_/pico-sdk/lib/tinyusb/src/device/usbd_control.c.obj
                0x10002f58                usbd_control_xfer_cb
 .text._prep_out_transaction.isra.0
                0x10003058       0x74 CMakeFiles/Mgs_project_CICD_TDD.dir/C_/pico-sdk/lib/tinyusb/src/class/cdc/cdc_device.c.obj
 .text.tud_cdc_n_connected
                0x100030cc       0x2c CMakeFiles/Mgs_project_CICD_TDD.dir/C_/pico-sdk/lib/tinyusb/src/class/cdc/cdc_device.c.obj
                0x100030cc                tud_cdc_n_connected
 .text.tud_cdc_n_available
                0x100030f8       0x14 CMakeFiles/Mgs_project_CICD_TDD.dir/C_/pico-sdk/lib/tinyusb/src/class/cdc/cdc_device.c.obj
                0x100030f8                tud_cdc_n_available
 .text.tud_cdc_n_read
                0x1000310c       0x90 CMakeFiles/Mgs_project_CICD_TDD.dir/C_/pico-sdk/lib/tinyusb/src/class/cdc/cdc_device.c.obj
                0x1000310c                tud_cdc_n_read
 .text.tud_cdc_n_write_flush
                0x1000319c       0x8c CMakeFiles/Mgs_project_CICD_TDD.dir/C_/pico-sdk/lib/tinyusb/src/class/cdc/cdc_device.c.obj
                0x1000319c                tud_cdc_n_write_flush
 .text.tud_cdc_n_write
                0x10003228       0x40 CMakeFiles/Mgs_project_CICD_TDD.dir/C_/pico-sdk/lib/tinyusb/src/class/cdc/cdc_device.c.obj
                0x10003228                tud_cdc_n_write
 .text.tud_cdc_n_write_available
                0x10003268       0x14 CMakeFiles/Mgs_project_CICD_TDD.dir/C_/pico-sdk/lib/tinyusb/src/class/cdc/cdc_device.c.obj
                0x10003268                tud_cdc_n_write_available
 .text.cdcd_init
                0x1000327c       0x70 CMakeFiles/Mgs_project_CICD_TDD.dir/C_/pico-sdk/lib/tinyusb/src/class/cdc/cdc_device.c.obj
                0x1000327c                cdcd_init
 .text.cdcd_deinit
                0x100032ec       0x30 CMakeFiles/Mgs_project_CICD_TDD.dir/C_/pico-sdk/lib/tinyusb/src/class/cdc/cdc_device.c.obj
                0x100032ec                cdcd_deinit
 .text.cdcd_reset
                0x1000331c       0x4c CMakeFiles/Mgs_project_CICD_TDD.dir/C_/pico-sdk/lib/tinyusb/src/class/cdc/cdc_device.c.obj
                0x1000331c                cdcd_reset
 .text.cdcd_open
                0x10003368       0xc0 CMakeFiles/Mgs_project_CICD_TDD.dir/C_/pico-sdk/lib/tinyusb/src/class/cdc/cdc_device.c.obj
                0x10003368                cdcd_open
 .text.cdcd_control_xfer_cb
                0x10003428       0xc0 CMakeFiles/Mgs_project_CICD_TDD.dir/C_/pico-sdk/lib/tinyusb/src/class/cdc/cdc_device.c.obj
                0x10003428                cdcd_control_xfer_cb
 .text.cdcd_xfer_cb
                0x100034e8       0xf8 CMakeFiles/Mgs_project_CICD_TDD.dir/C_/pico-sdk/lib/tinyusb/src/class/cdc/cdc_device.c.obj
                0x100034e8                cdcd_xfer_cb
 .text.vendord_init
                0x100035e0       0x5c CMakeFiles/Mgs_project_CICD_TDD.dir/C_/pico-sdk/lib/tinyusb/src/class/vendor/vendor_device.c.obj
                0x100035e0                vendord_init
 .text.vendord_deinit
                0x1000363c       0x1c CMakeFiles/Mgs_project_CICD_TDD.dir/C_/pico-sdk/lib/tinyusb/src/class/vendor/vendor_device.c.obj
                0x1000363c                vendord_deinit
 .text.vendord_reset
                0x10003658       0x24 CMakeFiles/Mgs_project_CICD_TDD.dir/C_/pico-sdk/lib/tinyusb/src/class/vendor/vendor_device.c.obj
                0x10003658                vendord_reset
 .text.vendord_open
                0x1000367c       0xf4 CMakeFiles/Mgs_project_CICD_TDD.dir/C_/pico-sdk/lib/tinyusb/src/class/vendor/vendor_device.c.obj
                0x1000367c                vendord_open
 .text.vendord_xfer_cb
                0x10003770       0x88 CMakeFiles/Mgs_project_CICD_TDD.dir/C_/pico-sdk/lib/tinyusb/src/class/vendor/vendor_device.c.obj
                0x10003770                vendord_xfer_cb
 .text.tusb_rhport_init
                0x100037f8       0x64 CMakeFiles/Mgs_project_CICD_TDD.dir/C_/pico-sdk/lib/tinyusb/src/tusb.c.obj
                0x100037f8                tusb_rhport_init
 .text.tu_edpt_claim
                0x1000385c       0x54 CMakeFiles/Mgs_project_CICD_TDD.dir/C_/pico-sdk/lib/tinyusb/src/tusb.c.obj
                0x1000385c                tu_edpt_claim
 .text.tu_edpt_release
                0x100038b0       0x38 CMakeFiles/Mgs_project_CICD_TDD.dir/C_/pico-sdk/lib/tinyusb/src/tusb.c.obj
                0x100038b0                tu_edpt_release
 .text.tu_edpt_validate
                0x100038e8       0x60 CMakeFiles/Mgs_project_CICD_TDD.dir/C_/pico-sdk/lib/tinyusb/src/tusb.c.obj
                0x100038e8                tu_edpt_validate
 .text.tu_edpt_bind_driver
                0x10003948       0x58 CMakeFiles/Mgs_project_CICD_TDD.dir/C_/pico-sdk/lib/tinyusb/src/tusb.c.obj
                0x10003948                tu_edpt_bind_driver
 .text.tu_edpt_stream_init
                0x100039a0       0x58 CMakeFiles/Mgs_project_CICD_TDD.dir/C_/pico-sdk/lib/tinyusb/src/tusb.c.obj
                0x100039a0                tu_edpt_stream_init
 .text.tu_edpt_stream_deinit
                0x100039f8        0x4 CMakeFiles/Mgs_project_CICD_TDD.dir/C_/pico-sdk/lib/tinyusb/src/tusb.c.obj
                0x100039f8                tu_edpt_stream_deinit
 .text.tu_edpt_stream_write_zlp_if_needed
                0x100039fc       0x68 CMakeFiles/Mgs_project_CICD_TDD.dir/C_/pico-sdk/lib/tinyusb/src/tusb.c.obj
                0x100039fc                tu_edpt_stream_write_zlp_if_needed
 .text.tu_edpt_stream_write_xfer
                0x10003a64       0x70 CMakeFiles/Mgs_project_CICD_TDD.dir/C_/pico-sdk/lib/tinyusb/src/tusb.c.obj
                0x10003a64                tu_edpt_stream_write_xfer
 .text.tu_edpt_stream_read_xfer
                0x10003ad4       0xc8 CMakeFiles/Mgs_project_CICD_TDD.dir/C_/pico-sdk/lib/tinyusb/src/tusb.c.obj
                0x10003ad4                tu_edpt_stream_read_xfer
 .text.tu_fifo_config
                0x10003b9c       0x60 CMakeFiles/Mgs_project_CICD_TDD.dir/C_/pico-sdk/lib/tinyusb/src/common/tusb_fifo.c.obj
                0x10003b9c                tu_fifo_config
 .text.tu_fifo_count
                0x10003bfc       0x20 CMakeFiles/Mgs_project_CICD_TDD.dir/C_/pico-sdk/lib/tinyusb/src/common/tusb_fifo.c.obj
                0x10003bfc                tu_fifo_count
 .text.tu_fifo_empty
                0x10003c1c       0x14 CMakeFiles/Mgs_project_CICD_TDD.dir/C_/pico-sdk/lib/tinyusb/src/common/tusb_fifo.c.obj
                0x10003c1c                tu_fifo_empty
 .text.tu_fifo_remaining
                0x10003c30       0x24 CMakeFiles/Mgs_project_CICD_TDD.dir/C_/pico-sdk/lib/tinyusb/src/common/tusb_fifo.c.obj
                0x10003c30                tu_fifo_remaining
 .text.tu_fifo_read
                0x10003c54       0x94 CMakeFiles/Mgs_project_CICD_TDD.dir/C_/pico-sdk/lib/tinyusb/src/common/tusb_fifo.c.obj
                0x10003c54                tu_fifo_read
 .text.tu_fifo_read_n
                0x10003ce8       0xd8 CMakeFiles/Mgs_project_CICD_TDD.dir/C_/pico-sdk/lib/tinyusb/src/common/tusb_fifo.c.obj
                0x10003ce8                tu_fifo_read_n
 .text.tu_fifo_write
                0x10003dc0       0xa4 CMakeFiles/Mgs_project_CICD_TDD.dir/C_/pico-sdk/lib/tinyusb/src/common/tusb_fifo.c.obj
                0x10003dc0                tu_fifo_write
 .text.tu_fifo_write_n
                0x10003e64      0x164 CMakeFiles/Mgs_project_CICD_TDD.dir/C_/pico-sdk/lib/tinyusb/src/common/tusb_fifo.c.obj
                0x10003e64                tu_fifo_write_n
 .text.tu_fifo_clear
                0x10003fc8       0x38 CMakeFiles/Mgs_project_CICD_TDD.dir/C_/pico-sdk/lib/tinyusb/src/common/tusb_fifo.c.obj
                0x10003fc8                tu_fifo_clear
 .text.tu_fifo_set_overwritable
                0x10004000       0x3c CMakeFiles/Mgs_project_CICD_TDD.dir/C_/pico-sdk/lib/tinyusb/src/common/tusb_fifo.c.obj
                0x10004000                tu_fifo_set_overwritable
 .text.memset   0x1000403c       0x9c C:/armgcc/bin/../lib/gcc/arm-none-eabi/14.3.1/../../../../arm-none-eabi/lib/thumb/v8-m.main+fp/softfp\libg.a(libc_a-memset.o)
                0x1000403c                memset
 .text          0x100040d8       0xec C:/armgcc/bin/../lib/gcc/arm-none-eabi/14.3.1/../../../../arm-none-eabi/lib/thumb/v8-m.main+fp/softfp\libg.a(libc_a-memcpy.o)
                0x100040d8                memcpy
 .text.strlen   0x100041c4       0x5c C:/armgcc/bin/../lib/gcc/arm-none-eabi/14.3.1/../../../../arm-none-eabi/lib/thumb/v8-m.main+fp/softfp\libg.a(libc_a-strlen-stub.o)
                0x100041c4                strlen
 *(.fini)
 .fini          0x10004220        0x4 C:/armgcc/bin/../lib/gcc/arm-none-eabi/14.3.1/thumb/v8-m.main+fp/softfp/crti.o
                0x10004220                _fini
 *fill*         0x10004224        0x4 
 .fini.__stub   0x10004228       0x48 linker stubs
 *crtbegin.o(.ctors)
 *crtbegin?.o(.ctors)
 *(EXCLUDE_FILE(*crtend.o *crtend?.o) .ctors)
 *(SORT_BY_NAME(.ctors.*))
 *(.ctors)
 *crtbegin.o(.dtors)
 *crtbegin?.o(.dtors)
 *(EXCLUDE_FILE(*crtend.o *crtend?.o) .dtors)
 *(SORT_BY_NAME(.dtors.*))
 *(.dtors)
                0x10004270                        . = ALIGN (0x4)
                0x10004270                        PROVIDE (__preinit_array_start = .)
 *(SORT_BY_NAME(.preinit_array.*))
 .preinit_array.00050
                0x10004270        0x4 CMakeFiles/Mgs_project_CICD_TDD.dir/C_/pico-sdk/src/rp2_common/pico_runtime_init/runtime_init.c.obj
                0x10004270                __pre_init_runtime_init_bootrom_reset
 .preinit_array.00100
                0x10004274        0x4 CMakeFiles/Mgs_project_CICD_TDD.dir/C_/pico-sdk/src/rp2_common/pico_runtime_init/runtime_init.c.obj
                0x10004274                __pre_init_runtime_init_early_resets
 .preinit_array.00101
                0x10004278        0x4 CMakeFiles/Mgs_project_CICD_TDD.dir/C_/pico-sdk/src/rp2_common/pico_runtime_init/runtime_init.c.obj
                0x10004278                __pre_init_runtime_init_usb_power_down
 .preinit_array.00500
                0x1000427c        0x4 CMakeFiles/Mgs_project_CICD_TDD.dir/C_/pico-sdk/src/rp2_common/pico_runtime_init/runtime_init.c.obj
                0x1000427c                __pre_init_runtime_init_clocks
 .preinit_array.00600
                0x10004280        0x4 CMakeFiles/Mgs_project_CICD_TDD.dir/C_/pico-sdk/src/rp2_common/pico_runtime_init/runtime_init.c.obj
                0x10004280                __pre_init_runtime_init_post_clock_resets
 .preinit_array.01000
                0x10004284        0x4 CMakeFiles/Mgs_project_CICD_TDD.dir/C_/pico-sdk/src/rp2_common/hardware_boot_lock/boot_lock.c.obj
                0x10004284                __pre_init_runtime_init_boot_locks_reset
 .preinit_array.01000
                0x10004288        0x4 CMakeFiles/Mgs_project_CICD_TDD.dir/C_/pico-sdk/src/rp2_common/pico_runtime_init/runtime_init.c.obj
                0x10004288                __pre_init_runtime_init_spin_locks_reset
 .preinit_array.01010
                0x1000428c        0x4 CMakeFiles/Mgs_project_CICD_TDD.dir/C_/pico-sdk/src/rp2_common/pico_bootrom/bootrom_lock.c.obj
                0x1000428c                __pre_init_runtime_init_bootrom_locking_enable
 .preinit_array.01100
                0x10004290        0x4 CMakeFiles/Mgs_project_CICD_TDD.dir/C_/pico-sdk/src/common/pico_sync/mutex.c.obj
                0x10004290                __pre_init_runtime_init_mutex
 .preinit_array.10080
                0x10004294        0x4 CMakeFiles/Mgs_project_CICD_TDD.dir/C_/pico-sdk/src/rp2_common/pico_runtime_init/runtime_init.c.obj
                0x10004294                __pre_init_runtime_init_install_ram_vector_table
 .preinit_array.11000
                0x10004298        0x4 CMakeFiles/Mgs_project_CICD_TDD.dir/C_/pico-sdk/src/common/pico_time/time.c.obj
                0x10004298                __pre_init_runtime_init_default_alarm_pool
 .preinit_array.YYYYY
                0x1000429c        0x4 CMakeFiles/Mgs_project_CICD_TDD.dir/C_/pico-sdk/src/rp2_common/pico_runtime/runtime.c.obj
                0x1000429c                __pre_init_first_per_core_initializer
 .preinit_array.ZZZZZ.00051
                0x100042a0        0x4 CMakeFiles/Mgs_project_CICD_TDD.dir/C_/pico-sdk/src/rp2_common/pico_runtime_init/runtime_init.c.obj
                0x100042a0                __pre_init_runtime_init_per_core_bootrom_reset
 .preinit_array.ZZZZZ.00200
                0x100042a4        0x4 CMakeFiles/Mgs_project_CICD_TDD.dir/C_/pico-sdk/src/rp2_common/pico_runtime_init/runtime_init.c.obj
                0x100042a4                __pre_init_runtime_init_per_core_enable_coprocessors
 .preinit_array.ZZZZZ.01000
                0x100042a8        0x4 CMakeFiles/Mgs_project_CICD_TDD.dir/C_/pico-sdk/src/rp2_common/hardware_sync_spin_lock/sync_spin_lock.c.obj
                0x100042a8                __pre_init_spinlock_set_extexclall
 .preinit_array.ZZZZZ.01200
                0x100042ac        0x4 CMakeFiles/Mgs_project_CICD_TDD.dir/C_/pico-sdk/src/rp2_common/hardware_irq/irq.c.obj
                0x100042ac                __pre_init_runtime_init_per_core_irq_priorities
 *(.preinit_array)
                0x100042b0                        PROVIDE (__preinit_array_end = .)
                0x100042b0                        . = ALIGN (0x4)
                0x100042b0                        PROVIDE (__init_array_start = .)
 *(SORT_BY_NAME(.init_array.*))
 .init_array.01000
                0x100042b0        0x4 CMakeFiles/Mgs_project_CICD_TDD.dir/C_/pico-sdk/src/rp2_common/pico_unique_id/unique_id.c.obj
 *(.init_array)
 .init_array    0x100042b4        0x4 C:/armgcc/bin/../lib/gcc/arm-none-eabi/14.3.1/thumb/v8-m.main+fp/softfp/crtbegin.o
                0x100042b8                        PROVIDE (__init_array_end = .)
                0x100042b8                        . = ALIGN (0x4)
                [!provide]                        PROVIDE (__fini_array_start = .)
 *(SORT_BY_NAME(.fini_array.*))
 *(.fini_array)
                [!provide]                        PROVIDE (__fini_array_end = .)
 *(.eh_frame*)
 .eh_frame      0x100042b8        0x0 C:/armgcc/bin/../lib/gcc/arm-none-eabi/14.3.1/thumb/v8-m.main+fp/softfp/crtbegin.o
                0x100042b8                        . = ALIGN (0x4)

.glue_7         0x100042b8        0x0
 .glue_7        0x100042b8        0x0 linker stubs

.glue_7t        0x100042b8        0x0
 .glue_7t       0x100042b8        0x0 linker stubs

.vfp11_veneer   0x100042b8        0x0
 .vfp11_veneer  0x100042b8        0x0 linker stubs

.v4_bx          0x100042b8        0x0
 .v4_bx         0x100042b8        0x0 linker stubs

.iplt           0x100042b8        0x0
 .iplt          0x100042b8        0x0 C:/armgcc/bin/../lib/gcc/arm-none-eabi/14.3.1/thumb/v8-m.main+fp/softfp/crtbegin.o

.boot2          0x100042b8        0x0
                0x100042b8                        __boot2_start__ = .
 *(.boot2)
                0x100042b8                        __boot2_end__ = .
                0x00000001                        ASSERT (((__boot2_end__ - __boot2_start__) <= 0x100), ERROR: Pico second stage bootloader must be no more than 256 bytes in size)

.rodata         0x100042b8      0x388
 *(EXCLUDE_FILE(*libm.a: *libc.a:*lib_a-mem*.o *libgcc.a:) .rodata*)
 .rodata.main.str1.4
                0x100042b8      0x178 CMakeFiles/Mgs_project_CICD_TDD.dir/src/blink.c.obj
                                 0x11 (size before relaxing)
 .rodata.panic.str1.4
                0x10004430       0x12 CMakeFiles/Mgs_project_CICD_TDD.dir/C_/pico-sdk/src/rp2_common/pico_platform_panic/panic.c.obj
 .rodata.spin_lock_claim_unused.str1.4
                0x10004430       0x1b CMakeFiles/Mgs_project_CICD_TDD.dir/C_/pico-sdk/src/rp2_common/hardware_sync/sync.c.obj
 .rodata.user_irq_claim_unused.str1.4
                0x10004430       0x1b CMakeFiles/Mgs_project_CICD_TDD.dir/C_/pico-sdk/src/rp2_common/hardware_irq/irq.c.obj
 .rodata.timer_hardware_alarm_claim.str1.4
                0x10004430       0x22 CMakeFiles/Mgs_project_CICD_TDD.dir/C_/pico-sdk/src/rp2_common/hardware_timer/timer.c.obj
 .rodata.hard_assertion_failure.str1.4
                0x10004430        0xc CMakeFiles/Mgs_project_CICD_TDD.dir/C_/pico-sdk/src/rp2_common/pico_runtime/runtime.c.obj
 .rodata.str1.4
                0x10004430       0x4c CMakeFiles/Mgs_project_CICD_TDD.dir/C_/pico-sdk/src/rp2_common/pico_standard_binary_info/standard_binary_info.c.obj
 .rodata.__bi_84
                0x10004430        0xc CMakeFiles/Mgs_project_CICD_TDD.dir/C_/pico-sdk/src/rp2_common/pico_standard_binary_info/standard_binary_info.c.obj
 .rodata.__bi_78
                0x1000443c        0xc CMakeFiles/Mgs_project_CICD_TDD.dir/C_/pico-sdk/src/rp2_common/pico_standard_binary_info/standard_binary_info.c.obj
 .rodata.__bi_54
                0x10004448        0xc CMakeFiles/Mgs_project_CICD_TDD.dir/C_/pico-sdk/src/rp2_common/pico_standard_binary_info/standard_binary_info.c.obj
 .rodata.__bi_48
                0x10004454        0xc CMakeFiles/Mgs_project_CICD_TDD.dir/C_/pico-sdk/src/rp2_common/pico_standard_binary_info/standard_binary_info.c.obj
 .rodata.__bi_42
                0x10004460        0xc CMakeFiles/Mgs_project_CICD_TDD.dir/C_/pico-sdk/src/rp2_common/pico_standard_binary_info/standard_binary_info.c.obj
 .rodata.__bi_34
                0x1000446c        0xc CMakeFiles/Mgs_project_CICD_TDD.dir/C_/pico-sdk/src/rp2_common/pico_standard_binary_info/standard_binary_info.c.obj
 .rodata.__bi_26
                0x10004478        0xc CMakeFiles/Mgs_project_CICD_TDD.dir/C_/pico-sdk/src/rp2_common/pico_standard_binary_info/standard_binary_info.c.obj
 .rodata.crlf_str.0
                0x10004484        0x2 CMakeFiles/Mgs_project_CICD_TDD.dir/C_/pico-sdk/src/rp2_common/pico_stdio/stdio.c.obj
 *fill*         0x10004486        0x2 
 .rodata._resetd_driver
                0x10004488       0x20 CMakeFiles/Mgs_project_CICD_TDD.dir/C_/pico-sdk/src/rp2_common/pico_stdio_usb/reset_interface.c.obj
 .rodata.desc_ms_os_20
                0x100044a8       0xa6 CMakeFiles/Mgs_project_CICD_TDD.dir/C_/pico-sdk/src/rp2_common/pico_stdio_usb/reset_interface.c.obj
 *fill*         0x1000454e        0x2 
 .rodata.desc_bos
                0x10004550       0x21 CMakeFiles/Mgs_project_CICD_TDD.dir/C_/pico-sdk/src/rp2_common/pico_stdio_usb/reset_interface.c.obj
                0x10004550                desc_bos
 .rodata.str1.4
                0x10004571       0x13 CMakeFiles/Mgs_project_CICD_TDD.dir/C_/pico-sdk/src/rp2_common/pico_stdio_usb/stdio_usb.c.obj
 *fill*         0x10004571        0x3 
 .rodata.__bi_202.0
                0x10004574        0xc CMakeFiles/Mgs_project_CICD_TDD.dir/C_/pico-sdk/src/rp2_common/pico_stdio_usb/stdio_usb.c.obj
 .rodata.str1.4
                0x10004580       0x2a CMakeFiles/Mgs_project_CICD_TDD.dir/C_/pico-sdk/src/rp2_common/pico_stdio_usb/stdio_usb_descriptors.c.obj
 .rodata.usbd_desc_str
                0x10004580       0x18 CMakeFiles/Mgs_project_CICD_TDD.dir/C_/pico-sdk/src/rp2_common/pico_stdio_usb/stdio_usb_descriptors.c.obj
 .rodata.usbd_desc_cfg
                0x10004598       0x54 CMakeFiles/Mgs_project_CICD_TDD.dir/C_/pico-sdk/src/rp2_common/pico_stdio_usb/stdio_usb_descriptors.c.obj
 .rodata.usbd_desc_device
                0x100045ec       0x12 CMakeFiles/Mgs_project_CICD_TDD.dir/C_/pico-sdk/src/rp2_common/pico_stdio_usb/stdio_usb_descriptors.c.obj
 .rodata.str1.4
                0x100045fe       0x14 CMakeFiles/Mgs_project_CICD_TDD.dir/C_/pico-sdk/lib/tinyusb/src/portable/raspberrypi/rp2040/dcd_rp2040.c.obj
 .rodata.str1.4
                0x100045fe       0x48 CMakeFiles/Mgs_project_CICD_TDD.dir/C_/pico-sdk/lib/tinyusb/src/portable/raspberrypi/rp2040/rp2040_usb.c.obj
 *fill*         0x100045fe        0x2 
 .rodata._usbd_driver
                0x10004600       0x40 CMakeFiles/Mgs_project_CICD_TDD.dir/C_/pico-sdk/lib/tinyusb/src/device/usbd.c.obj
 *(.srodata*)
                0x10004640                        . = ALIGN (0x4)
 *(SORT_BY_ALIGNMENT(SORT_BY_NAME(.flashdata*)))
                0x10004640                        . = ALIGN (0x4)

.ARM.extab
 *(.ARM.extab* .gnu.linkonce.armextab.*)
                0x10004640                        __exidx_start = .

.ARM.exidx      0x10004640        0x8
 *(.ARM.exidx* .gnu.linkonce.armexidx.*)
 .ARM.exidx     0x10004640        0x8 C:/armgcc/bin/../lib/gcc/arm-none-eabi/14.3.1/../../../../arm-none-eabi/lib/thumb/v8-m.main+fp/softfp\libg.a(libc_a-memcpy.o)
                0x10004648                        __exidx_end = .
                0x10004648                        . = ALIGN (0x4)
                0x10004648                        __binary_info_start = .

.binary_info    0x10004648       0x20
 *(.binary_info.keep.*)
 .binary_info.keep.__bi_ptr84
                0x10004648        0x4 CMakeFiles/Mgs_project_CICD_TDD.dir/C_/pico-sdk/src/rp2_common/pico_standard_binary_info/standard_binary_info.c.obj
 .binary_info.keep.__bi_ptr78
                0x1000464c        0x4 CMakeFiles/Mgs_project_CICD_TDD.dir/C_/pico-sdk/src/rp2_common/pico_standard_binary_info/standard_binary_info.c.obj
 .binary_info.keep.__bi_ptr54
                0x10004650        0x4 CMakeFiles/Mgs_project_CICD_TDD.dir/C_/pico-sdk/src/rp2_common/pico_standard_binary_info/standard_binary_info.c.obj
 .binary_info.keep.__bi_ptr48
                0x10004654        0x4 CMakeFiles/Mgs_project_CICD_TDD.dir/C_/pico-sdk/src/rp2_common/pico_standard_binary_info/standard_binary_info.c.obj
 .binary_info.keep.__bi_ptr42
                0x10004658        0x4 CMakeFiles/Mgs_project_CICD_TDD.dir/C_/pico-sdk/src/rp2_common/pico_standard_binary_info/standard_binary_info.c.obj
 .binary_info.keep.__bi_ptr34
                0x1000465c        0x4 CMakeFiles/Mgs_project_CICD_TDD.dir/C_/pico-sdk/src/rp2_common/pico_standard_binary_info/standard_binary_info.c.obj
 .binary_info.keep.__bi_ptr26
                0x10004660        0x4 CMakeFiles/Mgs_project_CICD_TDD.dir/C_/pico-sdk/src/rp2_common/pico_standard_binary_info/standard_binary_info.c.obj
 *(.binary_info.*)
 .binary_info.__bi_ptr202
                0x10004664        0x4 CMakeFiles/Mgs_project_CICD_TDD.dir/C_/pico-sdk/src/rp2_common/pico_stdio_usb/stdio_usb.c.obj
                0x10004668                        __binary_info_end = .
                0x10004668                        . = ALIGN (0x4)

.ram_vector_table
                0x20000000      0x110
 *(.ram_vector_table)
 .ram_vector_table
                0x20000000      0x110 CMakeFiles/Mgs_project_CICD_TDD.dir/C_/pico-sdk/src/rp2_common/pico_runtime_init/runtime_init.c.obj
                0x20000000                ram_vector_table

.uninitialized_data
                0x20000110        0x0
                0x20000110                        . = ALIGN (0x4)
 *(.uninitialized_data*)

.data           0x20000110      0xd94 load address 0x10004668
                0x20000110                        __data_start__ = .
 *(vtable)
 *(.time_critical*)
 .time_critical.mutex_try_enter
                0x20000110       0x50 CMakeFiles/Mgs_project_CICD_TDD.dir/C_/pico-sdk/src/common/pico_sync/mutex.c.obj
                0x20000110                mutex_try_enter
 .time_critical.mutex_enter_block_until
                0x20000160       0x6c CMakeFiles/Mgs_project_CICD_TDD.dir/C_/pico-sdk/src/common/pico_sync/mutex.c.obj
                0x20000160                mutex_enter_block_until
 .time_critical.mutex_try_enter_block_until
                0x200001cc       0x68 CMakeFiles/Mgs_project_CICD_TDD.dir/C_/pico-sdk/src/common/pico_sync/mutex.c.obj
                0x200001cc                mutex_try_enter_block_until
 .time_critical.mutex_enter_timeout_ms
                0x20000234       0x38 CMakeFiles/Mgs_project_CICD_TDD.dir/C_/pico-sdk/src/common/pico_sync/mutex.c.obj
                0x20000234                mutex_enter_timeout_ms
 .time_critical.mutex_exit
                0x2000026c       0x3c CMakeFiles/Mgs_project_CICD_TDD.dir/C_/pico-sdk/src/common/pico_sync/mutex.c.obj
                0x2000026c                mutex_exit
 .time_critical.reset_non_control_endpoints
                0x200002a8       0x64 CMakeFiles/Mgs_project_CICD_TDD.dir/C_/pico-sdk/lib/tinyusb/src/portable/raspberrypi/rp2040/dcd_rp2040.c.obj
 .time_critical.hw_handle_buff_status
                0x2000030c       0x90 CMakeFiles/Mgs_project_CICD_TDD.dir/C_/pico-sdk/lib/tinyusb/src/portable/raspberrypi/rp2040/dcd_rp2040.c.obj
 .time_critical.dcd_rp2040_irq
                0x2000039c      0x530 CMakeFiles/Mgs_project_CICD_TDD.dir/C_/pico-sdk/lib/tinyusb/src/portable/raspberrypi/rp2040/dcd_rp2040.c.obj
 .time_critical.prepare_ep_buffer
                0x200008cc       0xbc CMakeFiles/Mgs_project_CICD_TDD.dir/C_/pico-sdk/lib/tinyusb/src/portable/raspberrypi/rp2040/rp2040_usb.c.obj
 .time_critical.sync_ep_buffer
                0x20000988       0xb4 CMakeFiles/Mgs_project_CICD_TDD.dir/C_/pico-sdk/lib/tinyusb/src/portable/raspberrypi/rp2040/rp2040_usb.c.obj
 .time_critical._hw_endpoint_xfer_sync
                0x20000a3c       0x2c CMakeFiles/Mgs_project_CICD_TDD.dir/C_/pico-sdk/lib/tinyusb/src/portable/raspberrypi/rp2040/rp2040_usb.c.obj
 .time_critical.e15_is_bulkin_ep
                0x20000a68       0x28 CMakeFiles/Mgs_project_CICD_TDD.dir/C_/pico-sdk/lib/tinyusb/src/portable/raspberrypi/rp2040/rp2040_usb.c.obj
 .time_critical.e15_is_critical_frame_period
                0x20000a90       0x28 CMakeFiles/Mgs_project_CICD_TDD.dir/C_/pico-sdk/lib/tinyusb/src/portable/raspberrypi/rp2040/rp2040_usb.c.obj
 .time_critical.hw_endpoint_reset_transfer
                0x20000ab8        0xc CMakeFiles/Mgs_project_CICD_TDD.dir/C_/pico-sdk/lib/tinyusb/src/portable/raspberrypi/rp2040/rp2040_usb.c.obj
                0x20000ab8                hw_endpoint_reset_transfer
 .time_critical._hw_endpoint_buffer_control_update32
                0x20000ac4       0x44 CMakeFiles/Mgs_project_CICD_TDD.dir/C_/pico-sdk/lib/tinyusb/src/portable/raspberrypi/rp2040/rp2040_usb.c.obj
                0x20000ac4                _hw_endpoint_buffer_control_update32
 .time_critical.hw_endpoint_start_next_buffer
                0x20000b08       0x64 CMakeFiles/Mgs_project_CICD_TDD.dir/C_/pico-sdk/lib/tinyusb/src/portable/raspberrypi/rp2040/rp2040_usb.c.obj
                0x20000b08                hw_endpoint_start_next_buffer
 .time_critical.hw_endpoint_xfer_continue
                0x20000b6c       0x3c CMakeFiles/Mgs_project_CICD_TDD.dir/C_/pico-sdk/lib/tinyusb/src/portable/raspberrypi/rp2040/rp2040_usb.c.obj
                0x20000b6c                hw_endpoint_xfer_continue
 .time_critical.tinyusb
                0x20000ba8      0x224 CMakeFiles/Mgs_project_CICD_TDD.dir/C_/pico-sdk/lib/tinyusb/src/device/usbd.c.obj
                0x20000ba8                dcd_event_handler
 *fill*         0x20000dcc        0x4 
 .time_critical.tinyusb.__stub
                0x20000dd0       0x30 linker stubs
 *(.text*)
                0x20000e00                        . = ALIGN (0x4)
 *(.rodata*)
                0x20000e00                        . = ALIGN (0x4)
 *(.data*)
 .data.striped_spin_lock_num
                0x20000e00        0x1 CMakeFiles/Mgs_project_CICD_TDD.dir/C_/pico-sdk/src/rp2_common/hardware_sync/sync.c.obj
 *fill*         0x20000e01        0x3 
 .data          0x20000e04       0x48 CMakeFiles/Mgs_project_CICD_TDD.dir/C_/pico-sdk/src/rp2_common/hardware_irq/irq_handler_chain.S.obj
                0x20000e04                irq_handler_chain_slots
                0x20000e34                irq_handler_chain_first_slot
                0x20000e3e                irq_handler_chain_remove_tail
 .data.default_alarm_pool
                0x20000e4c       0x18 CMakeFiles/Mgs_project_CICD_TDD.dir/C_/pico-sdk/src/common/pico_time/time.c.obj
 .data.stdio_usb
                0x20000e64       0x18 CMakeFiles/Mgs_project_CICD_TDD.dir/C_/pico-sdk/src/rp2_common/pico_stdio_usb/stdio_usb.c.obj
                0x20000e64                stdio_usb
 .data._usbd_qdef
                0x20000e7c       0x1c CMakeFiles/Mgs_project_CICD_TDD.dir/C_/pico-sdk/lib/tinyusb/src/device/usbd.c.obj
                0x20000e7c                _usbd_qdef
 .data._usbd_rhport
                0x20000e98        0x1 CMakeFiles/Mgs_project_CICD_TDD.dir/C_/pico-sdk/lib/tinyusb/src/device/usbd.c.obj
 *(.sdata*)
                0x20000e9c                        . = ALIGN (0x4)
 *fill*         0x20000e99        0x3 
 *(.after_data.*)
                0x20000e9c                        . = ALIGN (0x4)
                0x20000e9c                        PROVIDE (__mutex_array_start = .)
 *(SORT_BY_NAME(.mutex_array.*))
 *(.mutex_array)
 .mutex_array   0x20000e9c        0x8 CMakeFiles/Mgs_project_CICD_TDD.dir/C_/pico-sdk/src/rp2_common/pico_stdio/stdio.c.obj
                0x20000ea4                        PROVIDE (__mutex_array_end = .)
 *(.jcr)
                0x20000ea4                        . = ALIGN (0x4)

.tm_clone_table
                0x20000ea4        0x0 load address 0x100053fc
 .tm_clone_table
                0x20000ea4        0x0 C:/armgcc/bin/../lib/gcc/arm-none-eabi/14.3.1/thumb/v8-m.main+fp/softfp/crtbegin.o
 .tm_clone_table
                0x20000ea4        0x0 C:/armgcc/bin/../lib/gcc/arm-none-eabi/14.3.1/thumb/v8-m.main+fp/softfp/crtend.o

.igot.plt       0x20000ea4        0x0 load address 0x100053fc
 .igot.plt      0x20000ea4        0x0 C:/armgcc/bin/../lib/gcc/arm-none-eabi/14.3.1/thumb/v8-m.main+fp/softfp/crtbegin.o

.tdata          0x20000ea4        0x0 load address 0x100053fc
                0x20000ea4                        . = ALIGN (0x4)
 *(.tdata .tdata.* .gnu.linkonce.td.*)
                0x20000ea4                        __tdata_end = .
                0x20000ea4                        PROVIDE (__data_end__ = .)
                0x10004668                        __etext = LOADADDR (.data)

.tbss           0x20000ea4        0x0 load address 0x100053fc
                0x20000ea4                        . = ALIGN (0x4)
                0x20000ea4                        __bss_start__ = .
                0x20000ea4                        __tls_base = .
 *(.tbss .tbss.* .gnu.linkonce.tb.*)
 *(.tcommon)
                0x20000ea4                        __tls_end = .

.bss            0x20000ea8      0xc28 load address 0x100053fc
                0x20000ea8                        . = ALIGN (0x4)
                0x20000ea8                        __tbss_end = .
 *(SORT_BY_ALIGNMENT(SORT_BY_NAME(.bss*)))
 .bss.default_alarm_pool_entries
                0x20000ea8      0x180 CMakeFiles/Mgs_project_CICD_TDD.dir/C_/pico-sdk/src/common/pico_time/time.c.obj
 .bss.last_avail_time.1
                0x20001028        0x8 CMakeFiles/Mgs_project_CICD_TDD.dir/C_/pico-sdk/src/rp2_common/pico_stdio_usb/stdio_usb.c.obj
 .bss._app_driver
                0x20001030        0x4 CMakeFiles/Mgs_project_CICD_TDD.dir/C_/pico-sdk/lib/tinyusb/src/device/usbd.c.obj
 .bss._cdcd_epbuf
                0x20001034       0x80 CMakeFiles/Mgs_project_CICD_TDD.dir/C_/pico-sdk/lib/tinyusb/src/class/cdc/cdc_device.c.obj
 .bss._cdcd_fifo_cfg
                0x200010b4        0x1 CMakeFiles/Mgs_project_CICD_TDD.dir/C_/pico-sdk/lib/tinyusb/src/class/cdc/cdc_device.c.obj
 *fill*         0x200010b5        0x3 
 .bss._cdcd_itf
                0x200010b8       0xc8 CMakeFiles/Mgs_project_CICD_TDD.dir/C_/pico-sdk/lib/tinyusb/src/class/cdc/cdc_device.c.obj
 .bss._ctrl_epbuf
                0x20001180       0x40 CMakeFiles/Mgs_project_CICD_TDD.dir/C_/pico-sdk/lib/tinyusb/src/device/usbd_control.c.obj
 .bss._ctrl_xfer
                0x200011c0       0x14 CMakeFiles/Mgs_project_CICD_TDD.dir/C_/pico-sdk/lib/tinyusb/src/device/usbd_control.c.obj
 .bss._sw_spin_locks
                0x200011d4       0x20 CMakeFiles/Mgs_project_CICD_TDD.dir/C_/pico-sdk/src/rp2_common/hardware_sync_spin_lock/sync_spin_lock.c.obj
                0x200011d4                _sw_spin_locks
 .bss._tusb_rhport_role
                0x200011f4        0x2 CMakeFiles/Mgs_project_CICD_TDD.dir/C_/pico-sdk/lib/tinyusb/src/tusb.c.obj
                0x200011f4                _tusb_rhport_role
 *fill*         0x200011f6        0x2 
 .bss._ubsd_mutexdef
                0x200011f8        0x8 CMakeFiles/Mgs_project_CICD_TDD.dir/C_/pico-sdk/lib/tinyusb/src/device/usbd.c.obj
 .bss._usbd_dev
                0x20001200       0x54 CMakeFiles/Mgs_project_CICD_TDD.dir/C_/pico-sdk/lib/tinyusb/src/device/usbd.c.obj
 .bss._usbd_mutex
                0x20001254        0x4 CMakeFiles/Mgs_project_CICD_TDD.dir/C_/pico-sdk/lib/tinyusb/src/device/usbd.c.obj
 .bss._usbd_q   0x20001258        0x4 CMakeFiles/Mgs_project_CICD_TDD.dir/C_/pico-sdk/lib/tinyusb/src/device/usbd.c.obj
 .bss._usbd_qdef_buf
                0x2000125c       0xc0 CMakeFiles/Mgs_project_CICD_TDD.dir/C_/pico-sdk/lib/tinyusb/src/device/usbd.c.obj
                0x2000125c                _usbd_qdef_buf
 .bss._vendord_epbuf
                0x2000131c       0x80 CMakeFiles/Mgs_project_CICD_TDD.dir/C_/pico-sdk/lib/tinyusb/src/class/vendor/vendor_device.c.obj
 .bss._vendord_itf
                0x2000139c      0x24c CMakeFiles/Mgs_project_CICD_TDD.dir/C_/pico-sdk/lib/tinyusb/src/class/vendor/vendor_device.c.obj
 .bss.chars_available_callback
                0x200015e8        0x4 CMakeFiles/Mgs_project_CICD_TDD.dir/C_/pico-sdk/src/rp2_common/pico_stdio_usb/stdio_usb.c.obj
 .bss.chars_available_param
                0x200015ec        0x4 CMakeFiles/Mgs_project_CICD_TDD.dir/C_/pico-sdk/src/rp2_common/pico_stdio_usb/stdio_usb.c.obj
 .bss.claimed   0x200015f0        0x4 CMakeFiles/Mgs_project_CICD_TDD.dir/C_/pico-sdk/src/rp2_common/hardware_sync/sync.c.obj
 .bss.claimed   0x200015f4        0x2 CMakeFiles/Mgs_project_CICD_TDD.dir/C_/pico-sdk/src/rp2_common/hardware_timer/timer.c.obj
 *fill*         0x200015f6        0x2 
 .bss.configured_freq
                0x200015f8       0x28 CMakeFiles/Mgs_project_CICD_TDD.dir/C_/pico-sdk/src/rp2_common/hardware_clocks/clocks.c.obj
 .bss.desc_str.0
                0x20001620       0x28 CMakeFiles/Mgs_project_CICD_TDD.dir/C_/pico-sdk/src/rp2_common/pico_stdio_usb/stdio_usb_descriptors.c.obj
 .bss.drivers   0x20001648        0x4 CMakeFiles/Mgs_project_CICD_TDD.dir/C_/pico-sdk/src/rp2_common/pico_stdio/stdio.c.obj
 .bss.e15_last_sof
                0x2000164c        0x4 CMakeFiles/Mgs_project_CICD_TDD.dir/C_/pico-sdk/lib/tinyusb/src/portable/raspberrypi/rp2040/rp2040_usb.c.obj
                0x2000164c                e15_last_sof
 .bss.filter    0x20001650        0x4 CMakeFiles/Mgs_project_CICD_TDD.dir/C_/pico-sdk/src/rp2_common/pico_stdio/stdio.c.obj
 .bss.hw_endpoints
                0x20001654      0x400 CMakeFiles/Mgs_project_CICD_TDD.dir/C_/pico-sdk/lib/tinyusb/src/portable/raspberrypi/rp2040/dcd_rp2040.c.obj
 .bss.lazy_vsnprintf
                0x20001a54        0x4 CMakeFiles/Mgs_project_CICD_TDD.dir/C_/pico-sdk/src/rp2_common/pico_printf/printf.c.obj
 .bss.load_value
                0x20001a58        0x4 CMakeFiles/Mgs_project_CICD_TDD.dir/C_/pico-sdk/src/rp2_common/hardware_watchdog/watchdog.c.obj
 .bss.next_buffer_ptr
                0x20001a5c        0x4 CMakeFiles/Mgs_project_CICD_TDD.dir/C_/pico-sdk/lib/tinyusb/src/portable/raspberrypi/rp2040/dcd_rp2040.c.obj
 .bss.object.0  0x20001a60       0x18 C:/armgcc/bin/../lib/gcc/arm-none-eabi/14.3.1/thumb/v8-m.main+fp/softfp/crtbegin.o
 .bss.one_shot_timer_crit_sec
                0x20001a78        0x8 CMakeFiles/Mgs_project_CICD_TDD.dir/C_/pico-sdk/src/rp2_common/pico_stdio_usb/stdio_usb.c.obj
 .bss.pools     0x20001a80       0x20 CMakeFiles/Mgs_project_CICD_TDD.dir/C_/pico-sdk/src/common/pico_time/time.c.obj
 .bss.retrieved_id
                0x20001aa0        0x8 CMakeFiles/Mgs_project_CICD_TDD.dir/C_/pico-sdk/src/rp2_common/pico_unique_id/unique_id.c.obj
 .bss.sleep_notifier
                0x20001aa8        0x4 CMakeFiles/Mgs_project_CICD_TDD.dir/C_/pico-sdk/src/common/pico_time/time.c.obj
 .bss.stdio_usb_mutex
                0x20001aac        0x8 CMakeFiles/Mgs_project_CICD_TDD.dir/C_/pico-sdk/src/rp2_common/pico_stdio_usb/stdio_usb.c.obj
 .bss.usbd_serial_str
                0x20001ab4       0x11 CMakeFiles/Mgs_project_CICD_TDD.dir/C_/pico-sdk/src/rp2_common/pico_stdio_usb/stdio_usb_descriptors.c.obj
 .bss._app_driver_count
                0x20001ac5        0x1 CMakeFiles/Mgs_project_CICD_TDD.dir/C_/pico-sdk/lib/tinyusb/src/device/usbd.c.obj
 .bss._sof_enable
                0x20001ac6        0x1 CMakeFiles/Mgs_project_CICD_TDD.dir/C_/pico-sdk/lib/tinyusb/src/portable/raspberrypi/rp2040/dcd_rp2040.c.obj
 .bss._usbd_queued_setup
                0x20001ac7        0x1 CMakeFiles/Mgs_project_CICD_TDD.dir/C_/pico-sdk/lib/tinyusb/src/device/usbd.c.obj
 .bss.irq_handler_chain_free_slot_head
                0x20001ac8        0x1 CMakeFiles/Mgs_project_CICD_TDD.dir/C_/pico-sdk/src/rp2_common/hardware_irq/irq.c.obj
 .bss.itf_num   0x20001ac9        0x1 CMakeFiles/Mgs_project_CICD_TDD.dir/C_/pico-sdk/src/rp2_common/pico_stdio_usb/reset_interface.c.obj
 .bss.low_priority_irq_num
                0x20001aca        0x1 CMakeFiles/Mgs_project_CICD_TDD.dir/C_/pico-sdk/src/rp2_common/pico_stdio_usb/stdio_usb.c.obj
 .bss.one_shot_timer_pending
                0x20001acb        0x1 CMakeFiles/Mgs_project_CICD_TDD.dir/C_/pico-sdk/src/rp2_common/pico_stdio_usb/stdio_usb.c.obj
 .bss.user_irq_claimed
                0x20001acc        0x1 CMakeFiles/Mgs_project_CICD_TDD.dir/C_/pico-sdk/src/rp2_common/hardware_irq/irq.c.obj
 *(COMMON)
                [!provide]                        PROVIDE (__global_pointer$ = (. + 0x800))
 *(.sbss*)
                0x20001ad0                        . = ALIGN (0x4)
 *fill*         0x20001acd        0x3 
                0x20001ad0                        __bss_end__ = .

.heap           0x20001ad0      0x800 load address 0x100053fc
                0x20001ad0                        __end__ = .
                0x20001ad0                        end = __end__
 *(.heap*)
 .heap          0x20001ad0      0x800 CMakeFiles/Mgs_project_CICD_TDD.dir/C_/pico-sdk/src/rp2_common/pico_crt0/crt0.S.obj
                0x20080000                        __HeapLimit = (ORIGIN (RAM) + LENGTH (RAM))

.scratch_x      0x20080000        0x0 load address 0x100053fc
                0x20080000                        __scratch_x_start__ = .
 *(.scratch_x.*)
                0x20080000                        . = ALIGN (0x4)
                0x20080000                        __scratch_x_end__ = .
                0x100053fc                        __scratch_x_source__ = LOADADDR (.scratch_x)

.scratch_y      0x20081000        0x0 load address 0x100053fc
                0x20081000                        __scratch_y_start__ = .
 *(.scratch_y.*)
                0x20081000                        . = ALIGN (0x4)
                0x20081000                        __scratch_y_end__ = .
                0x100053fc                        __scratch_y_source__ = LOADADDR (.scratch_y)

.stack1_dummy
 *(.stack1*)

.stack_dummy    0x20081000      0x800
 *(.stack*)
 .stack         0x20081000      0x800 CMakeFiles/Mgs_project_CICD_TDD.dir/C_/pico-sdk/src/rp2_common/pico_crt0/crt0.S.obj

.flash_end      0x100053fc       0x14
 *(.embedded_end_block*)
 .embedded_end_block
                0x100053fc       0x14 CMakeFiles/Mgs_project_CICD_TDD.dir/C_/pico-sdk/src/rp2_common/pico_crt0/crt0.S.obj
                0x10005410                        PROVIDE (__flash_binary_end = .)
                0x20080000                        __StackLimit = (ORIGIN (RAM) + LENGTH (RAM))
                0x20081000                        __StackOneTop = (ORIGIN (SCRATCH_X) + LENGTH (SCRATCH_X))
                0x20082000                        __StackTop = (ORIGIN (SCRATCH_Y) + LENGTH (SCRATCH_Y))
                0x20081000                        __StackOneBottom = (__StackOneTop - SIZEOF (.stack1_dummy))
                0x20081800                        __StackBottom = (__StackTop - SIZEOF (.stack_dummy))
                0x20082000                        PROVIDE (__stack = __StackTop)
                [!provide]                        PROVIDE (__heap_start = __end__)
                [!provide]                        PROVIDE (__heap_end = __HeapLimit)
                [!provide]                        PROVIDE (__tls_align = MAX (ALIGNOF (.tdata), ALIGNOF (.tbss)))
                [!provide]                        PROVIDE (__tls_size_align = (((__tls_size + __tls_align) - 0x1) & ~ ((__tls_align - 0x1))))
                [!provide]                        PROVIDE (__arm32_tls_tcb_offset = MAX (0x8, __tls_align))
                [!provide]                        PROVIDE (_end = __end__)
                [!provide]                        PROVIDE (__llvm_libc_heap_limit = __HeapLimit)
                0x00000001                        ASSERT ((__StackLimit >= __HeapLimit), region RAM overflowed)
                0x00000001                        ASSERT (((__binary_info_header_end - __logical_binary_start) <= 0x400), Binary info must be in first 1024 bytes of the binary)
                0x00000001                        ASSERT (((__embedded_block_end - __logical_binary_start) <= 0x1000), Embedded block must be in first 4096 bytes of the binary)
LOAD CMakeFiles/Mgs_project_CICD_TDD.dir/src/blink.c.obj
LOAD CMakeFiles/Mgs_project_CICD_TDD.dir/C_/pico-sdk/src/rp2_common/pico_stdlib/stdlib.c.obj
LOAD CMakeFiles/Mgs_project_CICD_TDD.dir/C_/pico-sdk/src/rp2_common/hardware_gpio/gpio.c.obj
LOAD CMakeFiles/Mgs_project_CICD_TDD.dir/C_/pico-sdk/src/rp2350/pico_platform/platform.c.obj
LOAD CMakeFiles/Mgs_project_CICD_TDD.dir/C_/pico-sdk/src/rp2_common/pico_platform_common/common.c.obj
LOAD CMakeFiles/Mgs_project_CICD_TDD.dir/C_/pico-sdk/src/rp2_common/pico_platform_panic/panic.c.obj
LOAD CMakeFiles/Mgs_project_CICD_TDD.dir/C_/pico-sdk/src/common/hardware_claim/claim.c.obj
LOAD CMakeFiles/Mgs_project_CICD_TDD.dir/C_/pico-sdk/src/rp2_common/hardware_sync/sync.c.obj
LOAD CMakeFiles/Mgs_project_CICD_TDD.dir/C_/pico-sdk/src/rp2_common/hardware_sync_spin_lock/sync_spin_lock.c.obj
LOAD CMakeFiles/Mgs_project_CICD_TDD.dir/C_/pico-sdk/src/rp2_common/hardware_irq/irq.c.obj
LOAD CMakeFiles/Mgs_project_CICD_TDD.dir/C_/pico-sdk/src/rp2_common/hardware_irq/irq_handler_chain.S.obj
LOAD CMakeFiles/Mgs_project_CICD_TDD.dir/C_/pico-sdk/src/common/pico_sync/sem.c.obj
LOAD CMakeFiles/Mgs_project_CICD_TDD.dir/C_/pico-sdk/src/common/pico_sync/lock_core.c.obj
LOAD CMakeFiles/Mgs_project_CICD_TDD.dir/C_/pico-sdk/src/common/pico_sync/mutex.c.obj
LOAD CMakeFiles/Mgs_project_CICD_TDD.dir/C_/pico-sdk/src/common/pico_sync/critical_section.c.obj
LOAD CMakeFiles/Mgs_project_CICD_TDD.dir/C_/pico-sdk/src/common/pico_time/time.c.obj
LOAD CMakeFiles/Mgs_project_CICD_TDD.dir/C_/pico-sdk/src/common/pico_time/timeout_helper.c.obj
LOAD CMakeFiles/Mgs_project_CICD_TDD.dir/C_/pico-sdk/src/rp2_common/hardware_timer/timer.c.obj
LOAD CMakeFiles/Mgs_project_CICD_TDD.dir/C_/pico-sdk/src/common/pico_util/datetime.c.obj
LOAD CMakeFiles/Mgs_project_CICD_TDD.dir/C_/pico-sdk/src/common/pico_util/pheap.c.obj
LOAD CMakeFiles/Mgs_project_CICD_TDD.dir/C_/pico-sdk/src/common/pico_util/queue.c.obj
LOAD CMakeFiles/Mgs_project_CICD_TDD.dir/C_/pico-sdk/src/rp2_common/hardware_uart/uart.c.obj
LOAD CMakeFiles/Mgs_project_CICD_TDD.dir/C_/pico-sdk/src/rp2_common/hardware_clocks/clocks.c.obj
LOAD CMakeFiles/Mgs_project_CICD_TDD.dir/C_/pico-sdk/src/rp2_common/hardware_pll/pll.c.obj
LOAD CMakeFiles/Mgs_project_CICD_TDD.dir/C_/pico-sdk/src/rp2_common/hardware_vreg/vreg.c.obj
LOAD CMakeFiles/Mgs_project_CICD_TDD.dir/C_/pico-sdk/src/rp2_common/hardware_watchdog/watchdog.c.obj
LOAD CMakeFiles/Mgs_project_CICD_TDD.dir/C_/pico-sdk/src/rp2_common/hardware_ticks/ticks.c.obj
LOAD CMakeFiles/Mgs_project_CICD_TDD.dir/C_/pico-sdk/src/rp2_common/pico_bootrom/bootrom.c.obj
LOAD CMakeFiles/Mgs_project_CICD_TDD.dir/C_/pico-sdk/src/rp2_common/pico_bootrom/bootrom_lock.c.obj
LOAD CMakeFiles/Mgs_project_CICD_TDD.dir/C_/pico-sdk/src/rp2_common/hardware_boot_lock/boot_lock.c.obj
LOAD CMakeFiles/Mgs_project_CICD_TDD.dir/C_/pico-sdk/src/rp2_common/pico_flash/flash.c.obj
LOAD CMakeFiles/Mgs_project_CICD_TDD.dir/C_/pico-sdk/src/rp2_common/hardware_xosc/xosc.c.obj
LOAD CMakeFiles/Mgs_project_CICD_TDD.dir/C_/pico-sdk/src/rp2_common/hardware_divider/divider.c.obj
LOAD CMakeFiles/Mgs_project_CICD_TDD.dir/C_/pico-sdk/src/rp2_common/pico_runtime/runtime.c.obj
LOAD CMakeFiles/Mgs_project_CICD_TDD.dir/C_/pico-sdk/src/rp2_common/pico_runtime_init/runtime_init.c.obj
LOAD CMakeFiles/Mgs_project_CICD_TDD.dir/C_/pico-sdk/src/rp2_common/pico_runtime_init/runtime_init_clocks.c.obj
LOAD CMakeFiles/Mgs_project_CICD_TDD.dir/C_/pico-sdk/src/rp2_common/pico_runtime_init/runtime_init_stack_guard.c.obj
LOAD CMakeFiles/Mgs_project_CICD_TDD.dir/C_/pico-sdk/src/rp2_common/pico_bit_ops/bit_ops_aeabi.S.obj
LOAD CMakeFiles/Mgs_project_CICD_TDD.dir/C_/pico-sdk/src/rp2_common/pico_divider/divider_compiler.c.obj
LOAD CMakeFiles/Mgs_project_CICD_TDD.dir/C_/pico-sdk/src/rp2_common/pico_double/double_math.c.obj
LOAD CMakeFiles/Mgs_project_CICD_TDD.dir/C_/pico-sdk/src/rp2_common/pico_double/double_aeabi_dcp.S.obj
LOAD CMakeFiles/Mgs_project_CICD_TDD.dir/C_/pico-sdk/src/rp2_common/pico_double/double_fma_dcp.S.obj
LOAD CMakeFiles/Mgs_project_CICD_TDD.dir/C_/pico-sdk/src/rp2_common/pico_double/double_sci_m33.S.obj
LOAD CMakeFiles/Mgs_project_CICD_TDD.dir/C_/pico-sdk/src/rp2_common/pico_double/double_conv_m33.S.obj
LOAD CMakeFiles/Mgs_project_CICD_TDD.dir/C_/pico-sdk/src/rp2_common/pico_float/float_math.c.obj
LOAD CMakeFiles/Mgs_project_CICD_TDD.dir/C_/pico-sdk/src/rp2_common/pico_float/float_conv32_vfp.S.obj
LOAD CMakeFiles/Mgs_project_CICD_TDD.dir/C_/pico-sdk/src/rp2_common/pico_float/float_common_m33.S.obj
LOAD CMakeFiles/Mgs_project_CICD_TDD.dir/C_/pico-sdk/src/rp2_common/pico_float/float_sci_m33_vfp.S.obj
LOAD CMakeFiles/Mgs_project_CICD_TDD.dir/C_/pico-sdk/src/rp2_common/pico_malloc/malloc.c.obj
LOAD CMakeFiles/Mgs_project_CICD_TDD.dir/C_/pico-sdk/src/rp2_common/pico_atomic/atomic.c.obj
LOAD CMakeFiles/Mgs_project_CICD_TDD.dir/C_/pico-sdk/src/rp2_common/pico_cxx_options/new_delete.cpp.obj
LOAD CMakeFiles/Mgs_project_CICD_TDD.dir/C_/pico-sdk/src/rp2_common/pico_standard_binary_info/standard_binary_info.c.obj
LOAD CMakeFiles/Mgs_project_CICD_TDD.dir/C_/pico-sdk/src/rp2_common/pico_printf/printf.c.obj
LOAD CMakeFiles/Mgs_project_CICD_TDD.dir/C_/pico-sdk/src/rp2_common/pico_crt0/crt0.S.obj
LOAD CMakeFiles/Mgs_project_CICD_TDD.dir/C_/pico-sdk/src/rp2_common/pico_clib_interface/newlib_interface.c.obj
LOAD CMakeFiles/Mgs_project_CICD_TDD.dir/C_/pico-sdk/src/rp2_common/pico_stdio/stdio.c.obj
LOAD CMakeFiles/Mgs_project_CICD_TDD.dir/C_/pico-sdk/src/rp2_common/pico_stdio_usb/reset_interface.c.obj
LOAD CMakeFiles/Mgs_project_CICD_TDD.dir/C_/pico-sdk/src/rp2_common/pico_stdio_usb/stdio_usb.c.obj
LOAD CMakeFiles/Mgs_project_CICD_TDD.dir/C_/pico-sdk/src/rp2_common/pico_stdio_usb/stdio_usb_descriptors.c.obj
LOAD CMakeFiles/Mgs_project_CICD_TDD.dir/C_/pico-sdk/src/rp2_common/pico_unique_id/unique_id.c.obj
LOAD CMakeFiles/Mgs_project_CICD_TDD.dir/C_/pico-sdk/src/rp2_common/hardware_flash/flash.c.obj
LOAD CMakeFiles/Mgs_project_CICD_TDD.dir/C_/pico-sdk/src/rp2_common/hardware_xip_cache/xip_cache.c.obj
LOAD CMakeFiles/Mgs_project_CICD_TDD.dir/C_/pico-sdk/lib/tinyusb/src/portable/raspberrypi/rp2040/dcd_rp2040.c.obj
LOAD CMakeFiles/Mgs_project_CICD_TDD.dir/C_/pico-sdk/lib/tinyusb/src/portable/raspberrypi/rp2040/rp2040_usb.c.obj
LOAD CMakeFiles/Mgs_project_CICD_TDD.dir/C_/pico-sdk/lib/tinyusb/src/device/usbd.c.obj
LOAD CMakeFiles/Mgs_project_CICD_TDD.dir/C_/pico-sdk/lib/tinyusb/src/device/usbd_control.c.obj
LOAD CMakeFiles/Mgs_project_CICD_TDD.dir/C_/pico-sdk/lib/tinyusb/src/class/audio/audio_device.c.obj
LOAD CMakeFiles/Mgs_project_CICD_TDD.dir/C_/pico-sdk/lib/tinyusb/src/class/cdc/cdc_device.c.obj
LOAD CMakeFiles/Mgs_project_CICD_TDD.dir/C_/pico-sdk/lib/tinyusb/src/class/dfu/dfu_device.c.obj
LOAD CMakeFiles/Mgs_project_CICD_TDD.dir/C_/pico-sdk/lib/tinyusb/src/class/dfu/dfu_rt_device.c.obj
LOAD CMakeFiles/Mgs_project_CICD_TDD.dir/C_/pico-sdk/lib/tinyusb/src/class/hid/hid_device.c.obj
LOAD CMakeFiles/Mgs_project_CICD_TDD.dir/C_/pico-sdk/lib/tinyusb/src/class/midi/midi_device.c.obj
LOAD CMakeFiles/Mgs_project_CICD_TDD.dir/C_/pico-sdk/lib/tinyusb/src/class/msc/msc_device.c.obj
LOAD CMakeFiles/Mgs_project_CICD_TDD.dir/C_/pico-sdk/lib/tinyusb/src/class/net/ecm_rndis_device.c.obj
LOAD CMakeFiles/Mgs_project_CICD_TDD.dir/C_/pico-sdk/lib/tinyusb/src/class/net/ncm_device.c.obj
LOAD CMakeFiles/Mgs_project_CICD_TDD.dir/C_/pico-sdk/lib/tinyusb/src/class/usbtmc/usbtmc_device.c.obj
LOAD CMakeFiles/Mgs_project_CICD_TDD.dir/C_/pico-sdk/lib/tinyusb/src/class/vendor/vendor_device.c.obj
LOAD CMakeFiles/Mgs_project_CICD_TDD.dir/C_/pico-sdk/lib/tinyusb/src/class/video/video_device.c.obj
LOAD CMakeFiles/Mgs_project_CICD_TDD.dir/C_/pico-sdk/lib/tinyusb/src/tusb.c.obj
LOAD CMakeFiles/Mgs_project_CICD_TDD.dir/C_/pico-sdk/lib/tinyusb/src/common/tusb_fifo.c.obj
LOAD CMakeFiles/Mgs_project_CICD_TDD.dir/C_/pico-sdk/src/rp2_common/pico_fix/rp2040_usb_device_enumeration/rp2040_usb_device_enumeration.c.obj
LOAD pico-sdk/src/rp2350/boot_stage2/CMakeFiles/bs2_default_library.dir/./bs2_default_padded_checksummed.S.obj
LOAD C:/armgcc/bin/../lib/gcc/arm-none-eabi/14.3.1/../../../../arm-none-eabi/lib/thumb/v8-m.main+fp/softfp\libstdc++.a
LOAD C:/armgcc/bin/../lib/gcc/arm-none-eabi/14.3.1/../../../../arm-none-eabi/lib/thumb/v8-m.main+fp/softfp\libm.a
START GROUP
LOAD C:/armgcc/bin/../lib/gcc/arm-none-eabi/14.3.1/thumb/v8-m.main+fp/softfp\libgcc.a
LOAD C:/armgcc/bin/../lib/gcc/arm-none-eabi/14.3.1/../../../../arm-none-eabi/lib/thumb/v8-m.main+fp/softfp\libg.a
LOAD C:/armgcc/bin/../lib/gcc/arm-none-eabi/14.3.1/../../../../arm-none-eabi/lib/thumb/v8-m.main+fp/softfp\libc.a
END GROUP
START GROUP
LOAD C:/armgcc/bin/../lib/gcc/arm-none-eabi/14.3.1/thumb/v8-m.main+fp/softfp\libgcc.a
LOAD C:/armgcc/bin/../lib/gcc/arm-none-eabi/14.3.1/../../../../arm-none-eabi/lib/thumb/v8-m.main+fp/softfp\libc.a
LOAD C:/armgcc/bin/../lib/gcc/arm-none-eabi/14.3.1/../../../../arm-none-eabi/lib/thumb/v8-m.main+fp/softfp\libnosys.a
END GROUP
LOAD C:/armgcc/bin/../lib/gcc/arm-none-eabi/14.3.1/thumb/v8-m.main+fp/softfp/crtend.o
LOAD C:/armgcc/bin/../lib/gcc/arm-none-eabi/14.3.1/thumb/v8-m.main+fp/softfp/crtn.o
OUTPUT(Mgs_project_CICD_TDD.elf elf32-littlearm)
LOAD linker stubs

.rel.dyn        0x10005410        0x0
 .rel.iplt      0x10005410        0x0 C:/armgcc/bin/../lib/gcc/arm-none-eabi/14.3.1/thumb/v8-m.main+fp/softfp/crtbegin.o

.ARM.attributes
                0x00000000       0x34
 .ARM.attributes
                0x00000000       0x26 C:/armgcc/bin/../lib/gcc/arm-none-eabi/14.3.1/thumb/v8-m.main+fp/softfp/crti.o
 .ARM.attributes
                0x00000026       0x36 C:/armgcc/bin/../lib/gcc/arm-none-eabi/14.3.1/thumb/v8-m.main+fp/softfp/crtbegin.o
 .ARM.attributes
                0x0000005c       0x38 CMakeFiles/Mgs_project_CICD_TDD.dir/src/blink.c.obj
 .ARM.attributes
                0x00000094       0x38 CMakeFiles/Mgs_project_CICD_TDD.dir/C_/pico-sdk/src/rp2_common/hardware_gpio/gpio.c.obj
 .ARM.attributes
                0x000000cc       0x38 CMakeFiles/Mgs_project_CICD_TDD.dir/C_/pico-sdk/src/rp2_common/pico_platform_panic/panic.c.obj
 .ARM.attributes
                0x00000104       0x38 CMakeFiles/Mgs_project_CICD_TDD.dir/C_/pico-sdk/src/common/hardware_claim/claim.c.obj
 .ARM.attributes
                0x0000013c       0x38 CMakeFiles/Mgs_project_CICD_TDD.dir/C_/pico-sdk/src/rp2_common/hardware_sync/sync.c.obj
 .ARM.attributes
                0x00000174       0x38 CMakeFiles/Mgs_project_CICD_TDD.dir/C_/pico-sdk/src/rp2_common/hardware_sync_spin_lock/sync_spin_lock.c.obj
 .ARM.attributes
                0x000001ac       0x38 CMakeFiles/Mgs_project_CICD_TDD.dir/C_/pico-sdk/src/rp2_common/hardware_irq/irq.c.obj
 .ARM.attributes
                0x000001e4       0x28 CMakeFiles/Mgs_project_CICD_TDD.dir/C_/pico-sdk/src/rp2_common/hardware_irq/irq_handler_chain.S.obj
 .ARM.attributes
                0x0000020c       0x38 CMakeFiles/Mgs_project_CICD_TDD.dir/C_/pico-sdk/src/common/pico_sync/lock_core.c.obj
 .ARM.attributes
                0x00000244       0x38 CMakeFiles/Mgs_project_CICD_TDD.dir/C_/pico-sdk/src/common/pico_sync/mutex.c.obj
 .ARM.attributes
                0x0000027c       0x38 CMakeFiles/Mgs_project_CICD_TDD.dir/C_/pico-sdk/src/common/pico_sync/critical_section.c.obj
 .ARM.attributes
                0x000002b4       0x38 CMakeFiles/Mgs_project_CICD_TDD.dir/C_/pico-sdk/src/common/pico_time/time.c.obj
 .ARM.attributes
                0x000002ec       0x38 CMakeFiles/Mgs_project_CICD_TDD.dir/C_/pico-sdk/src/rp2_common/hardware_timer/timer.c.obj
 .ARM.attributes
                0x00000324       0x38 CMakeFiles/Mgs_project_CICD_TDD.dir/C_/pico-sdk/src/rp2_common/hardware_clocks/clocks.c.obj
 .ARM.attributes
                0x0000035c       0x38 CMakeFiles/Mgs_project_CICD_TDD.dir/C_/pico-sdk/src/rp2_common/hardware_pll/pll.c.obj
 .ARM.attributes
                0x00000394       0x38 CMakeFiles/Mgs_project_CICD_TDD.dir/C_/pico-sdk/src/rp2_common/hardware_watchdog/watchdog.c.obj
 .ARM.attributes
                0x000003cc       0x38 CMakeFiles/Mgs_project_CICD_TDD.dir/C_/pico-sdk/src/rp2_common/hardware_ticks/ticks.c.obj
 .ARM.attributes
                0x00000404       0x38 CMakeFiles/Mgs_project_CICD_TDD.dir/C_/pico-sdk/src/rp2_common/pico_bootrom/bootrom.c.obj
 .ARM.attributes
                0x0000043c       0x38 CMakeFiles/Mgs_project_CICD_TDD.dir/C_/pico-sdk/src/rp2_common/pico_bootrom/bootrom_lock.c.obj
 .ARM.attributes
                0x00000474       0x38 CMakeFiles/Mgs_project_CICD_TDD.dir/C_/pico-sdk/src/rp2_common/hardware_boot_lock/boot_lock.c.obj
 .ARM.attributes
                0x000004ac       0x38 CMakeFiles/Mgs_project_CICD_TDD.dir/C_/pico-sdk/src/rp2_common/hardware_xosc/xosc.c.obj
 .ARM.attributes
                0x000004e4       0x38 CMakeFiles/Mgs_project_CICD_TDD.dir/C_/pico-sdk/src/rp2_common/pico_runtime/runtime.c.obj
 .ARM.attributes
                0x0000051c       0x38 CMakeFiles/Mgs_project_CICD_TDD.dir/C_/pico-sdk/src/rp2_common/pico_runtime_init/runtime_init.c.obj
 .ARM.attributes
                0x00000554       0x38 CMakeFiles/Mgs_project_CICD_TDD.dir/C_/pico-sdk/src/rp2_common/pico_runtime_init/runtime_init_clocks.c.obj
 .ARM.attributes
                0x0000058c       0x38 CMakeFiles/Mgs_project_CICD_TDD.dir/C_/pico-sdk/src/rp2_common/pico_standard_binary_info/standard_binary_info.c.obj
 .ARM.attributes
                0x000005c4       0x38 CMakeFiles/Mgs_project_CICD_TDD.dir/C_/pico-sdk/src/rp2_common/pico_printf/printf.c.obj
 .ARM.attributes
                0x000005fc       0x28 CMakeFiles/Mgs_project_CICD_TDD.dir/C_/pico-sdk/src/rp2_common/pico_crt0/crt0.S.obj
 .ARM.attributes
                0x00000624       0x38 CMakeFiles/Mgs_project_CICD_TDD.dir/C_/pico-sdk/src/rp2_common/pico_clib_interface/newlib_interface.c.obj
 .ARM.attributes
                0x0000065c       0x38 CMakeFiles/Mgs_project_CICD_TDD.dir/C_/pico-sdk/src/rp2_common/pico_stdio/stdio.c.obj
 .ARM.attributes
                0x00000694       0x38 CMakeFiles/Mgs_project_CICD_TDD.dir/C_/pico-sdk/src/rp2_common/pico_stdio_usb/reset_interface.c.obj
 .ARM.attributes
                0x000006cc       0x38 CMakeFiles/Mgs_project_CICD_TDD.dir/C_/pico-sdk/src/rp2_common/pico_stdio_usb/stdio_usb.c.obj
 .ARM.attributes
                0x00000704       0x38 CMakeFiles/Mgs_project_CICD_TDD.dir/C_/pico-sdk/src/rp2_common/pico_stdio_usb/stdio_usb_descriptors.c.obj
 .ARM.attributes
                0x0000073c       0x38 CMakeFiles/Mgs_project_CICD_TDD.dir/C_/pico-sdk/src/rp2_common/pico_unique_id/unique_id.c.obj
 .ARM.attributes
                0x00000774       0x38 CMakeFiles/Mgs_project_CICD_TDD.dir/C_/pico-sdk/lib/tinyusb/src/portable/raspberrypi/rp2040/dcd_rp2040.c.obj
 .ARM.attributes
                0x000007ac       0x38 CMakeFiles/Mgs_project_CICD_TDD.dir/C_/pico-sdk/lib/tinyusb/src/portable/raspberrypi/rp2040/rp2040_usb.c.obj
 .ARM.attributes
                0x000007e4       0x38 CMakeFiles/Mgs_project_CICD_TDD.dir/C_/pico-sdk/lib/tinyusb/src/device/usbd.c.obj
 .ARM.attributes
                0x0000081c       0x38 CMakeFiles/Mgs_project_CICD_TDD.dir/C_/pico-sdk/lib/tinyusb/src/device/usbd_control.c.obj
 .ARM.attributes
                0x00000854       0x38 CMakeFiles/Mgs_project_CICD_TDD.dir/C_/pico-sdk/lib/tinyusb/src/class/cdc/cdc_device.c.obj
 .ARM.attributes
                0x0000088c       0x38 CMakeFiles/Mgs_project_CICD_TDD.dir/C_/pico-sdk/lib/tinyusb/src/class/vendor/vendor_device.c.obj
 .ARM.attributes
                0x000008c4       0x38 CMakeFiles/Mgs_project_CICD_TDD.dir/C_/pico-sdk/lib/tinyusb/src/tusb.c.obj
 .ARM.attributes
                0x000008fc       0x38 CMakeFiles/Mgs_project_CICD_TDD.dir/C_/pico-sdk/lib/tinyusb/src/common/tusb_fifo.c.obj
 .ARM.attributes
                0x00000934       0x36 C:/armgcc/bin/../lib/gcc/arm-none-eabi/14.3.1/../../../../arm-none-eabi/lib/thumb/v8-m.main+fp/softfp\libg.a(libc_a-memset.o)
 .ARM.attributes
                0x0000096a       0x24 C:/armgcc/bin/../lib/gcc/arm-none-eabi/14.3.1/../../../../arm-none-eabi/lib/thumb/v8-m.main+fp/softfp\libg.a(libc_a-memcpy.o)
 .ARM.attributes
                0x0000098e       0x36 C:/armgcc/bin/../lib/gcc/arm-none-eabi/14.3.1/../../../../arm-none-eabi/lib/thumb/v8-m.main+fp/softfp\libg.a(libc_a-strlen-stub.o)
 .ARM.attributes
                0x000009c4       0x36 C:/armgcc/bin/../lib/gcc/arm-none-eabi/14.3.1/thumb/v8-m.main+fp/softfp/crtend.o

.comment        0x00000000       0x46
 .comment       0x00000000       0x46 CMakeFiles/Mgs_project_CICD_TDD.dir/src/blink.c.obj
                                 0x47 (size before relaxing)
 .comment       0x00000046       0x47 CMakeFiles/Mgs_project_CICD_TDD.dir/C_/pico-sdk/src/rp2_common/hardware_gpio/gpio.c.obj
 .comment       0x00000046       0x47 CMakeFiles/Mgs_project_CICD_TDD.dir/C_/pico-sdk/src/rp2_common/pico_platform_panic/panic.c.obj
 .comment       0x00000046       0x47 CMakeFiles/Mgs_project_CICD_TDD.dir/C_/pico-sdk/src/common/hardware_claim/claim.c.obj
 .comment       0x00000046       0x47 CMakeFiles/Mgs_project_CICD_TDD.dir/C_/pico-sdk/src/rp2_common/hardware_sync/sync.c.obj
 .comment       0x00000046       0x47 CMakeFiles/Mgs_project_CICD_TDD.dir/C_/pico-sdk/src/rp2_common/hardware_sync_spin_lock/sync_spin_lock.c.obj
 .comment       0x00000046       0x47 CMakeFiles/Mgs_project_CICD_TDD.dir/C_/pico-sdk/src/rp2_common/hardware_irq/irq.c.obj
 .comment       0x00000046       0x47 CMakeFiles/Mgs_project_CICD_TDD.dir/C_/pico-sdk/src/common/pico_sync/lock_core.c.obj
 .comment       0x00000046       0x47 CMakeFiles/Mgs_project_CICD_TDD.dir/C_/pico-sdk/src/common/pico_sync/mutex.c.obj
 .comment       0x00000046       0x47 CMakeFiles/Mgs_project_CICD_TDD.dir/C_/pico-sdk/src/common/pico_sync/critical_section.c.obj
 .comment       0x00000046       0x47 CMakeFiles/Mgs_project_CICD_TDD.dir/C_/pico-sdk/src/common/pico_time/time.c.obj
 .comment       0x00000046       0x47 CMakeFiles/Mgs_project_CICD_TDD.dir/C_/pico-sdk/src/rp2_common/hardware_timer/timer.c.obj
 .comment       0x00000046       0x47 CMakeFiles/Mgs_project_CICD_TDD.dir/C_/pico-sdk/src/rp2_common/hardware_clocks/clocks.c.obj
 .comment       0x00000046       0x47 CMakeFiles/Mgs_project_CICD_TDD.dir/C_/pico-sdk/src/rp2_common/hardware_pll/pll.c.obj
 .comment       0x00000046       0x47 CMakeFiles/Mgs_project_CICD_TDD.dir/C_/pico-sdk/src/rp2_common/hardware_watchdog/watchdog.c.obj
 .comment       0x00000046       0x47 CMakeFiles/Mgs_project_CICD_TDD.dir/C_/pico-sdk/src/rp2_common/hardware_ticks/ticks.c.obj
 .comment       0x00000046       0x47 CMakeFiles/Mgs_project_CICD_TDD.dir/C_/pico-sdk/src/rp2_common/pico_bootrom/bootrom.c.obj
 .comment       0x00000046       0x47 CMakeFiles/Mgs_project_CICD_TDD.dir/C_/pico-sdk/src/rp2_common/pico_bootrom/bootrom_lock.c.obj
 .comment       0x00000046       0x47 CMakeFiles/Mgs_project_CICD_TDD.dir/C_/pico-sdk/src/rp2_common/hardware_boot_lock/boot_lock.c.obj
 .comment       0x00000046       0x47 CMakeFiles/Mgs_project_CICD_TDD.dir/C_/pico-sdk/src/rp2_common/hardware_xosc/xosc.c.obj
 .comment       0x00000046       0x47 CMakeFiles/Mgs_project_CICD_TDD.dir/C_/pico-sdk/src/rp2_common/pico_runtime/runtime.c.obj
 .comment       0x00000046       0x47 CMakeFiles/Mgs_project_CICD_TDD.dir/C_/pico-sdk/src/rp2_common/pico_runtime_init/runtime_init.c.obj
 .comment       0x00000046       0x47 CMakeFiles/Mgs_project_CICD_TDD.dir/C_/pico-sdk/src/rp2_common/pico_runtime_init/runtime_init_clocks.c.obj
 .comment       0x00000046       0x47 CMakeFiles/Mgs_project_CICD_TDD.dir/C_/pico-sdk/src/rp2_common/pico_standard_binary_info/standard_binary_info.c.obj
 .comment       0x00000046       0x47 CMakeFiles/Mgs_project_CICD_TDD.dir/C_/pico-sdk/src/rp2_common/pico_printf/printf.c.obj
 .comment       0x00000046       0x47 CMakeFiles/Mgs_project_CICD_TDD.dir/C_/pico-sdk/src/rp2_common/pico_clib_interface/newlib_interface.c.obj
 .comment       0x00000046       0x47 CMakeFiles/Mgs_project_CICD_TDD.dir/C_/pico-sdk/src/rp2_common/pico_stdio/stdio.c.obj
 .comment       0x00000046       0x47 CMakeFiles/Mgs_project_CICD_TDD.dir/C_/pico-sdk/src/rp2_common/pico_stdio_usb/reset_interface.c.obj
 .comment       0x00000046       0x47 CMakeFiles/Mgs_project_CICD_TDD.dir/C_/pico-sdk/src/rp2_common/pico_stdio_usb/stdio_usb.c.obj
 .comment       0x00000046       0x47 CMakeFiles/Mgs_project_CICD_TDD.dir/C_/pico-sdk/src/rp2_common/pico_stdio_usb/stdio_usb_descriptors.c.obj
 .comment       0x00000046       0x47 CMakeFiles/Mgs_project_CICD_TDD.dir/C_/pico-sdk/src/rp2_common/pico_unique_id/unique_id.c.obj