Archive member included to satisfy reference by file (symbol)

C:/Users/kanal/.pico-sdk/toolchain/14_2_Rel1/bin/../lib/gcc/arm-none-eabi/14.2.1/thumb/v8-m.main+fp/softfp\libm.a(libm_a-wf_sqrt.o)
                              CMakeFiles/task4_266078.dir/C_/Users/kanal/.pico-sdk/sdk/2.1.1/src/rp2_common/pico_float/float_math.c.obj (sqrtf)
C:/Users/kanal/.pico-sdk/toolchain/14_2_Rel1/bin/../lib/gcc/arm-none-eabi/14.2.1/thumb/v8-m.main+fp/softfp\libm.a(libm_a-ef_sqrt.o)
                              C:/Users/kanal/.pico-sdk/toolchain/14_2_Rel1/bin/../lib/gcc/arm-none-eabi/14.2.1/thumb/v8-m.main+fp/softfp\libm.a(libm_a-wf_sqrt.o) (__ieee754_sqrtf)
C:/Users/kanal/.pico-sdk/toolchain/14_2_Rel1/bin/../lib/gcc/arm-none-eabi/14.2.1/thumb/v8-m.main+fp/softfp\libgcc.a(_arm_addsubdf3.o)
                              CMakeFiles/task4_266078.dir/C_/Users/kanal/.pico-sdk/sdk/2.1.1/src/rp2_common/pico_float/float_math.c.obj (__aeabi_f2d)
C:/Users/kanal/.pico-sdk/toolchain/14_2_Rel1/bin/../lib/gcc/arm-none-eabi/14.2.1/thumb/v8-m.main+fp/softfp\libgcc.a(_aeabi_ldivmod.o)
                              CMakeFiles/task4_266078.dir/FreeRTOS-Kernel/portable/ThirdParty/GCC/RP2350_ARM_NTZ/non_secure/port.c.obj (__aeabi_ldivmod)
C:/Users/kanal/.pico-sdk/toolchain/14_2_Rel1/bin/../lib/gcc/arm-none-eabi/14.2.1/thumb/v8-m.main+fp/softfp\libgcc.a(_aeabi_uldivmod.o)
                              CMakeFiles/task4_266078.dir/C_/Users/kanal/.pico-sdk/sdk/2.1.1/src/rp2_common/hardware_clocks/clocks.c.obj (__aeabi_uldivmod)
C:/Users/kanal/.pico-sdk/toolchain/14_2_Rel1/bin/../lib/gcc/arm-none-eabi/14.2.1/thumb/v8-m.main+fp/softfp\libgcc.a(_udivmoddi4.o)
                              C:/Users/kanal/.pico-sdk/toolchain/14_2_Rel1/bin/../lib/gcc/arm-none-eabi/14.2.1/thumb/v8-m.main+fp/softfp\libgcc.a(_aeabi_ldivmod.o) (__udivmoddi4)
C:/Users/kanal/.pico-sdk/toolchain/14_2_Rel1/bin/../lib/gcc/arm-none-eabi/14.2.1/thumb/v8-m.main+fp/softfp\libgcc.a(_dvmd_tls.o)
                              C:/Users/kanal/.pico-sdk/toolchain/14_2_Rel1/bin/../lib/gcc/arm-none-eabi/14.2.1/thumb/v8-m.main+fp/softfp\libgcc.a(_aeabi_ldivmod.o) (__aeabi_ldiv0)
C:/Users/kanal/.pico-sdk/toolchain/14_2_Rel1/bin/../lib/gcc/arm-none-eabi/14.2.1/thumb/v8-m.main+fp/softfp\libg.a(libc_a-calloc.o)
                              CMakeFiles/task4_266078.dir/C_/Users/kanal/.pico-sdk/sdk/2.1.1/src/rp2_common/pico_malloc/malloc.c.obj (calloc)
C:/Users/kanal/.pico-sdk/toolchain/14_2_Rel1/bin/../lib/gcc/arm-none-eabi/14.2.1/thumb/v8-m.main+fp/softfp\libg.a(libc_a-callocr.o)
                              C:/Users/kanal/.pico-sdk/toolchain/14_2_Rel1/bin/../lib/gcc/arm-none-eabi/14.2.1/thumb/v8-m.main+fp/softfp\libg.a(libc_a-calloc.o) (_calloc_r)
C:/Users/kanal/.pico-sdk/toolchain/14_2_Rel1/bin/../lib/gcc/arm-none-eabi/14.2.1/thumb/v8-m.main+fp/softfp\libg.a(libc_a-malloc.o)
                              CMakeFiles/task4_266078.dir/C_/Users/kanal/.pico-sdk/sdk/2.1.1/src/rp2_common/pico_malloc/malloc.c.obj (malloc)
C:/Users/kanal/.pico-sdk/toolchain/14_2_Rel1/bin/../lib/gcc/arm-none-eabi/14.2.1/thumb/v8-m.main+fp/softfp\libg.a(libc_a-mallocr.o)
                              C:/Users/kanal/.pico-sdk/toolchain/14_2_Rel1/bin/../lib/gcc/arm-none-eabi/14.2.1/thumb/v8-m.main+fp/softfp\libg.a(libc_a-callocr.o) (_malloc_r)
C:/Users/kanal/.pico-sdk/toolchain/14_2_Rel1/bin/../lib/gcc/arm-none-eabi/14.2.1/thumb/v8-m.main+fp/softfp\libg.a(libc_a-mlock.o)
                              C:/Users/kanal/.pico-sdk/toolchain/14_2_Rel1/bin/../lib/gcc/arm-none-eabi/14.2.1/thumb/v8-m.main+fp/softfp\libg.a(libc_a-mallocr.o) (__malloc_lock)
C:/Users/kanal/.pico-sdk/toolchain/14_2_Rel1/bin/../lib/gcc/arm-none-eabi/14.2.1/thumb/v8-m.main+fp/softfp\libg.a(libc_a-realloc.o)
                              CMakeFiles/task4_266078.dir/C_/Users/kanal/.pico-sdk/sdk/2.1.1/src/rp2_common/pico_malloc/malloc.c.obj (realloc)
C:/Users/kanal/.pico-sdk/toolchain/14_2_Rel1/bin/../lib/gcc/arm-none-eabi/14.2.1/thumb/v8-m.main+fp/softfp\libg.a(libc_a-reallocr.o)
                              C:/Users/kanal/.pico-sdk/toolchain/14_2_Rel1/bin/../lib/gcc/arm-none-eabi/14.2.1/thumb/v8-m.main+fp/softfp\libg.a(libc_a-realloc.o) (_realloc_r)
C:/Users/kanal/.pico-sdk/toolchain/14_2_Rel1/bin/../lib/gcc/arm-none-eabi/14.2.1/thumb/v8-m.main+fp/softfp\libg.a(libc_a-memcmp.o)
                              CMakeFiles/task4_266078.dir/C_/Users/kanal/.pico-sdk/sdk/2.1.1/src/rp2_common/pico_atomic/atomic.c.obj (memcmp)
C:/Users/kanal/.pico-sdk/toolchain/14_2_Rel1/bin/../lib/gcc/arm-none-eabi/14.2.1/thumb/v8-m.main+fp/softfp\libg.a(libc_a-memmove.o)
                              C:/Users/kanal/.pico-sdk/toolchain/14_2_Rel1/bin/../lib/gcc/arm-none-eabi/14.2.1/thumb/v8-m.main+fp/softfp\libg.a(libc_a-reallocr.o) (memmove)
C:/Users/kanal/.pico-sdk/toolchain/14_2_Rel1/bin/../lib/gcc/arm-none-eabi/14.2.1/thumb/v8-m.main+fp/softfp\libg.a(libc_a-memset.o)
[...]
Memory Configuration

Name             Origin             Length             Attributes
FLASH            0x10000000         0x00400000         xr
RAM              0x20000000         0x00080000         xrw
SCRATCH_X        0x20080000         0x00001000         xrw
SCRATCH_Y        0x20081000         0x00001000         xrw
*default*        0x00000000         0xffffffff

Linker script and memory map

LOAD C:/Users/kanal/.pico-sdk/toolchain/14_2_Rel1/bin/../lib/gcc/arm-none-eabi/14.2.1/thumb/v8-m.main+fp/softfp/crti.o
LOAD C:/Users/kanal/.pico-sdk/toolchain/14_2_Rel1/bin/../lib/gcc/arm-none-eabi/14.2.1/thumb/v8-m.main+fp/softfp/crtbegin.o
LOAD C:/Users/kanal/.pico-sdk/toolchain/14_2_Rel1/bin/../lib/gcc/arm-none-eabi/14.2.1/thumb/v8-m.main+fp/softfp/crt0.o

.flash_begin    0x10000000        0x0
                0x10000000                        __flash_binary_start = .

.text           0x10000000     0x6b40
                0x10000000                        __logical_binary_start = .
 *(.vectors)
 .vectors       0x10000000      0x124 CMakeFiles/task4_266078.dir/C_/Users/kanal/.pico-sdk/sdk/2.1.1/src/rp2_common/pico_crt0/crt0.S.obj
                0x10000000                __VECTOR_TABLE
                0x10000000                __vectors
                0x10000110                __default_isrs_start
                0x10000110                isr_invalid
                0x10000112                isr_nmi
                0x10000114                isr_hardfault
                0x10000116                isr_svcall
                0x10000118                isr_pendsv
                0x1000011a                isr_systick
                0x1000011c                isr_irq31
                0x1000011c                isr_irq5
                0x1000011c                isr_irq11
                0x1000011c                isr_irq32
                0x1000011c                isr_irq23
                0x1000011c                isr_irq48
                0x1000011c                isr_irq35
                0x1000011c                isr_irq18
                0x1000011c                isr_irq50
                0x1000011c                isr_irq27
                0x1000011c                isr_irq40
                0x1000011c                isr_irq28
                0x1000011c                isr_irq19
                0x1000011c                isr_irq36
                0x1000011c                isr_irq41
                0x1000011c                isr_irq0
                0x1000011c                isr_irq6
                0x1000011c                isr_irq45
                0x1000011c                isr_irq12
                0x1000011c                isr_irq37
                0x1000011c                isr_irq42
                0x1000011c                isr_irq22
                0x1000011c                isr_irq43
                0x1000011c                isr_irq17
                0x1000011c                isr_irq38
                0x1000011c                isr_irq14
                0x1000011c                isr_irq13
                0x1000011c                isr_irq2
                0x1000011c                isr_irq10
                0x1000011c                isr_irq8
                0x1000011c                isr_irq24
                0x1000011c                isr_irq46
                0x1000011c                isr_irq1
                0x1000011c                isr_irq47
                0x1000011c                isr_irq51
                0x1000011c                isr_irq7
                0x1000011c                isr_irq21
                0x1000011c                isr_irq39
                0x1000011c                isr_irq20
                0x1000011c                isr_irq15
                0x1000011c                isr_irq25
                0x1000011c                isr_irq34
                0x1000011c                isr_irq49
                0x1000011c                __unhandled_user_irq
                0x1000011c                isr_irq4
                0x1000011c                isr_irq16
                0x1000011c                isr_irq44
                0x1000011c                isr_irq29
                0x1000011c                isr_irq26
                0x1000011c                __default_isrs_end
                0x1000011c                isr_irq33
                0x1000011c                isr_irq3
                0x1000011c                isr_irq30
                0x1000011c                isr_irq9
                0x10000122                unhandled_user_irq_num_in_r0
 *(.binary_info_header)
 .binary_info_header
                0x10000124       0x14 CMakeFiles/task4_266078.dir/C_/Users/kanal/.pico-sdk/sdk/2.1.1/src/rp2_common/pico_crt0/crt0.S.obj
                0x10000138                        __binary_info_header_end = .
 *(.embedded_block)
 .embedded_block
                0x10000138       0x14 CMakeFiles/task4_266078.dir/C_/Users/kanal/.pico-sdk/sdk/2.1.1/src/rp2_common/pico_crt0/crt0.S.obj
                0x1000014c                        __embedded_block_end = .
 *(.reset)
 .reset         0x1000014c       0xa0 CMakeFiles/task4_266078.dir/C_/Users/kanal/.pico-sdk/sdk/2.1.1/src/rp2_common/pico_crt0/crt0.S.obj
                0x1000014c                _entry_point
 *(.init)
 .init          0x100001ec        0x4 C:/Users/kanal/.pico-sdk/toolchain/14_2_Rel1/bin/../lib/gcc/arm-none-eabi/14.2.1/thumb/v8-m.main+fp/softfp/crti.o
                0x100001ec                _init
 SORT_BY_NAME(REVERSE(*libgcc.a:cmse_nonsecure_call.o))()
 *(EXCLUDE_FILE(*libm.a: *libc.a:*lib_a-mem*.o *libgcc.a:) .text*)
 .text.register_tm_clones
                0x100001f0       0x28 C:/Users/kanal/.pico-sdk/toolchain/14_2_Rel1/bin/../lib/gcc/arm-none-eabi/14.2.1/thumb/v8-m.main+fp/softfp/crtbegin.o
 .text.frame_dummy
                0x10000218       0x24 C:/Users/kanal/.pico-sdk/toolchain/14_2_Rel1/bin/../lib/gcc/arm-none-eabi/14.2.1/thumb/v8-m.main+fp/softfp/crtbegin.o
 .text.task_detect_tap
                0x1000023c       0xac CMakeFiles/task4_266078.dir/task4_266078.c.obj
                0x1000023c                task_detect_tap
 .text.lis3dh_init
                0x100002e8       0x3c CMakeFiles/task4_266078.dir/task4_266078.c.obj
                0x100002e8                lis3dh_init
 .text.task_read_accel
                0x10000324       0xc8 CMakeFiles/task4_266078.dir/task4_266078.c.obj
                0x10000324                task_read_accel
 .text.i2c_scan
                0x100003ec       0x4c CMakeFiles/task4_266078.dir/task4_266078.c.obj
                0x100003ec                i2c_scan
 .text.startup.main
                0x10000438       0xac CMakeFiles/task4_266078.dir/task4_266078.c.obj
                0x10000438                main
 .text.pvPortMalloc
                0x100004e4      0x114 CMakeFiles/task4_266078.dir/FreeRTOS-Kernel/portable/MemMang/heap_4.c.obj
                0x100004e4                pvPortMalloc
 .text.vPortFree
                0x100005f8       0xa4 CMakeFiles/task4_266078.dir/FreeRTOS-Kernel/portable/MemMang/heap_4.c.obj
                0x100005f8                vPortFree
 .text.prvDoorbellInterruptHandler
                0x1000069c       0x30 CMakeFiles/task4_266078.dir/FreeRTOS-Kernel/portable/ThirdParty/GCC/RP2350_ARM_NTZ/non_secure/port.c.obj
 .text.prvTaskExitError
                0x100006cc       0x18 CMakeFiles/task4_266078.dir/FreeRTOS-Kernel/portable/ThirdParty/GCC/RP2350_ARM_NTZ/non_secure/port.c.obj
 .text.SysTick_Handler
                0x100006e4       0x24 CMakeFiles/task4_266078.dir/FreeRTOS-Kernel/portable/ThirdParty/GCC/RP2350_ARM_NTZ/non_secure/port.c.obj
                0x100006e4                SysTick_Handler
 .text.vPortSetupTimerInterrupt
                0x10000708       0x2c CMakeFiles/task4_266078.dir/FreeRTOS-Kernel/portable/ThirdParty/GCC/RP2350_ARM_NTZ/non_secure/port.c.obj
                0x10000708                vPortSetupTimerInterrupt
 .text.xPortStartSchedulerOnCore.isra.0
                0x10000734      0x10c CMakeFiles/task4_266078.dir/FreeRTOS-Kernel/portable/ThirdParty/GCC/RP2350_ARM_NTZ/non_secure/port.c.obj
 .text.prvDisableInterruptsAndPortStartSchedulerOnCore
                0x10000840       0x10 CMakeFiles/task4_266078.dir/FreeRTOS-Kernel/portable/ThirdParty/GCC/RP2350_ARM_NTZ/non_secure/port.c.obj
 .text.vPortYield
                0x10000850       0x18 CMakeFiles/task4_266078.dir/FreeRTOS-Kernel/portable/ThirdParty/GCC/RP2350_ARM_NTZ/non_secure/port.c.obj
                0x10000850                vPortYield
 .text.vPortSVCHandler_C
                0x10000868       0x2c CMakeFiles/task4_266078.dir/FreeRTOS-Kernel/portable/ThirdParty/GCC/RP2350_ARM_NTZ/non_secure/port.c.obj
                0x10000868                vPortSVCHandler_C
 .text.pxPortInitialiseStack
                0x10000894       0x78 CMakeFiles/task4_266078.dir/FreeRTOS-Kernel/portable/ThirdParty/GCC/RP2350_ARM_NTZ/non_secure/port.c.obj
                0x10000894                pxPortInitialiseStack
 .text.xPortStartScheduler
                0x1000090c       0x50 CMakeFiles/task4_266078.dir/FreeRTOS-Kernel/portable/ThirdParty/GCC/RP2350_ARM_NTZ/non_secure/port.c.obj
                0x1000090c                xPortStartScheduler
 .text.vPortValidateInterruptPriority
                0x1000095c       0x14 CMakeFiles/task4_266078.dir/FreeRTOS-Kernel/portable/ThirdParty/GCC/RP2350_ARM_NTZ/non_secure/port.c.obj
                0x1000095c                vPortValidateInterruptPriority
 .text.ulPortLockGetCurrentOwnerId
                0x10000970       0x2c CMakeFiles/task4_266078.dir/FreeRTOS-Kernel/portable/ThirdParty/GCC/RP2350_ARM_NTZ/non_secure/port.c.obj
                0x10000970                ulPortLockGetCurrentOwnerId
 .text.vPortLockInternalSpinUnlockWithNotify
                0x1000099c       0x90 CMakeFiles/task4_266078.dir/FreeRTOS-Kernel/portable/ThirdParty/GCC/RP2350_ARM_NTZ/non_secure/port.c.obj
                0x1000099c                vPortLockInternalSpinUnlockWithNotify
 .text.xPortLockInternalSpinUnlockWithBestEffortWaitOrTimeout
                0x10000a2c       0xf4 CMakeFiles/task4_266078.dir/FreeRTOS-Kernel/portable/ThirdParty/GCC/RP2350_ARM_NTZ/non_secure/port.c.obj
                0x10000a2c                xPortLockInternalSpinUnlockWithBestEffortWaitOrTimeout
 .text.startup.prvRuntimeInitializer
                0x10000b20       0x10 CMakeFiles/task4_266078.dir/FreeRTOS-Kernel/portable/ThirdParty/GCC/RP2350_ARM_NTZ/non_secure/port.c.obj
 .text.vYieldCore
                0x10000b30       0x18 CMakeFiles/task4_266078.dir/FreeRTOS-Kernel/portable/ThirdParty/GCC/RP2350_ARM_NTZ/non_secure/port.c.obj
                0x10000b30                vYieldCore
 *fill*         0x10000b48        0x8 
 .text.vRestoreContextOfFirstTask
                0x10000b50       0x38 CMakeFiles/task4_266078.dir/FreeRTOS-Kernel/portable/ThirdParty/GCC/RP2350_ARM_NTZ/non_secure/portasm.c.obj
                0x10000b50                vRestoreContextOfFirstTask
 .text.vStartFirstTask
                0x10000b88       0x10 CMakeFiles/task4_266078.dir/FreeRTOS-Kernel/portable/ThirdParty/GCC/RP2350_ARM_NTZ/non_secure/portasm.c.obj
                0x10000b88                vStartFirstTask
 .text.ulSetInterruptMask
                0x10000b98       0x18 CMakeFiles/task4_266078.dir/FreeRTOS-Kernel/portable/ThirdParty/GCC/RP2350_ARM_NTZ/non_secure/portasm.c.obj
                0x10000b98                ulSetInterruptMask
 .text.vClearInterruptMask
                0x10000bb0       0x10 CMakeFiles/task4_266078.dir/FreeRTOS-Kernel/portable/ThirdParty/GCC/RP2350_ARM_NTZ/non_secure/portasm.c.obj
                0x10000bb0                vClearInterruptMask
 .text.PendSV_Handler
                0x10000bc0       0x98 CMakeFiles/task4_266078.dir/FreeRTOS-Kernel/portable/ThirdParty/GCC/RP2350_ARM_NTZ/non_secure/portasm.c.obj
                0x10000bc0                PendSV_Handler
 .text.SVC_Handler
                0x10000c58       0x18 CMakeFiles/task4_266078.dir/FreeRTOS-Kernel/portable/ThirdParty/GCC/RP2350_ARM_NTZ/non_secure/portasm.c.obj
                0x10000c58                SVC_Handler
 .text.vEventGroupSetBitsCallback
                0x10000c70       0x64 CMakeFiles/task4_266078.dir/FreeRTOS-Kernel/event_groups.c.obj
                0x10000c70                vEventGroupSetBitsCallback
 .text.xEventGroupCreate
                0x10000cd4       0x1c CMakeFiles/task4_266078.dir/FreeRTOS-Kernel/event_groups.c.obj
                0x10000cd4                xEventGroupCreate
 .text.xEventGroupWaitBits
                0x10000cf0       0xb0 CMakeFiles/task4_266078.dir/FreeRTOS-Kernel/event_groups.c.obj
                0x10000cf0                xEventGroupWaitBits
 .text.xEventGroupSetBits
                0x10000da0       0x68 CMakeFiles/task4_266078.dir/FreeRTOS-Kernel/event_groups.c.obj
                0x10000da0                xEventGroupSetBits
 .text.xEventGroupSetBitsFromISR
                0x10000e08       0x1c CMakeFiles/task4_266078.dir/FreeRTOS-Kernel/event_groups.c.obj
                0x10000e08                xEventGroupSetBitsFromISR
 .text.vListInitialise
                0x10000e24       0x18 CMakeFiles/task4_266078.dir/FreeRTOS-Kernel/list.c.obj
                0x10000e24                vListInitialise
 .text.vListInitialiseItem
                0x10000e3c        0x8 CMakeFiles/task4_266078.dir/FreeRTOS-Kernel/list.c.obj
                0x10000e3c                vListInitialiseItem
 .text.vListInsertEnd
                0x10000e44       0x1c CMakeFiles/task4_266078.dir/FreeRTOS-Kernel/list.c.obj
                0x10000e44                vListInsertEnd
 .text.vListInsert
                0x10000e60       0x30 CMakeFiles/task4_266078.dir/FreeRTOS-Kernel/list.c.obj
                0x10000e60                vListInsert
 .text.uxListRemove
                0x10000e90       0x28 CMakeFiles/task4_266078.dir/FreeRTOS-Kernel/list.c.obj
                0x10000e90                uxListRemove
 .text.prvCopyDataToQueue
                0x10000eb8       0x78 CMakeFiles/task4_266078.dir/FreeRTOS-Kernel/queue.c.obj
 .text.prvUnlockQueue
                0x10000f30      0x190 CMakeFiles/task4_266078.dir/FreeRTOS-Kernel/queue.c.obj
 .text.prvNotifyQueueSetContainer
                0x100010c0       0x84 CMakeFiles/task4_266078.dir/FreeRTOS-Kernel/queue.c.obj
 .text.xQueueGenericCreate
                0x10001144       0x80 CMakeFiles/task4_266078.dir/FreeRTOS-Kernel/queue.c.obj
                0x10001144                xQueueGenericCreate
 .text.xQueueGenericSend
                0x100011c4      0x114 CMakeFiles/task4_266078.dir/FreeRTOS-Kernel/queue.c.obj
                0x100011c4                xQueueGenericSend
 .text.xQueueGenericSendFromISR
                0x100012d8       0xa0 CMakeFiles/task4_266078.dir/FreeRTOS-Kernel/queue.c.obj
                0x100012d8                xQueueGenericSendFromISR
 .text.xQueueReceive
                0x10001378       0xfc CMakeFiles/task4_266078.dir/FreeRTOS-Kernel/queue.c.obj
                0x10001378                xQueueReceive
 .text.vQueueAddToRegistry
                0x10001474      0x130 CMakeFiles/task4_266078.dir/FreeRTOS-Kernel/queue.c.obj
                0x10001474                vQueueAddToRegistry
 .text.vQueueWaitForMessageRestricted
                0x100015a4       0x50 CMakeFiles/task4_266078.dir/FreeRTOS-Kernel/queue.c.obj
                0x100015a4                vQueueWaitForMessageRestricted
 .text.prvPassiveIdleTask
                0x100015f4       0x20 CMakeFiles/task4_266078.dir/FreeRTOS-Kernel/tasks.c.obj
 .text.prvYieldForTask
                0x10001614       0xe0 CMakeFiles/task4_266078.dir/FreeRTOS-Kernel/tasks.c.obj
 .text.vTaskExitCritical.part.0
                0x100016f4       0x8c CMakeFiles/task4_266078.dir/FreeRTOS-Kernel/tasks.c.obj
 .text.prvCreateTask
                0x10001780      0x138 CMakeFiles/task4_266078.dir/FreeRTOS-Kernel/tasks.c.obj
 .text.prvCheckForRunStateChange
                0x100018b8      0x160 CMakeFiles/task4_266078.dir/FreeRTOS-Kernel/tasks.c.obj
 .text.vTaskSuspendAll.part.0
                0x10001a18       0xf8 CMakeFiles/task4_266078.dir/FreeRTOS-Kernel/tasks.c.obj
 .text.prvCheckTasksWaitingTermination
                0x10001b10      0x194 CMakeFiles/task4_266078.dir/FreeRTOS-Kernel/tasks.c.obj
 .text.prvIdleTask
                0x10001ca4       0x1c CMakeFiles/task4_266078.dir/FreeRTOS-Kernel/tasks.c.obj
 .text.prvAddCurrentTaskToDelayedList
                0x10001cc0      0x13c CMakeFiles/task4_266078.dir/FreeRTOS-Kernel/tasks.c.obj
 .text.vTaskSuspendAll
                0x10001dfc       0x10 CMakeFiles/task4_266078.dir/FreeRTOS-Kernel/tasks.c.obj
                0x10001dfc                vTaskSuspendAll
 .text.xTaskGetTickCount
                0x10001e0c        0xc CMakeFiles/task4_266078.dir/FreeRTOS-Kernel/tasks.c.obj
                0x10001e0c                xTaskGetTickCount
 .text.uxTaskGetNumberOfTasks
                0x10001e18        0xc CMakeFiles/task4_266078.dir/FreeRTOS-Kernel/tasks.c.obj
                0x10001e18                uxTaskGetNumberOfTasks
 .text.xTaskIncrementTick
                0x10001e24      0x234 CMakeFiles/task4_266078.dir/FreeRTOS-Kernel/tasks.c.obj
                0x10001e24                xTaskIncrementTick
 .text.vTaskSwitchContext
                0x10002058      0x314 CMakeFiles/task4_266078.dir/FreeRTOS-Kernel/tasks.c.obj
                0x10002058                vTaskSwitchContext
 .text.vTaskPlaceOnEventList
                0x1000236c       0x34 CMakeFiles/task4_266078.dir/FreeRTOS-Kernel/tasks.c.obj
                0x1000236c                vTaskPlaceOnEventList
 .text.vTaskPlaceOnUnorderedEventList
                0x100023a0       0xa0 CMakeFiles/task4_266078.dir/FreeRTOS-Kernel/tasks.c.obj
                0x100023a0                vTaskPlaceOnUnorderedEventList
 .text.vTaskPlaceOnEventListRestricted
                0x10002440       0x9c CMakeFiles/task4_266078.dir/FreeRTOS-Kernel/tasks.c.obj
                0x10002440                vTaskPlaceOnEventListRestricted
 .text.xTaskRemoveFromEventList
                0x100024dc       0xc0 CMakeFiles/task4_266078.dir/FreeRTOS-Kernel/tasks.c.obj
                0x100024dc                xTaskRemoveFromEventList
 .text.vTaskInternalSetTimeOutState
                0x1000259c       0x18 CMakeFiles/task4_266078.dir/FreeRTOS-Kernel/tasks.c.obj
                0x1000259c                vTaskInternalSetTimeOutState
 .text.vTaskMissedYield
                0x100025b4       0x14 CMakeFiles/task4_266078.dir/FreeRTOS-Kernel/tasks.c.obj
                0x100025b4                vTaskMissedYield
 .text.xTaskGetCurrentTaskHandle
                0x100025c8       0x20 CMakeFiles/task4_266078.dir/FreeRTOS-Kernel/tasks.c.obj
                0x100025c8                xTaskGetCurrentTaskHandle
 .text.xTaskPriorityDisinherit
                0x100025e8       0xbc CMakeFiles/task4_266078.dir/FreeRTOS-Kernel/tasks.c.obj
                0x100025e8                xTaskPriorityDisinherit
 .text.vTaskYieldWithinAPI
                0x100026a4       0x24 CMakeFiles/task4_266078.dir/FreeRTOS-Kernel/tasks.c.obj
                0x100026a4                vTaskYieldWithinAPI
 .text.vTaskEnterCritical
                0x100026c8      0x11c CMakeFiles/task4_266078.dir/FreeRTOS-Kernel/tasks.c.obj
                0x100026c8                vTaskEnterCritical
 .text.prvAddNewTaskToReadyList
                0x100027e4       0xf4 CMakeFiles/task4_266078.dir/FreeRTOS-Kernel/tasks.c.obj
 .text.xTaskCreate
                0x100028d8       0x2c CMakeFiles/task4_266078.dir/FreeRTOS-Kernel/tasks.c.obj
                0x100028d8                xTaskCreate
 .text.xTaskCreateAffinitySet
                0x10002904       0x28 CMakeFiles/task4_266078.dir/FreeRTOS-Kernel/tasks.c.obj
                0x10002904                xTaskCreateAffinitySet
 .text.vTaskStartScheduler
                0x1000292c       0xc8 CMakeFiles/task4_266078.dir/FreeRTOS-Kernel/tasks.c.obj
                0x1000292c                vTaskStartScheduler
 .text.xTaskResumeAll.part.0
                0x100029f4      0x1a0 CMakeFiles/task4_266078.dir/FreeRTOS-Kernel/tasks.c.obj
 .text.xTaskResumeAll
                0x10002b94       0x10 CMakeFiles/task4_266078.dir/FreeRTOS-Kernel/tasks.c.obj
                0x10002b94                xTaskResumeAll
 .text.vTaskDelay
                0x10002ba4       0x68 CMakeFiles/task4_266078.dir/FreeRTOS-Kernel/tasks.c.obj
                0x10002ba4                vTaskDelay
 .text.vTaskRemoveFromUnorderedEventList
                0x10002c0c       0x94 CMakeFiles/task4_266078.dir/FreeRTOS-Kernel/tasks.c.obj
                0x10002c0c                vTaskRemoveFromUnorderedEventList
 .text.xTaskCheckForTimeOut
                0x10002ca0       0xa4 CMakeFiles/task4_266078.dir/FreeRTOS-Kernel/tasks.c.obj
                0x10002ca0                xTaskCheckForTimeOut
 .text.vTaskEnterCriticalFromISR
                0x10002d44       0x94 CMakeFiles/task4_266078.dir/FreeRTOS-Kernel/tasks.c.obj
                0x10002d44                vTaskEnterCriticalFromISR
 .text.vTaskExitCritical
                0x10002dd8       0x98 CMakeFiles/task4_266078.dir/FreeRTOS-Kernel/tasks.c.obj
                0x10002dd8                vTaskExitCritical
 .text.vTaskExitCriticalFromISR
                0x10002e70       0x64 CMakeFiles/task4_266078.dir/FreeRTOS-Kernel/tasks.c.obj
                0x10002e70                vTaskExitCriticalFromISR
 .text.uxTaskResetEventItemValue
                0x10002ed4       0x44 CMakeFiles/task4_266078.dir/FreeRTOS-Kernel/tasks.c.obj
                0x10002ed4                uxTaskResetEventItemValue
 .text.prvTimerTask
                0x10002f18      0x350 CMakeFiles/task4_266078.dir/FreeRTOS-Kernel/timers.c.obj
 .text.xTimerCreateTimerTask
                0x10003268       0x8c CMakeFiles/task4_266078.dir/FreeRTOS-Kernel/timers.c.obj
                0x10003268                xTimerCreateTimerTask
 .text.xTimerPendFunctionCallFromISR
                0x100032f4       0x30 CMakeFiles/task4_266078.dir/FreeRTOS-Kernel/timers.c.obj
                0x100032f4                xTimerPendFunctionCallFromISR
 .text.clock_configure_undivided
                0x10003324       0xd0 CMakeFiles/task4_266078.dir/C_/Users/kanal/.pico-sdk/sdk/2.1.1/src/rp2_common/hardware_clocks/clocks.c.obj
                0x10003324                clock_configure_undivided
 .text.clock_get_hz
                0x100033f4        0xc CMakeFiles/task4_266078.dir/C_/Users/kanal/.pico-sdk/sdk/2.1.1/src/rp2_common/hardware_clocks/clocks.c.obj
                0x100033f4                clock_get_hz
 .text.panic    0x10003400       0x30 CMakeFiles/task4_266078.dir/C_/Users/kanal/.pico-sdk/sdk/2.1.1/src/rp2_common/pico_platform_panic/panic.c.obj
                0x10003400                panic
 .text.hw_claim_lock
                0x10003430       0x24 CMakeFiles/task4_266078.dir/C_/Users/kanal/.pico-sdk/sdk/2.1.1/src/common/hardware_claim/claim.c.obj
                0x10003430                hw_claim_lock
 .text.hw_claim_unlock
                0x10003454       0x14 CMakeFiles/task4_266078.dir/C_/Users/kanal/.pico-sdk/sdk/2.1.1/src/common/hardware_claim/claim.c.obj
                0x10003454                hw_claim_unlock
 .text.hw_claim_or_assert
                0x10003468       0x58 CMakeFiles/task4_266078.dir/C_/Users/kanal/.pico-sdk/sdk/2.1.1/src/common/hardware_claim/claim.c.obj
                0x10003468                hw_claim_or_assert
 .text.next_striped_spin_lock_num
                0x100034c0       0x18 CMakeFiles/task4_266078.dir/C_/Users/kanal/.pico-sdk/sdk/2.1.1/src/rp2_common/hardware_sync/sync.c.obj
                0x100034c0                next_striped_spin_lock_num
 .text.spin_lock_claim
                0x100034d8       0x14 CMakeFiles/task4_266078.dir/C_/Users/kanal/.pico-sdk/sdk/2.1.1/src/rp2_common/hardware_sync/sync.c.obj
                0x100034d8                spin_lock_claim
 .text.spinlock_set_extexclall
                0x100034ec       0x10 CMakeFiles/task4_266078.dir/C_/Users/kanal/.pico-sdk/sdk/2.1.1/src/rp2_common/hardware_sync_spin_lock/sync_spin_lock.c.obj
 .text.spin_locks_reset
                0x100034fc       0x18 CMakeFiles/task4_266078.dir/C_/Users/kanal/.pico-sdk/sdk/2.1.1/src/rp2_common/hardware_sync_spin_lock/sync_spin_lock.c.obj
                0x100034fc                spin_locks_reset
 .text.gpio_set_function
                0x10003514       0x3c CMakeFiles/task4_266078.dir/C_/Users/kanal/.pico-sdk/sdk/2.1.1/src/rp2_common/hardware_gpio/gpio.c.obj
                0x10003514                gpio_set_function
 .text.gpio_set_pulls
                0x10003550       0x28 CMakeFiles/task4_266078.dir/C_/Users/kanal/.pico-sdk/sdk/2.1.1/src/rp2_common/hardware_gpio/gpio.c.obj
                0x10003550                gpio_set_pulls
 .text.gpio_init
                0x10003578       0x48 CMakeFiles/task4_266078.dir/C_/Users/kanal/.pico-sdk/sdk/2.1.1/src/rp2_common/hardware_gpio/gpio.c.obj
                0x10003578                gpio_init
 .text.runtime_init_per_core_irq_priorities
                0x100035c0       0x40 CMakeFiles/task4_266078.dir/C_/Users/kanal/.pico-sdk/sdk/2.1.1/src/rp2_common/hardware_irq/irq.c.obj
                0x100035c0                runtime_init_per_core_irq_priorities
 .text.irq_set_enabled
                0x10003600       0x2c CMakeFiles/task4_266078.dir/C_/Users/kanal/.pico-sdk/sdk/2.1.1/src/rp2_common/hardware_irq/irq.c.obj
                0x10003600                irq_set_enabled
 .text.irq_is_enabled
                0x1000362c       0x20 CMakeFiles/task4_266078.dir/C_/Users/kanal/.pico-sdk/sdk/2.1.1/src/rp2_common/hardware_irq/irq.c.obj
                0x1000362c                irq_is_enabled
 .text.irq_set_exclusive_handler
                0x1000364c       0x60 CMakeFiles/task4_266078.dir/C_/Users/kanal/.pico-sdk/sdk/2.1.1/src/rp2_common/hardware_irq/irq.c.obj
                0x1000364c                irq_set_exclusive_handler
 .text.irq_remove_handler
                0x100036ac      0x1f4 CMakeFiles/task4_266078.dir/C_/Users/kanal/.pico-sdk/sdk/2.1.1/src/rp2_common/hardware_irq/irq.c.obj
                0x100036ac                irq_remove_handler
 .text.irq_set_priority
                0x100038a0       0x28 CMakeFiles/task4_266078.dir/C_/Users/kanal/.pico-sdk/sdk/2.1.1/src/rp2_common/hardware_irq/irq.c.obj
                0x100038a0                irq_set_priority
 .text.irq_add_tail_to_free_list
                0x100038c8       0xbc CMakeFiles/task4_266078.dir/C_/Users/kanal/.pico-sdk/sdk/2.1.1/src/rp2_common/hardware_irq/irq.c.obj
                0x100038c8                irq_add_tail_to_free_list
 .text.lock_init
                0x10003984        0xc CMakeFiles/task4_266078.dir/C_/Users/kanal/.pico-sdk/sdk/2.1.1/src/common/pico_sync/lock_core.c.obj
                0x10003984                lock_init
 .text.runtime_init_mutex
                0x10003990       0x54 CMakeFiles/task4_266078.dir/C_/Users/kanal/.pico-sdk/sdk/2.1.1/src/common/pico_sync/mutex.c.obj
                0x10003990                runtime_init_mutex
 *fill*         0x100039e4        0x4 
 .text.alarm_pool_irq_handler
                0x100039e8      0x2f0 CMakeFiles/task4_266078.dir/C_/Users/kanal/.pico-sdk/sdk/2.1.1/src/common/pico_time/time.c.obj
 .text.sleep_until_callback
                0x10003cd8       0x34 CMakeFiles/task4_266078.dir/C_/Users/kanal/.pico-sdk/sdk/2.1.1/src/common/pico_time/time.c.obj
 .text.runtime_init_default_alarm_pool
                0x10003d0c      0x100 CMakeFiles/task4_266078.dir/C_/Users/kanal/.pico-sdk/sdk/2.1.1/src/common/pico_time/time.c.obj
                0x10003d0c                runtime_init_default_alarm_pool
 .text.alarm_pool_add_alarm_at_force_in_context
                0x10003e0c       0xc8 CMakeFiles/task4_266078.dir/C_/Users/kanal/.pico-sdk/sdk/2.1.1/src/common/pico_time/time.c.obj
                0x10003e0c                alarm_pool_add_alarm_at_force_in_context
 .text.alarm_pool_cancel_alarm
                0x10003ed4       0x80 CMakeFiles/task4_266078.dir/C_/Users/kanal/.pico-sdk/sdk/2.1.1/src/common/pico_time/time.c.obj
                0x10003ed4                alarm_pool_cancel_alarm
 .text.best_effort_wfe_or_timeout
                0x10003f54       0xd4 CMakeFiles/task4_266078.dir/C_/Users/kanal/.pico-sdk/sdk/2.1.1/src/common/pico_time/time.c.obj
                0x10003f54                best_effort_wfe_or_timeout
 .text.timer_hardware_alarm_claim
                0x10004028       0x24 CMakeFiles/task4_266078.dir/C_/Users/kanal/.pico-sdk/sdk/2.1.1/src/rp2_common/hardware_timer/timer.c.obj
                0x10004028                timer_hardware_alarm_claim
 .text.timer_time_us_64
                0x1000404c       0x10 CMakeFiles/task4_266078.dir/C_/Users/kanal/.pico-sdk/sdk/2.1.1/src/rp2_common/hardware_timer/timer.c.obj
                0x1000404c                timer_time_us_64
 .text.time_us_64
                0x1000405c       0x14 CMakeFiles/task4_266078.dir/C_/Users/kanal/.pico-sdk/sdk/2.1.1/src/rp2_common/hardware_timer/timer.c.obj
                0x1000405c                time_us_64
 .text.busy_wait_us
                0x10004070       0x5c CMakeFiles/task4_266078.dir/C_/Users/kanal/.pico-sdk/sdk/2.1.1/src/rp2_common/hardware_timer/timer.c.obj
                0x10004070                busy_wait_us
 .text.pll_init
                0x100040cc       0x8c CMakeFiles/task4_266078.dir/C_/Users/kanal/.pico-sdk/sdk/2.1.1/src/rp2_common/hardware_pll/pll.c.obj
                0x100040cc                pll_init
 .text.tick_start
                0x10004158       0x18 CMakeFiles/task4_266078.dir/C_/Users/kanal/.pico-sdk/sdk/2.1.1/src/rp2_common/hardware_ticks/ticks.c.obj
                0x10004158                tick_start
 .text.rom_func_lookup
                0x10004170       0x18 CMakeFiles/task4_266078.dir/C_/Users/kanal/.pico-sdk/sdk/2.1.1/src/rp2_common/pico_bootrom/bootrom.c.obj
                0x10004170                rom_func_lookup
 .text.runtime_init_bootrom_locking_enable
                0x10004188       0x14 CMakeFiles/task4_266078.dir/C_/Users/kanal/.pico-sdk/sdk/2.1.1/src/rp2_common/pico_bootrom/bootrom_lock.c.obj
                0x10004188                runtime_init_bootrom_locking_enable
 .text.runtime_init_boot_locks_reset
                0x1000419c       0x1c CMakeFiles/task4_266078.dir/C_/Users/kanal/.pico-sdk/sdk/2.1.1/src/rp2_common/hardware_boot_lock/boot_lock.c.obj
                0x1000419c                runtime_init_boot_locks_reset
 .text.xosc_init
                0x100041b8       0x30 CMakeFiles/task4_266078.dir/C_/Users/kanal/.pico-sdk/sdk/2.1.1/src/rp2_common/hardware_xosc/xosc.c.obj
                0x100041b8                xosc_init
 .text.exception_set_exclusive_handler
                0x100041e8       0x4c CMakeFiles/task4_266078.dir/C_/Users/kanal/.pico-sdk/sdk/2.1.1/src/rp2_common/hardware_exception/exception.c.obj
                0x100041e8                exception_set_exclusive_handler
 .text.core1_trampoline
                0x10004234        0x4 CMakeFiles/task4_266078.dir/C_/Users/kanal/.pico-sdk/sdk/2.1.1/src/rp2_common/pico_multicore/multicore.c.obj
 .text.core1_wrapper
                0x10004238       0x10 CMakeFiles/task4_266078.dir/C_/Users/kanal/.pico-sdk/sdk/2.1.1/src/rp2_common/pico_multicore/multicore.c.obj
                0x10004238                core1_wrapper
 .text.multicore_launch_core1_raw
                0x10004248       0x84 CMakeFiles/task4_266078.dir/C_/Users/kanal/.pico-sdk/sdk/2.1.1/src/rp2_common/pico_multicore/multicore.c.obj
                0x10004248                multicore_launch_core1_raw
 .text.multicore_launch_core1
                0x100042cc       0x48 CMakeFiles/task4_266078.dir/C_/Users/kanal/.pico-sdk/sdk/2.1.1/src/rp2_common/pico_multicore/multicore.c.obj
                0x100042cc                multicore_launch_core1
 .text.multicore_doorbell_claim_unused
                0x10004314       0xf8 CMakeFiles/task4_266078.dir/C_/Users/kanal/.pico-sdk/sdk/2.1.1/src/rp2_common/pico_multicore/multicore.c.obj
                0x10004314                multicore_doorbell_claim_unused
 .text.i2c_read_blocking_internal.constprop.0
                0x1000440c       0x70 CMakeFiles/task4_266078.dir/C_/Users/kanal/.pico-sdk/sdk/2.1.1/src/rp2_common/hardware_i2c/i2c.c.obj
 .text.i2c_write_blocking_internal.constprop.0
                0x1000447c       0x9c CMakeFiles/task4_266078.dir/C_/Users/kanal/.pico-sdk/sdk/2.1.1/src/rp2_common/hardware_i2c/i2c.c.obj
 .text.i2c_set_baudrate
                0x10004518       0xa4 CMakeFiles/task4_266078.dir/C_/Users/kanal/.pico-sdk/sdk/2.1.1/src/rp2_common/hardware_i2c/i2c.c.obj
                0x10004518                i2c_set_baudrate
 .text.i2c_init
                0x100045bc       0x4c CMakeFiles/task4_266078.dir/C_/Users/kanal/.pico-sdk/sdk/2.1.1/src/rp2_common/hardware_i2c/i2c.c.obj
                0x100045bc                i2c_init
 .text.i2c_write_blocking
                0x10004608       0x10 CMakeFiles/task4_266078.dir/C_/Users/kanal/.pico-sdk/sdk/2.1.1/src/rp2_common/hardware_i2c/i2c.c.obj
                0x10004608                i2c_write_blocking
 .text.i2c_read_blocking
                0x10004618       0x10 CMakeFiles/task4_266078.dir/C_/Users/kanal/.pico-sdk/sdk/2.1.1/src/rp2_common/hardware_i2c/i2c.c.obj
                0x10004618                i2c_read_blocking
 .text.uart_init
                0x10004628      0x104 CMakeFiles/task4_266078.dir/C_/Users/kanal/.pico-sdk/sdk/2.1.1/src/rp2_common/hardware_uart/uart.c.obj
                0x10004628                uart_init
 .text.first_per_core_initializer
                0x1000472c        0x4 CMakeFiles/task4_266078.dir/C_/Users/kanal/.pico-sdk/sdk/2.1.1/src/rp2_common/pico_runtime/runtime.c.obj
 .text.hard_assertion_failure
                0x10004730        0xc CMakeFiles/task4_266078.dir/C_/Users/kanal/.pico-sdk/sdk/2.1.1/src/rp2_common/pico_runtime/runtime.c.obj
                0x10004730                hard_assertion_failure
 .text.runtime_run_initializers
                0x1000473c       0x20 CMakeFiles/task4_266078.dir/C_/Users/kanal/.pico-sdk/sdk/2.1.1/src/rp2_common/pico_runtime/runtime.c.obj
                0x1000473c                runtime_run_initializers
 .text.runtime_run_per_core_initializers
                0x1000475c       0x20 CMakeFiles/task4_266078.dir/C_/Users/kanal/.pico-sdk/sdk/2.1.1/src/rp2_common/pico_runtime/runtime.c.obj
                0x1000475c                runtime_run_per_core_initializers
 .text.runtime_init_early_resets
                0x1000477c       0x34 CMakeFiles/task4_266078.dir/C_/Users/kanal/.pico-sdk/sdk/2.1.1/src/rp2_common/pico_runtime_init/runtime_init.c.obj
                0x1000477c                runtime_init_early_resets
 .text.runtime_init_usb_power_down
                0x100047b0       0x1c CMakeFiles/task4_266078.dir/C_/Users/kanal/.pico-sdk/sdk/2.1.1/src/rp2_common/pico_runtime_init/runtime_init.c.obj
                0x100047b0                runtime_init_usb_power_down
 .text.runtime_init_per_core_enable_coprocessors
                0x100047cc       0x1c CMakeFiles/task4_266078.dir/C_/Users/kanal/.pico-sdk/sdk/2.1.1/src/rp2_common/pico_runtime_init/runtime_init.c.obj
                0x100047cc                runtime_init_per_core_enable_coprocessors
 .text.runtime_init_post_clock_resets
                0x100047e8       0x20 CMakeFiles/task4_266078.dir/C_/Users/kanal/.pico-sdk/sdk/2.1.1/src/rp2_common/pico_runtime_init/runtime_init.c.obj
                0x100047e8                runtime_init_post_clock_resets
 .text.runtime_init_bootrom_reset
                0x10004808       0x14 CMakeFiles/task4_266078.dir/C_/Users/kanal/.pico-sdk/sdk/2.1.1/src/rp2_common/pico_runtime_init/runtime_init.c.obj
                0x10004808                runtime_init_bootrom_reset
 .text.runtime_init_per_core_bootrom_reset
                0x1000481c       0x14 CMakeFiles/task4_266078.dir/C_/Users/kanal/.pico-sdk/sdk/2.1.1/src/rp2_common/pico_runtime_init/runtime_init.c.obj
                0x1000481c                runtime_init_per_core_bootrom_reset
 .text.runtime_init_spin_locks_reset
                0x10004830        0x4 CMakeFiles/task4_266078.dir/C_/Users/kanal/.pico-sdk/sdk/2.1.1/src/rp2_common/pico_runtime_init/runtime_init.c.obj
                0x10004830                runtime_init_spin_locks_reset
 .text.runtime_init_install_ram_vector_table
                0x10004834       0x20 CMakeFiles/task4_266078.dir/C_/Users/kanal/.pico-sdk/sdk/2.1.1/src/rp2_common/pico_runtime_init/runtime_init.c.obj
                0x10004834                runtime_init_install_ram_vector_table
 .text.runtime_init_clocks
                0x10004854       0xdc CMakeFiles/task4_266078.dir/C_/Users/kanal/.pico-sdk/sdk/2.1.1/src/rp2_common/pico_runtime_init/runtime_init_clocks.c.obj
                0x10004854                runtime_init_clocks
 .text.__rp2350_dcp_engaged_state_save_restore
                0x10004930       0x3a CMakeFiles/task4_266078.dir/C_/Users/kanal/.pico-sdk/sdk/2.1.1/src/rp2_common/pico_double/double_aeabi_dcp.S.obj
 *fill*         0x1000496a        0x2 
 .text.__wrap___aeabi_dadd
                0x1000496c       0x28 CMakeFiles/task4_266078.dir/C_/Users/kanal/.pico-sdk/sdk/2.1.1/src/rp2_common/pico_double/double_aeabi_dcp.S.obj
                0x10004974                __wrap___aeabi_dadd
 .text.__wrap___aeabi_dsub
                0x10004994       0x28 CMakeFiles/task4_266078.dir/C_/Users/kanal/.pico-sdk/sdk/2.1.1/src/rp2_common/pico_double/double_aeabi_dcp.S.obj
                0x1000499c                __wrap___aeabi_dsub
 .text.__wrap___aeabi_dmul
                0x100049bc       0x4c CMakeFiles/task4_266078.dir/C_/Users/kanal/.pico-sdk/sdk/2.1.1/src/rp2_common/pico_double/double_aeabi_dcp.S.obj
                0x100049c4                __wrap___aeabi_dmul
 .text.__wrap___aeabi_ddiv
                0x10004a08       0x9c CMakeFiles/task4_266078.dir/C_/Users/kanal/.pico-sdk/sdk/2.1.1/src/rp2_common/pico_double/double_aeabi_dcp.S.obj
                0x10004a10                __wrap___aeabi_ddiv
 .text.__wrap___aeabi_i2d
                0x10004aa4       0x24 CMakeFiles/task4_266078.dir/C_/Users/kanal/.pico-sdk/sdk/2.1.1/src/rp2_common/pico_double/double_aeabi_dcp.S.obj
                0x10004aac                int2double
                0x10004aac                __wrap___aeabi_i2d
 .text.__wrap___aeabi_ui2d
                0x10004ac8       0x24 CMakeFiles/task4_266078.dir/C_/Users/kanal/.pico-sdk/sdk/2.1.1/src/rp2_common/pico_double/double_aeabi_dcp.S.obj
                0x10004ad0                uint2double
                0x10004ad0                __wrap___aeabi_ui2d
 .text.__wrap___aeabi_d2iz
                0x10004aec       0x24 CMakeFiles/task4_266078.dir/C_/Users/kanal/.pico-sdk/sdk/2.1.1/src/rp2_common/pico_double/double_aeabi_dcp.S.obj
                0x10004af4                double2int_z
                0x10004af4                __wrap___aeabi_d2iz
 .text.__wrap___aeabi_d2uiz
                0x10004b10       0x24 CMakeFiles/task4_266078.dir/C_/Users/kanal/.pico-sdk/sdk/2.1.1/src/rp2_common/pico_double/double_aeabi_dcp.S.obj
                0x10004b18                double2uint
                0x10004b18                __wrap___aeabi_d2uiz
                0x10004b18                double2uint_z
 .text.__wrap___aeabi_dcmpun
                0x10004b34       0x24 CMakeFiles/task4_266078.dir/C_/Users/kanal/.pico-sdk/sdk/2.1.1/src/rp2_common/pico_double/double_aeabi_dcp.S.obj
                0x10004b3c                __wrap___aeabi_dcmpun
 .text.__wrap___aeabi_dcmplt
                0x10004b58       0x28 CMakeFiles/task4_266078.dir/C_/Users/kanal/.pico-sdk/sdk/2.1.1/src/rp2_common/pico_double/double_aeabi_dcp.S.obj
                0x10004b60                __wrap___aeabi_dcmplt
 .text.__wrap___aeabi_dcmple
                0x10004b80       0x28 CMakeFiles/task4_266078.dir/C_/Users/kanal/.pico-sdk/sdk/2.1.1/src/rp2_common/pico_double/double_aeabi_dcp.S.obj
                0x10004b88                __wrap___aeabi_dcmple
 .text.__wrap___aeabi_dcmpge
                0x10004ba8       0x28 CMakeFiles/task4_266078.dir/C_/Users/kanal/.pico-sdk/sdk/2.1.1/src/rp2_common/pico_double/double_aeabi_dcp.S.obj
                0x10004bb0                __wrap___aeabi_dcmpge
 .text.__wrap___aeabi_dcmpgt
                0x10004bd0       0x28 CMakeFiles/task4_266078.dir/C_/Users/kanal/.pico-sdk/sdk/2.1.1/src/rp2_common/pico_double/double_aeabi_dcp.S.obj
                0x10004bd8                __wrap___aeabi_dcmpgt
 .text._out_null
                0x10004bf8        0x4 CMakeFiles/task4_266078.dir/C_/Users/kanal/.pico-sdk/sdk/2.1.1/src/rp2_common/pico_printf/printf.c.obj
 .text._out_rev
                0x10004bfc       0x9c CMakeFiles/task4_266078.dir/C_/Users/kanal/.pico-sdk/sdk/2.1.1/src/rp2_common/pico_printf/printf.c.obj
 .text._ntoa_format
                0x10004c98      0x1d4 CMakeFiles/task4_266078.dir/C_/Users/kanal/.pico-sdk/sdk/2.1.1/src/rp2_common/pico_printf/printf.c.obj
 .text._out_char
                0x10004e6c        0x8 CMakeFiles/task4_266078.dir/C_/Users/kanal/.pico-sdk/sdk/2.1.1/src/rp2_common/pico_printf/printf.c.obj
 .text._out_fct
                0x10004e74        0xc CMakeFiles/task4_266078.dir/C_/Users/kanal/.pico-sdk/sdk/2.1.1/src/rp2_common/pico_printf/printf.c.obj
 .text._ftoa    0x10004e80      0x4bc CMakeFiles/task4_266078.dir/C_/Users/kanal/.pico-sdk/sdk/2.1.1/src/rp2_common/pico_printf/printf.c.obj
 *fill*         0x1000533c        0x4 
 .text._etoa    0x10005340      0x574 CMakeFiles/task4_266078.dir/C_/Users/kanal/.pico-sdk/sdk/2.1.1/src/rp2_common/pico_printf/printf.c.obj
 .text._vsnprintf
                0x100058b4      0x9e4 CMakeFiles/task4_266078.dir/C_/Users/kanal/.pico-sdk/sdk/2.1.1/src/rp2_common/pico_printf/printf.c.obj
 .text.vfctprintf
                0x10006298       0x28 CMakeFiles/task4_266078.dir/C_/Users/kanal/.pico-sdk/sdk/2.1.1/src/rp2_common/pico_printf/printf.c.obj
                0x10006298                vfctprintf
 .text.weak_raw_vprintf
                0x100062c0       0x30 CMakeFiles/task4_266078.dir/C_/Users/kanal/.pico-sdk/sdk/2.1.1/src/rp2_common/pico_printf/printf.c.obj
                0x100062c0                weak_raw_vprintf
 .text._exit    0x100062f0        0x4 CMakeFiles/task4_266078.dir/C_/Users/kanal/.pico-sdk/sdk/2.1.1/src/rp2_common/pico_clib_interface/newlib_interface.c.obj
                0x100062f0                _exit
 .text.exit     0x100062f4        0x8 CMakeFiles/task4_266078.dir/C_/Users/kanal/.pico-sdk/sdk/2.1.1/src/rp2_common/pico_clib_interface/newlib_interface.c.obj
                0x100062f4                exit
 .text.runtime_init
                0x100062fc       0x24 CMakeFiles/task4_266078.dir/C_/Users/kanal/.pico-sdk/sdk/2.1.1/src/rp2_common/pico_clib_interface/newlib_interface.c.obj
                0x100062fc                runtime_init
 .text.stdio_out_chars_no_crlf
                0x10006320        0x8 CMakeFiles/task4_266078.dir/C_/Users/kanal/.pico-sdk/sdk/2.1.1/src/rp2_common/pico_stdio/stdio.c.obj
 .text.stdio_out_chars_crlf
                0x10006328       0xb0 CMakeFiles/task4_266078.dir/C_/Users/kanal/.pico-sdk/sdk/2.1.1/src/rp2_common/pico_stdio/stdio.c.obj
 .text.stdio_buffered_printer
                0x100063d8       0x60 CMakeFiles/task4_266078.dir/C_/Users/kanal/.pico-sdk/sdk/2.1.1/src/rp2_common/pico_stdio/stdio.c.obj
 .text.stdio_put_string
                0x10006438       0xec CMakeFiles/task4_266078.dir/C_/Users/kanal/.pico-sdk/sdk/2.1.1/src/rp2_common/pico_stdio/stdio.c.obj
                0x10006438                stdio_put_string
 .text.stdio_set_driver_enabled
                0x10006524       0x28 CMakeFiles/task4_266078.dir/C_/Users/kanal/.pico-sdk/sdk/2.1.1/src/rp2_common/pico_stdio/stdio.c.obj
                0x10006524                stdio_set_driver_enabled
 .text.stdio_init_all
                0x1000654c        0xc CMakeFiles/task4_266078.dir/C_/Users/kanal/.pico-sdk/sdk/2.1.1/src/rp2_common/pico_stdio/stdio.c.obj
                0x1000654c                stdio_init_all
 .text.__wrap_putchar
                0x10006558       0x84 CMakeFiles/task4_266078.dir/C_/Users/kanal/.pico-sdk/sdk/2.1.1/src/rp2_common/pico_stdio/stdio.c.obj
                0x10006558                __wrap_putchar
                0x10006558                stdio_putchar
 .text.__wrap_puts
                0x100065dc       0x3c CMakeFiles/task4_266078.dir/C_/Users/kanal/.pico-sdk/sdk/2.1.1/src/rp2_common/pico_stdio/stdio.c.obj
                0x100065dc                stdio_puts
                0x100065dc                __wrap_puts
 .text.__wrap_vprintf
                0x10006618       0xc4 CMakeFiles/task4_266078.dir/C_/Users/kanal/.pico-sdk/sdk/2.1.1/src/rp2_common/pico_stdio/stdio.c.obj
                0x10006618                stdio_vprintf
                0x10006618                __wrap_vprintf
 .text.__wrap_printf
                0x100066dc       0x1c CMakeFiles/task4_266078.dir/C_/Users/kanal/.pico-sdk/sdk/2.1.1/src/rp2_common/pico_stdio/stdio.c.obj
                0x100066dc                __wrap_printf
                0x100066dc                stdio_printf
 .text.stdio_uart_out_chars
                0x100066f8       0x50 CMakeFiles/task4_266078.dir/C_/Users/kanal/.pico-sdk/sdk/2.1.1/src/rp2_common/pico_stdio_uart/stdio_uart.c.obj
 .text.stdio_uart_in_chars
                0x10006748       0x94 CMakeFiles/task4_266078.dir/C_/Users/kanal/.pico-sdk/sdk/2.1.1/src/rp2_common/pico_stdio_uart/stdio_uart.c.obj
                0x10006748                stdio_uart_in_chars
 .text.on_uart_rx
                0x100067dc       0x24 CMakeFiles/task4_266078.dir/C_/Users/kanal/.pico-sdk/sdk/2.1.1/src/rp2_common/pico_stdio_uart/stdio_uart.c.obj
 .text.stdio_uart_out_flush
                0x10006800       0x10 CMakeFiles/task4_266078.dir/C_/Users/kanal/.pico-sdk/sdk/2.1.1/src/rp2_common/pico_stdio_uart/stdio_uart.c.obj
 .text.stdio_uart_set_chars_available_callback
                0x10006810       0x88 CMakeFiles/task4_266078.dir/C_/Users/kanal/.pico-sdk/sdk/2.1.1/src/rp2_common/pico_stdio_uart/stdio_uart.c.obj
 .text.stdio_uart_init
                0x10006898       0x54 CMakeFiles/task4_266078.dir/C_/Users/kanal/.pico-sdk/sdk/2.1.1/src/rp2_common/pico_stdio_uart/stdio_uart.c.obj
                0x10006898                stdio_uart_init
 .text.memset   0x100068ec       0x9c C:/Users/kanal/.pico-sdk/toolchain/14_2_Rel1/bin/../lib/gcc/arm-none-eabi/14.2.1/thumb/v8-m.main+fp/softfp\libg.a(libc_a-memset.o)
                0x100068ec                memset
 .text          0x10006988       0xec C:/Users/kanal/.pico-sdk/toolchain/14_2_Rel1/bin/../lib/gcc/arm-none-eabi/14.2.1/thumb/v8-m.main+fp/softfp\libg.a(libc_a-memcpy.o)
                0x10006988                memcpy
 .text.strlen   0x10006a74       0x5c C:/Users/kanal/.pico-sdk/toolchain/14_2_Rel1/bin/../lib/gcc/arm-none-eabi/14.2.1/thumb/v8-m.main+fp/softfp\libg.a(libc_a-strlen-stub.o)
                0x10006a74                strlen
 *(.fini)
 .fini          0x10006ad0        0x4 C:/Users/kanal/.pico-sdk/toolchain/14_2_Rel1/bin/../lib/gcc/arm-none-eabi/14.2.1/thumb/v8-m.main+fp/softfp/crti.o
                0x10006ad0                _fini
 *fill*         0x10006ad4        0x4 
 .fini.__stub   0x10006ad8       0x20 linker stubs
 *crtbegin.o(.ctors)
 *crtbegin?.o(.ctors)
 *(EXCLUDE_FILE(*crtend.o *crtend?.o) .ctors)
 *(SORT_BY_NAME(.ctors.*))
 *(.ctors)
 *crtbegin.o(.dtors)
 *crtbegin?.o(.dtors)
 *(EXCLUDE_FILE(*crtend.o *crtend?.o) .dtors)
 *(SORT_BY_NAME(.dtors.*))
 *(.dtors)
                0x10006af8                        . = ALIGN (0x4)
                0x10006af8                        PROVIDE (__preinit_array_start = .)
 *(SORT_BY_NAME(.preinit_array.*))
 .preinit_array.00050
                0x10006af8        0x4 CMakeFiles/task4_266078.dir/C_/Users/kanal/.pico-sdk/sdk/2.1.1/src/rp2_common/pico_runtime_init/runtime_init.c.obj
                0x10006af8                __pre_init_runtime_init_bootrom_reset
 .preinit_array.00100
                0x10006afc        0x4 CMakeFiles/task4_266078.dir/C_/Users/kanal/.pico-sdk/sdk/2.1.1/src/rp2_common/pico_runtime_init/runtime_init.c.obj
                0x10006afc                __pre_init_runtime_init_early_resets
 .preinit_array.00101
                0x10006b00        0x4 CMakeFiles/task4_266078.dir/C_/Users/kanal/.pico-sdk/sdk/2.1.1/src/rp2_common/pico_runtime_init/runtime_init.c.obj
                0x10006b00                __pre_init_runtime_init_usb_power_down
 .preinit_array.00500
                0x10006b04        0x4 CMakeFiles/task4_266078.dir/C_/Users/kanal/.pico-sdk/sdk/2.1.1/src/rp2_common/pico_runtime_init/runtime_init.c.obj
                0x10006b04                __pre_init_runtime_init_clocks
 .preinit_array.00600
                0x10006b08        0x4 CMakeFiles/task4_266078.dir/C_/Users/kanal/.pico-sdk/sdk/2.1.1/src/rp2_common/pico_runtime_init/runtime_init.c.obj
                0x10006b08                __pre_init_runtime_init_post_clock_resets
 .preinit_array.01000
                0x10006b0c        0x4 CMakeFiles/task4_266078.dir/C_/Users/kanal/.pico-sdk/sdk/2.1.1/src/rp2_common/hardware_boot_lock/boot_lock.c.obj
                0x10006b0c                __pre_init_runtime_init_boot_locks_reset
 .preinit_array.01000
                0x10006b10        0x4 CMakeFiles/task4_266078.dir/C_/Users/kanal/.pico-sdk/sdk/2.1.1/src/rp2_common/pico_runtime_init/runtime_init.c.obj
                0x10006b10                __pre_init_runtime_init_spin_locks_reset
 .preinit_array.01010
                0x10006b14        0x4 CMakeFiles/task4_266078.dir/C_/Users/kanal/.pico-sdk/sdk/2.1.1/src/rp2_common/pico_bootrom/bootrom_lock.c.obj
                0x10006b14                __pre_init_runtime_init_bootrom_locking_enable
 .preinit_array.01100
                0x10006b18        0x4 CMakeFiles/task4_266078.dir/C_/Users/kanal/.pico-sdk/sdk/2.1.1/src/common/pico_sync/mutex.c.obj
                0x10006b18                __pre_init_runtime_init_mutex
 .preinit_array.10080
                0x10006b1c        0x4 CMakeFiles/task4_266078.dir/C_/Users/kanal/.pico-sdk/sdk/2.1.1/src/rp2_common/pico_runtime_init/runtime_init.c.obj
                0x10006b1c                __pre_init_runtime_init_install_ram_vector_table
 .preinit_array.11000
                0x10006b20        0x4 CMakeFiles/task4_266078.dir/C_/Users/kanal/.pico-sdk/sdk/2.1.1/src/common/pico_time/time.c.obj
                0x10006b20                __pre_init_runtime_init_default_alarm_pool
 .preinit_array.YYYYY
                0x10006b24        0x4 CMakeFiles/task4_266078.dir/C_/Users/kanal/.pico-sdk/sdk/2.1.1/src/rp2_common/pico_runtime/runtime.c.obj
                0x10006b24                __pre_init_first_per_core_initializer
 .preinit_array.ZZZZZ.00051
                0x10006b28        0x4 CMakeFiles/task4_266078.dir/C_/Users/kanal/.pico-sdk/sdk/2.1.1/src/rp2_common/pico_runtime_init/runtime_init.c.obj
                0x10006b28                __pre_init_runtime_init_per_core_bootrom_reset
 .preinit_array.ZZZZZ.00200
                0x10006b2c        0x4 CMakeFiles/task4_266078.dir/C_/Users/kanal/.pico-sdk/sdk/2.1.1/src/rp2_common/pico_runtime_init/runtime_init.c.obj
                0x10006b2c                __pre_init_runtime_init_per_core_enable_coprocessors
 .preinit_array.ZZZZZ.01000
                0x10006b30        0x4 CMakeFiles/task4_266078.dir/C_/Users/kanal/.pico-sdk/sdk/2.1.1/src/rp2_common/hardware_sync_spin_lock/sync_spin_lock.c.obj
                0x10006b30                __pre_init_spinlock_set_extexclall
 .preinit_array.ZZZZZ.01200
                0x10006b34        0x4 CMakeFiles/task4_266078.dir/C_/Users/kanal/.pico-sdk/sdk/2.1.1/src/rp2_common/hardware_irq/irq.c.obj
                0x10006b34                __pre_init_runtime_init_per_core_irq_priorities
 *(.preinit_array)
                0x10006b38                        PROVIDE (__preinit_array_end = .)
                0x10006b38                        . = ALIGN (0x4)
                0x10006b38                        PROVIDE (__init_array_start = .)
 *(SORT_BY_NAME(.init_array.*))
 *(.init_array)
 .init_array    0x10006b38        0x4 C:/Users/kanal/.pico-sdk/toolchain/14_2_Rel1/bin/../lib/gcc/arm-none-eabi/14.2.1/thumb/v8-m.main+fp/softfp/crtbegin.o
 .init_array    0x10006b3c        0x4 CMakeFiles/task4_266078.dir/FreeRTOS-Kernel/portable/ThirdParty/GCC/RP2350_ARM_NTZ/non_secure/port.c.obj
                0x10006b40                        PROVIDE (__init_array_end = .)
                0x10006b40                        . = ALIGN (0x4)
                [!provide]                        PROVIDE (__fini_array_start = .)
 *(SORT_BY_NAME(.fini_array.*))
 *(.fini_array)
                [!provide]                        PROVIDE (__fini_array_end = .)
 *(.eh_frame*)
 .eh_frame      0x10006b40        0x0 C:/Users/kanal/.pico-sdk/toolchain/14_2_Rel1/bin/../lib/gcc/arm-none-eabi/14.2.1/thumb/v8-m.main+fp/softfp/crtbegin.o
                0x10006b40                        . = ALIGN (0x4)

.glue_7         0x10006b40        0x0
 .glue_7        0x10006b40        0x0 linker stubs

.glue_7t        0x10006b40        0x0
 .glue_7t       0x10006b40        0x0 linker stubs

.vfp11_veneer   0x10006b40        0x0
 .vfp11_veneer  0x10006b40        0x0 linker stubs

.v4_bx          0x10006b40        0x0
 .v4_bx         0x10006b40        0x0 linker stubs

.iplt           0x10006b40        0x0
 .iplt          0x10006b40        0x0 C:/Users/kanal/.pico-sdk/toolchain/14_2_Rel1/bin/../lib/gcc/arm-none-eabi/14.2.1/thumb/v8-m.main+fp/softfp/crtbegin.o

.boot2          0x10006b40        0x0
                0x10006b40                        __boot2_start__ = .
 *(.boot2)
                0x10006b40                        __boot2_end__ = .
                0x00000001                        ASSERT (((__boot2_end__ - __boot2_start__) <= 0x100), ERROR: Pico second stage bootloader must be no more than 256 bytes in size)

.rodata         0x10006b40      0x298
 *(EXCLUDE_FILE(*libm.a: *libc.a:*lib_a-mem*.o *libgcc.a:) .rodata*)
 .rodata.task_detect_tap.str1.4
                0x10006b40      0x1c0 CMakeFiles/task4_266078.dir/task4_266078.c.obj
                                 0x34 (size before relaxing)
 .rodata.task_read_accel.str1.4
                0x10006d00       0x34 CMakeFiles/task4_266078.dir/task4_266078.c.obj
 .rodata.i2c_scan.str1.4
                0x10006d00       0x2c CMakeFiles/task4_266078.dir/task4_266078.c.obj
 .rodata.main.str1.4
                0x10006d00       0x16 CMakeFiles/task4_266078.dir/task4_266078.c.obj
 .rodata.uxTopUsedPriority
                0x10006d00        0x4 CMakeFiles/task4_266078.dir/FreeRTOS-Kernel/tasks.c.obj
 .rodata.xTimerCreateTimerTask.str1.4
                0x10006d04       0x10 CMakeFiles/task4_266078.dir/FreeRTOS-Kernel/timers.c.obj
 .rodata.panic.str1.4
                0x10006d04       0x12 CMakeFiles/task4_266078.dir/C_/Users/kanal/.pico-sdk/sdk/2.1.1/src/rp2_common/pico_platform_panic/panic.c.obj
 .rodata.spin_lock_claim.str1.4
                0x10006d04       0x1f CMakeFiles/task4_266078.dir/C_/Users/kanal/.pico-sdk/sdk/2.1.1/src/rp2_common/hardware_sync/sync.c.obj
 .rodata.timer_hardware_alarm_claim.str1.4
                0x10006d04       0x22 CMakeFiles/task4_266078.dir/C_/Users/kanal/.pico-sdk/sdk/2.1.1/src/rp2_common/hardware_timer/timer.c.obj
 .rodata.multicore_doorbell_claim_unused.str1.4
                0x10006d04       0x12 CMakeFiles/task4_266078.dir/C_/Users/kanal/.pico-sdk/sdk/2.1.1/src/rp2_common/pico_multicore/multicore.c.obj
 .rodata.hard_assertion_failure.str1.4
                0x10006d04        0xc CMakeFiles/task4_266078.dir/C_/Users/kanal/.pico-sdk/sdk/2.1.1/src/rp2_common/pico_runtime/runtime.c.obj
 .rodata.str1.4
                0x10006d04       0x48 CMakeFiles/task4_266078.dir/C_/Users/kanal/.pico-sdk/sdk/2.1.1/src/rp2_common/pico_standard_binary_info/standard_binary_info.c.obj
 .rodata.__bi_84
                0x10006d04        0xc CMakeFiles/task4_266078.dir/C_/Users/kanal/.pico-sdk/sdk/2.1.1/src/rp2_common/pico_standard_binary_info/standard_binary_info.c.obj
 .rodata.__bi_78
                0x10006d10        0xc CMakeFiles/task4_266078.dir/C_/Users/kanal/.pico-sdk/sdk/2.1.1/src/rp2_common/pico_standard_binary_info/standard_binary_info.c.obj
 .rodata.__bi_60
                0x10006d1c        0xc CMakeFiles/task4_266078.dir/C_/Users/kanal/.pico-sdk/sdk/2.1.1/src/rp2_common/pico_standard_binary_info/standard_binary_info.c.obj
 .rodata.__bi_54
                0x10006d28        0xc CMakeFiles/task4_266078.dir/C_/Users/kanal/.pico-sdk/sdk/2.1.1/src/rp2_common/pico_standard_binary_info/standard_binary_info.c.obj
 .rodata.__bi_48
                0x10006d34        0xc CMakeFiles/task4_266078.dir/C_/Users/kanal/.pico-sdk/sdk/2.1.1/src/rp2_common/pico_standard_binary_info/standard_binary_info.c.obj
 .rodata.__bi_42
                0x10006d40        0xc CMakeFiles/task4_266078.dir/C_/Users/kanal/.pico-sdk/sdk/2.1.1/src/rp2_common/pico_standard_binary_info/standard_binary_info.c.obj
 .rodata.__bi_34
                0x10006d4c        0xc CMakeFiles/task4_266078.dir/C_/Users/kanal/.pico-sdk/sdk/2.1.1/src/rp2_common/pico_standard_binary_info/standard_binary_info.c.obj
 .rodata.__bi_26
                0x10006d58        0xc CMakeFiles/task4_266078.dir/C_/Users/kanal/.pico-sdk/sdk/2.1.1/src/rp2_common/pico_standard_binary_info/standard_binary_info.c.obj
 .rodata._ftoa.str1.4
                0x10006d64       0x15 CMakeFiles/task4_266078.dir/C_/Users/kanal/.pico-sdk/sdk/2.1.1/src/rp2_common/pico_printf/printf.c.obj
 *fill*         0x10006d64        0x4 
 .rodata.pow10.0
                0x10006d68       0x50 CMakeFiles/task4_266078.dir/C_/Users/kanal/.pico-sdk/sdk/2.1.1/src/rp2_common/pico_printf/printf.c.obj
 .rodata.crlf_str.0
                0x10006db8        0x2 CMakeFiles/task4_266078.dir/C_/Users/kanal/.pico-sdk/sdk/2.1.1/src/rp2_common/pico_stdio/stdio.c.obj
 .rodata.str1.4
                0x10006dba       0x2c CMakeFiles/task4_266078.dir/C_/Users/kanal/.pico-sdk/sdk/2.1.1/src/rp2_common/pico_stdio_uart/stdio_uart.c.obj
 *fill*         0x10006dba        0x2 
 .rodata.__bi_45.4
                0x10006dbc        0xc CMakeFiles/task4_266078.dir/C_/Users/kanal/.pico-sdk/sdk/2.1.1/src/rp2_common/pico_stdio_uart/stdio_uart.c.obj
 .rodata.__bi_49.5
                0x10006dc8        0x8 CMakeFiles/task4_266078.dir/C_/Users/kanal/.pico-sdk/sdk/2.1.1/src/rp2_common/pico_stdio_uart/stdio_uart.c.obj
 .rodata.__bi_50.6
                0x10006dd0        0x8 CMakeFiles/task4_266078.dir/C_/Users/kanal/.pico-sdk/sdk/2.1.1/src/rp2_common/pico_stdio_uart/stdio_uart.c.obj
 *(.srodata*)
                0x10006dd8                        . = ALIGN (0x4)
 *(SORT_BY_ALIGNMENT(SORT_BY_NAME(.flashdata*)))
                0x10006dd8                        . = ALIGN (0x4)

.ARM.extab
 *(.ARM.extab* .gnu.linkonce.armextab.*)
                0x10006dd8                        __exidx_start = .

.ARM.exidx      0x10006dd8        0x8
 *(.ARM.exidx* .gnu.linkonce.armexidx.*)
 .ARM.exidx     0x10006dd8        0x8 C:/Users/kanal/.pico-sdk/toolchain/14_2_Rel1/bin/../lib/gcc/arm-none-eabi/14.2.1/thumb/v8-m.main+fp/softfp\libg.a(libc_a-memcpy.o)
 .ARM.exidx.text.__udivmoddi4
                0x10006de0        0x0 C:/Users/kanal/.pico-sdk/toolchain/14_2_Rel1/bin/../lib/gcc/arm-none-eabi/14.2.1/thumb/v8-m.main+fp/softfp\libgcc.a(_udivmoddi4.o)
                                  0x8 (size before relaxing)
                0x10006de0                        __exidx_end = .
                0x10006de0                        . = ALIGN (0x4)
                0x10006de0                        __binary_info_start = .

.binary_info    0x10006de0       0x2c
 *(.binary_info.keep.*)
 .binary_info.keep.__bi_ptr84
                0x10006de0        0x4 CMakeFiles/task4_266078.dir/C_/Users/kanal/.pico-sdk/sdk/2.1.1/src/rp2_common/pico_standard_binary_info/standard_binary_info.c.obj
 .binary_info.keep.__bi_ptr78
                0x10006de4        0x4 CMakeFiles/task4_266078.dir/C_/Users/kanal/.pico-sdk/sdk/2.1.1/src/rp2_common/pico_standard_binary_info/standard_binary_info.c.obj
 .binary_info.keep.__bi_ptr60
                0x10006de8        0x4 CMakeFiles/task4_266078.dir/C_/Users/kanal/.pico-sdk/sdk/2.1.1/src/rp2_common/pico_standard_binary_info/standard_binary_info.c.obj
 .binary_info.keep.__bi_ptr54
                0x10006dec        0x4 CMakeFiles/task4_266078.dir/C_/Users/kanal/.pico-sdk/sdk/2.1.1/src/rp2_common/pico_standard_binary_info/standard_binary_info.c.obj
 .binary_info.keep.__bi_ptr48
                0x10006df0        0x4 CMakeFiles/task4_266078.dir/C_/Users/kanal/.pico-sdk/sdk/2.1.1/src/rp2_common/pico_standard_binary_info/standard_binary_info.c.obj
 .binary_info.keep.__bi_ptr42
                0x10006df4        0x4 CMakeFiles/task4_266078.dir/C_/Users/kanal/.pico-sdk/sdk/2.1.1/src/rp2_common/pico_standard_binary_info/standard_binary_info.c.obj
 .binary_info.keep.__bi_ptr34
                0x10006df8        0x4 CMakeFiles/task4_266078.dir/C_/Users/kanal/.pico-sdk/sdk/2.1.1/src/rp2_common/pico_standard_binary_info/standard_binary_info.c.obj
 .binary_info.keep.__bi_ptr26
                0x10006dfc        0x4 CMakeFiles/task4_266078.dir/C_/Users/kanal/.pico-sdk/sdk/2.1.1/src/rp2_common/pico_standard_binary_info/standard_binary_info.c.obj
 *(.binary_info.*)
 .binary_info.__bi_ptr50
                0x10006e00        0x4 CMakeFiles/task4_266078.dir/C_/Users/kanal/.pico-sdk/sdk/2.1.1/src/rp2_common/pico_stdio_uart/stdio_uart.c.obj
 .binary_info.__bi_ptr49
                0x10006e04        0x4 CMakeFiles/task4_266078.dir/C_/Users/kanal/.pico-sdk/sdk/2.1.1/src/rp2_common/pico_stdio_uart/stdio_uart.c.obj
 .binary_info.__bi_ptr45
                0x10006e08        0x4 CMakeFiles/task4_266078.dir/C_/Users/kanal/.pico-sdk/sdk/2.1.1/src/rp2_common/pico_stdio_uart/stdio_uart.c.obj
                0x10006e0c                        __binary_info_end = .
                0x10006e0c                        . = ALIGN (0x4)

.ram_vector_table
                0x20000000      0x110
 *(.ram_vector_table)
 .ram_vector_table
                0x20000000      0x110 CMakeFiles/task4_266078.dir/C_/Users/kanal/.pico-sdk/sdk/2.1.1/src/rp2_common/pico_runtime_init/runtime_init.c.obj
                0x20000000                ram_vector_table

.uninitialized_data
                0x20000110        0x0
                0x20000110                        . = ALIGN (0x4)
 *(.uninitialized_data*)

.data           0x20000110      0x5ac load address 0x10006e0c
                0x20000110                        __data_start__ = .
 *(vtable)
 *(.time_critical*)
 .time_critical.mutex_try_enter_block_until
                0x20000110       0xac CMakeFiles/task4_266078.dir/C_/Users/kanal/.pico-sdk/sdk/2.1.1/src/common/pico_sync/mutex.c.obj
                0x20000110                mutex_try_enter_block_until
 .time_critical.mutex_exit
                0x200001bc       0x34 CMakeFiles/task4_266078.dir/C_/Users/kanal/.pico-sdk/sdk/2.1.1/src/common/pico_sync/mutex.c.obj
                0x200001bc                mutex_exit
 *(.text*)
 .text          0x200001f0       0xa0 C:/Users/kanal/.pico-sdk/toolchain/14_2_Rel1/bin/../lib/gcc/arm-none-eabi/14.2.1/thumb/v8-m.main+fp/softfp\libgcc.a(_aeabi_ldivmod.o)
                0x200001f0                __aeabi_ldivmod
 .text          0x20000290       0x30 C:/Users/kanal/.pico-sdk/toolchain/14_2_Rel1/bin/../lib/gcc/arm-none-eabi/14.2.1/thumb/v8-m.main+fp/softfp\libgcc.a(_aeabi_uldivmod.o)
                0x20000290                __aeabi_uldivmod
 .text.__udivmoddi4
                0x200002c0      0x34c C:/Users/kanal/.pico-sdk/toolchain/14_2_Rel1/bin/../lib/gcc/arm-none-eabi/14.2.1/thumb/v8-m.main+fp/softfp\libgcc.a(_udivmoddi4.o)
                0x200002c0                __udivmoddi4
 .text          0x2000060c        0x4 C:/Users/kanal/.pico-sdk/toolchain/14_2_Rel1/bin/../lib/gcc/arm-none-eabi/14.2.1/thumb/v8-m.main+fp/softfp\libgcc.a(_dvmd_tls.o)
                0x2000060c                __aeabi_idiv0
                0x2000060c                __aeabi_ldiv0
 .text.__stub   0x20000610       0x18 linker stubs
                0x20000628                        . = ALIGN (0x4)
 *(.rodata*)
                0x20000628                        . = ALIGN (0x4)
 *(.data*)
 .data.cDoorbellNum
                0x20000628        0x1 CMakeFiles/task4_266078.dir/FreeRTOS-Kernel/portable/ThirdParty/GCC/RP2350_ARM_NTZ/non_secure/port.c.obj
 .data.ucPrimaryCoreNum
                0x20000629        0x1 CMakeFiles/task4_266078.dir/FreeRTOS-Kernel/portable/ThirdParty/GCC/RP2350_ARM_NTZ/non_secure/port.c.obj
 .data.striped_spin_lock_num
                0x2000062a        0x1 CMakeFiles/task4_266078.dir/C_/Users/kanal/.pico-sdk/sdk/2.1.1/src/rp2_common/hardware_sync/sync.c.obj
 *fill*         0x2000062b        0x1 
 .data          0x2000062c       0x48 CMakeFiles/task4_266078.dir/C_/Users/kanal/.pico-sdk/sdk/2.1.1/src/rp2_common/hardware_irq/irq_handler_chain.S.obj
                0x2000062c                irq_handler_chain_slots
                0x2000065c                irq_handler_chain_first_slot
                0x20000666                irq_handler_chain_remove_tail
 .data.default_alarm_pool
                0x20000674       0x18 CMakeFiles/task4_266078.dir/C_/Users/kanal/.pico-sdk/sdk/2.1.1/src/common/pico_time/time.c.obj
 .data.i2c0_inst
                0x2000068c        0x8 CMakeFiles/task4_266078.dir/C_/Users/kanal/.pico-sdk/sdk/2.1.1/src/rp2_common/hardware_i2c/i2c.c.obj
                0x2000068c                i2c0_inst
 .data.stdio_uart
                0x20000694       0x18 CMakeFiles/task4_266078.dir/C_/Users/kanal/.pico-sdk/sdk/2.1.1/src/rp2_common/pico_stdio_uart/stdio_uart.c.obj
                0x20000694                stdio_uart
 *(.sdata*)
                0x200006ac                        . = ALIGN (0x4)
 *(.after_data.*)
                0x200006ac                        . = ALIGN (0x4)
                0x200006ac                        PROVIDE (__mutex_array_start = .)
 *(SORT_BY_NAME(.mutex_array.*))
 *(.mutex_array)
 .mutex_array   0x200006ac        0x8 CMakeFiles/task4_266078.dir/C_/Users/kanal/.pico-sdk/sdk/2.1.1/src/rp2_common/pico_malloc/malloc.c.obj
 .mutex_array   0x200006b4        0x8 CMakeFiles/task4_266078.dir/C_/Users/kanal/.pico-sdk/sdk/2.1.1/src/rp2_common/pico_stdio/stdio.c.obj
                0x200006bc                        PROVIDE (__mutex_array_end = .)
 *(.jcr)
                0x200006bc                        . = ALIGN (0x4)

.tm_clone_table
                0x200006bc        0x0 load address 0x100073b8
 .tm_clone_table
                0x200006bc        0x0 C:/Users/kanal/.pico-sdk/toolchain/14_2_Rel1/bin/../lib/gcc/arm-none-eabi/14.2.1/thumb/v8-m.main+fp/softfp/crtbegin.o
 .tm_clone_table
                0x200006bc        0x0 C:/Users/kanal/.pico-sdk/toolchain/14_2_Rel1/bin/../lib/gcc/arm-none-eabi/14.2.1/thumb/v8-m.main+fp/softfp/crtend.o

.igot.plt       0x200006bc        0x0 load address 0x100073b8
 .igot.plt      0x200006bc        0x0 C:/Users/kanal/.pico-sdk/toolchain/14_2_Rel1/bin/../lib/gcc/arm-none-eabi/14.2.1/thumb/v8-m.main+fp/softfp/crtbegin.o

.tdata          0x200006bc        0x0 load address 0x100073b8
                0x200006bc                        . = ALIGN (0x4)
 *(.tdata .tdata.* .gnu.linkonce.td.*)
                0x200006bc                        __tdata_end = .
                0x200006bc                        PROVIDE (__data_end__ = .)
                0x10006e0c                        __etext = LOADADDR (.data)

.tbss           0x200006bc        0x0 load address 0x100073b8
                0x200006bc                        . = ALIGN (0x4)
                0x200006bc                        __bss_start__ = .
                0x200006bc                        __tls_base = .
 *(.tbss .tbss.* .gnu.linkonce.tb.*)
 *(.tcommon)
                0x200006bc                        __tls_end = .

.bss            0x200006c0    0x20610 load address 0x100073b8
                0x200006c0                        . = ALIGN (0x4)
                0x200006c0                        __tbss_end = .
 *(SORT_BY_ALIGNMENT(SORT_BY_NAME(.bss*)))
 .bss.default_alarm_pool_entries
                0x200006c0      0x180 CMakeFiles/task4_266078.dir/C_/Users/kanal/.pico-sdk/sdk/2.1.1/src/common/pico_time/time.c.obj
 .bss.xQueueRegistry
                0x20000840       0x40 CMakeFiles/task4_266078.dir/FreeRTOS-Kernel/queue.c.obj
                0x20000840                xQueueRegistry
 .bss._sw_spin_locks
                0x20000880       0x20 CMakeFiles/task4_266078.dir/C_/Users/kanal/.pico-sdk/sdk/2.1.1/src/rp2_common/hardware_sync_spin_lock/sync_spin_lock.c.obj
                0x20000880                _sw_spin_locks
 .bss.chars_available_callback
                0x200008a0        0x4 CMakeFiles/task4_266078.dir/C_/Users/kanal/.pico-sdk/sdk/2.1.1/src/rp2_common/pico_stdio_uart/stdio_uart.c.obj
 .bss.chars_available_param
                0x200008a4        0x4 CMakeFiles/task4_266078.dir/C_/Users/kanal/.pico-sdk/sdk/2.1.1/src/rp2_common/pico_stdio_uart/stdio_uart.c.obj
 .bss.claimed   0x200008a8        0x4 CMakeFiles/task4_266078.dir/C_/Users/kanal/.pico-sdk/sdk/2.1.1/src/rp2_common/hardware_sync/sync.c.obj
 .bss.claimed   0x200008ac        0x2 CMakeFiles/task4_266078.dir/C_/Users/kanal/.pico-sdk/sdk/2.1.1/src/rp2_common/hardware_timer/timer.c.obj
 *fill*         0x200008ae        0x2 
 .bss.configured_freq
                0x200008b0       0x28 CMakeFiles/task4_266078.dir/C_/Users/kanal/.pico-sdk/sdk/2.1.1/src/rp2_common/hardware_clocks/clocks.c.obj
 .bss.doorbell_claimed
                0x200008d8        0x2 CMakeFiles/task4_266078.dir/C_/Users/kanal/.pico-sdk/sdk/2.1.1/src/rp2_common/pico_multicore/multicore.c.obj
 *fill*         0x200008da        0x2 
 .bss.drivers   0x200008dc        0x4 CMakeFiles/task4_266078.dir/C_/Users/kanal/.pico-sdk/sdk/2.1.1/src/rp2_common/pico_stdio/stdio.c.obj
 .bss.filter    0x200008e0        0x4 CMakeFiles/task4_266078.dir/C_/Users/kanal/.pico-sdk/sdk/2.1.1/src/rp2_common/pico_stdio/stdio.c.obj
 .bss.lazy_vsnprintf
                0x200008e4        0x4 CMakeFiles/task4_266078.dir/C_/Users/kanal/.pico-sdk/sdk/2.1.1/src/rp2_common/pico_printf/printf.c.obj
 .bss.object.0  0x200008e8       0x18 C:/Users/kanal/.pico-sdk/toolchain/14_2_Rel1/bin/../lib/gcc/arm-none-eabi/14.2.1/thumb/v8-m.main+fp/softfp/crtbegin.o
 .bss.pools     0x20000900       0x20 CMakeFiles/task4_266078.dir/C_/Users/kanal/.pico-sdk/sdk/2.1.1/src/common/pico_time/time.c.obj
 .bss.pxCurrentTCBs
                0x20000920        0x8 CMakeFiles/task4_266078.dir/FreeRTOS-Kernel/tasks.c.obj
                0x20000920                pxCurrentTCBs
 .bss.pxCurrentTimerList
                0x20000928        0x4 CMakeFiles/task4_266078.dir/FreeRTOS-Kernel/timers.c.obj
 .bss.pxDelayedTaskList
                0x2000092c        0x4 CMakeFiles/task4_266078.dir/FreeRTOS-Kernel/tasks.c.obj
 .bss.pxEnd     0x20000930        0x4 CMakeFiles/task4_266078.dir/FreeRTOS-Kernel/portable/MemMang/heap_4.c.obj
 .bss.pxOverflowDelayedTaskList
                0x20000934        0x4 CMakeFiles/task4_266078.dir/FreeRTOS-Kernel/tasks.c.obj
 .bss.pxOverflowTimerList
                0x20000938        0x4 CMakeFiles/task4_266078.dir/FreeRTOS-Kernel/timers.c.obj
 .bss.pxReadyTasksLists
                0x2000093c      0x280 CMakeFiles/task4_266078.dir/FreeRTOS-Kernel/tasks.c.obj
 .bss.sleep_notifier
                0x20000bbc        0x4 CMakeFiles/task4_266078.dir/C_/Users/kanal/.pico-sdk/sdk/2.1.1/src/common/pico_time/time.c.obj
 .bss.uart_char_to_line_feed
                0x20000bc0        0x4 CMakeFiles/task4_266078.dir/C_/Users/kanal/.pico-sdk/sdk/2.1.1/src/rp2_common/hardware_uart/uart.c.obj
                0x20000bc0                uart_char_to_line_feed
 .bss.uart_instance
                0x20000bc4        0x4 CMakeFiles/task4_266078.dir/C_/Users/kanal/.pico-sdk/sdk/2.1.1/src/rp2_common/pico_stdio_uart/stdio_uart.c.obj
 .bss.ucHeap    0x20000bc8    0x20000 CMakeFiles/task4_266078.dir/FreeRTOS-Kernel/portable/MemMang/heap_4.c.obj
 .bss.ucOwnedByCore.1
                0x20020bc8        0x4 CMakeFiles/task4_266078.dir/FreeRTOS-Kernel/tasks.c.obj
 .bss.ucRecursionCountByLock.0
                0x20020bcc        0x2 CMakeFiles/task4_266078.dir/FreeRTOS-Kernel/tasks.c.obj
 *fill*         0x20020bce        0x2 
 .bss.ulCriticalNestings
                0x20020bd0        0x8 CMakeFiles/task4_266078.dir/FreeRTOS-Kernel/portable/ThirdParty/GCC/RP2350_ARM_NTZ/non_secure/port.c.obj
                0x20020bd0                ulCriticalNestings
 .bss.ulMaxPRIGROUPValue
                0x20020bd8        0x4 CMakeFiles/task4_266078.dir/FreeRTOS-Kernel/portable/ThirdParty/GCC/RP2350_ARM_NTZ/non_secure/port.c.obj
 .bss.uxCurrentNumberOfTasks
                0x20020bdc        0x4 CMakeFiles/task4_266078.dir/FreeRTOS-Kernel/tasks.c.obj
 .bss.uxDeletedTasksWaitingCleanUp
                0x20020be0        0x4 CMakeFiles/task4_266078.dir/FreeRTOS-Kernel/tasks.c.obj
 .bss.uxSchedulerSuspended
                0x20020be4        0x4 CMakeFiles/task4_266078.dir/FreeRTOS-Kernel/tasks.c.obj
 .bss.uxTaskNumber
                0x20020be8        0x4 CMakeFiles/task4_266078.dir/FreeRTOS-Kernel/tasks.c.obj
 .bss.uxTopReadyPriority
                0x20020bec        0x4 CMakeFiles/task4_266078.dir/FreeRTOS-Kernel/tasks.c.obj
 .bss.xActiveTimerList1
                0x20020bf0       0x14 CMakeFiles/task4_266078.dir/FreeRTOS-Kernel/timers.c.obj
 .bss.xActiveTimerList2
                0x20020c04       0x14 CMakeFiles/task4_266078.dir/FreeRTOS-Kernel/timers.c.obj
 .bss.xDelayedTaskList1
                0x20020c18       0x14 CMakeFiles/task4_266078.dir/FreeRTOS-Kernel/tasks.c.obj
 .bss.xDelayedTaskList2
                0x20020c2c       0x14 CMakeFiles/task4_266078.dir/FreeRTOS-Kernel/tasks.c.obj
 .bss.xEventGroup
                0x20020c40        0x4 CMakeFiles/task4_266078.dir/FreeRTOS-Kernel/portable/ThirdParty/GCC/RP2350_ARM_NTZ/non_secure/port.c.obj
 .bss.xFreeBytesRemaining
                0x20020c44        0x4 CMakeFiles/task4_266078.dir/FreeRTOS-Kernel/portable/MemMang/heap_4.c.obj
 .bss.xIdleTaskHandles
                0x20020c48        0x8 CMakeFiles/task4_266078.dir/FreeRTOS-Kernel/tasks.c.obj
 .bss.xLastTime.0
                0x20020c50        0x4 CMakeFiles/task4_266078.dir/FreeRTOS-Kernel/timers.c.obj
 .bss.xMinimumEverFreeBytesRemaining
                0x20020c54        0x4 CMakeFiles/task4_266078.dir/FreeRTOS-Kernel/portable/MemMang/heap_4.c.obj
 .bss.xNextTaskUnblockTime
                0x20020c58        0x4 CMakeFiles/task4_266078.dir/FreeRTOS-Kernel/tasks.c.obj
 .bss.xNumOfOverflows
                0x20020c5c        0x4 CMakeFiles/task4_266078.dir/FreeRTOS-Kernel/tasks.c.obj
 .bss.xNumberOfSuccessfulAllocations
                0x20020c60        0x4 CMakeFiles/task4_266078.dir/FreeRTOS-Kernel/portable/MemMang/heap_4.c.obj
 .bss.xNumberOfSuccessfulFrees
                0x20020c64        0x4 CMakeFiles/task4_266078.dir/FreeRTOS-Kernel/portable/MemMang/heap_4.c.obj
 .bss.xPendedTicks
                0x20020c68        0x4 CMakeFiles/task4_266078.dir/FreeRTOS-Kernel/tasks.c.obj
 .bss.xPendingReadyList
                0x20020c6c       0x14 CMakeFiles/task4_266078.dir/FreeRTOS-Kernel/tasks.c.obj
 .bss.xSchedulerRunning
                0x20020c80        0x4 CMakeFiles/task4_266078.dir/FreeRTOS-Kernel/tasks.c.obj
 .bss.xStart    0x20020c84        0x8 CMakeFiles/task4_266078.dir/FreeRTOS-Kernel/portable/MemMang/heap_4.c.obj
 .bss.xSuspendedTaskList
                0x20020c8c       0x14 CMakeFiles/task4_266078.dir/FreeRTOS-Kernel/tasks.c.obj
 .bss.xTasksWaitingTermination
                0x20020ca0       0x14 CMakeFiles/task4_266078.dir/FreeRTOS-Kernel/tasks.c.obj
 .bss.xTickCount
                0x20020cb4        0x4 CMakeFiles/task4_266078.dir/FreeRTOS-Kernel/tasks.c.obj
 .bss.xTimerQueue
                0x20020cb8        0x4 CMakeFiles/task4_266078.dir/FreeRTOS-Kernel/timers.c.obj
 .bss.xTimerTaskHandle
                0x20020cbc        0x4 CMakeFiles/task4_266078.dir/FreeRTOS-Kernel/timers.c.obj
 .bss.xYieldPendings
                0x20020cc0        0x8 CMakeFiles/task4_266078.dir/FreeRTOS-Kernel/tasks.c.obj
 .bss.z_accel_queue
                0x20020cc8        0x4 CMakeFiles/task4_266078.dir/task4_266078.c.obj
                0x20020cc8                z_accel_queue
 .bss.irq_handler_chain_free_slot_head
                0x20020ccc        0x1 CMakeFiles/task4_266078.dir/C_/Users/kanal/.pico-sdk/sdk/2.1.1/src/rp2_common/hardware_irq/irq.c.obj
 *(COMMON)
                [!provide]                        PROVIDE (__global_pointer$ = (. + 0x800))
 *(.sbss*)
                0x20020cd0                        . = ALIGN (0x4)
 *fill*         0x20020ccd        0x3 
                0x20020cd0                        __bss_end__ = .

.heap           0x20020cd0      0x800 load address 0x100073b8
                0x20020cd0                        __end__ = .
                0x20020cd0                        end = __end__
 *(.heap*)
 .heap          0x20020cd0      0x800 CMakeFiles/task4_266078.dir/C_/Users/kanal/.pico-sdk/sdk/2.1.1/src/rp2_common/pico_crt0/crt0.S.obj
                0x20080000                        __HeapLimit = (ORIGIN (RAM) + LENGTH (RAM))

.scratch_x      0x20080000        0x0 load address 0x100073b8
                0x20080000                        __scratch_x_start__ = .
 *(.scratch_x.*)
                0x20080000                        . = ALIGN (0x4)
                0x20080000                        __scratch_x_end__ = .
                0x100073b8                        __scratch_x_source__ = LOADADDR (.scratch_x)

.scratch_y      0x20081000        0x0 load address 0x100073b8
                0x20081000                        __scratch_y_start__ = .
 *(.scratch_y.*)
                0x20081000                        . = ALIGN (0x4)
                0x20081000                        __scratch_y_end__ = .
                0x100073b8                        __scratch_y_source__ = LOADADDR (.scratch_y)

.stack1_dummy   0x20080000      0x800
 *(.stack1*)
 .stack1        0x20080000      0x800 CMakeFiles/task4_266078.dir/C_/Users/kanal/.pico-sdk/sdk/2.1.1/src/rp2_common/pico_multicore/multicore.c.obj

.stack_dummy    0x20081000      0x800
 *(.stack*)
 .stack         0x20081000      0x800 CMakeFiles/task4_266078.dir/C_/Users/kanal/.pico-sdk/sdk/2.1.1/src/rp2_common/pico_crt0/crt0.S.obj

.flash_end      0x100073b8       0x14
 *(.embedded_end_block*)
 .embedded_end_block
                0x100073b8       0x14 CMakeFiles/task4_266078.dir/C_/Users/kanal/.pico-sdk/sdk/2.1.1/src/rp2_common/pico_crt0/crt0.S.obj
                0x100073cc                        PROVIDE (__flash_binary_end = .)
                0x20080000                        __StackLimit = (ORIGIN (RAM) + LENGTH (RAM))
                0x20081000                        __StackOneTop = (ORIGIN (SCRATCH_X) + LENGTH (SCRATCH_X))
                0x20082000                        __StackTop = (ORIGIN (SCRATCH_Y) + LENGTH (SCRATCH_Y))
                0x20080800                        __StackOneBottom = (__StackOneTop - SIZEOF (.stack1_dummy))
                0x20081800                        __StackBottom = (__StackTop - SIZEOF (.stack_dummy))
                0x20082000                        PROVIDE (__stack = __StackTop)
                [!provide]                        PROVIDE (__heap_start = __end__)
                [!provide]                        PROVIDE (__heap_end = __HeapLimit)
                [!provide]                        PROVIDE (__tls_align = MAX (ALIGNOF (.tdata), ALIGNOF (.tbss)))
                [!provide]                        PROVIDE (__tls_size_align = (((__tls_size + __tls_align) - 0x1) & ~ ((__tls_align - 0x1))))
                [!provide]                        PROVIDE (__arm32_tls_tcb_offset = MAX (0x8, __tls_align))
                [!provide]                        PROVIDE (_end = __end__)
                [!provide]                        PROVIDE (__llvm_libc_heap_limit = __HeapLimit)
                0x00000001                        ASSERT ((__StackLimit >= __HeapLimit), region RAM overflowed)
                0x00000001                        ASSERT (((__binary_info_header_end - __logical_binary_start) <= 0x400), Binary info must be in first 1024 bytes of the binary)
                0x00000001                        ASSERT (((__embedded_block_end - __logical_binary_start) <= 0x1000), Embedded block must be in first 4096 bytes of the binary)
LOAD CMakeFiles/task4_266078.dir/task4_266078.c.obj
LOAD CMakeFiles/task4_266078.dir/FreeRTOS-Kernel/portable/MemMang/heap_4.c.obj
LOAD CMakeFiles/task4_266078.dir/FreeRTOS-Kernel/portable/ThirdParty/GCC/RP2350_ARM_NTZ/non_secure/port.c.obj
LOAD CMakeFiles/task4_266078.dir/FreeRTOS-Kernel/portable/ThirdParty/GCC/RP2350_ARM_NTZ/non_secure/portasm.c.obj
LOAD CMakeFiles/task4_266078.dir/FreeRTOS-Kernel/croutine.c.obj
LOAD CMakeFiles/task4_266078.dir/FreeRTOS-Kernel/event_groups.c.obj
LOAD CMakeFiles/task4_266078.dir/FreeRTOS-Kernel/list.c.obj
LOAD CMakeFiles/task4_266078.dir/FreeRTOS-Kernel/queue.c.obj
LOAD CMakeFiles/task4_266078.dir/FreeRTOS-Kernel/stream_buffer.c.obj
LOAD CMakeFiles/task4_266078.dir/FreeRTOS-Kernel/tasks.c.obj
LOAD CMakeFiles/task4_266078.dir/FreeRTOS-Kernel/timers.c.obj
LOAD CMakeFiles/task4_266078.dir/C_/Users/kanal/.pico-sdk/sdk/2.1.1/src/rp2_common/hardware_clocks/clocks.c.obj
LOAD CMakeFiles/task4_266078.dir/C_/Users/kanal/.pico-sdk/sdk/2.1.1/src/rp2350/pico_platform/platform.c.obj
LOAD CMakeFiles/task4_266078.dir/C_/Users/kanal/.pico-sdk/sdk/2.1.1/src/rp2_common/pico_platform_panic/panic.c.obj
LOAD CMakeFiles/task4_266078.dir/C_/Users/kanal/.pico-sdk/sdk/2.1.1/src/common/hardware_claim/claim.c.obj
LOAD CMakeFiles/task4_266078.dir/C_/Users/kanal/.pico-sdk/sdk/2.1.1/src/rp2_common/hardware_sync/sync.c.obj
LOAD CMakeFiles/task4_266078.dir/C_/Users/kanal/.pico-sdk/sdk/2.1.1/src/rp2_common/hardware_sync_spin_lock/sync_spin_lock.c.obj
LOAD CMakeFiles/task4_266078.dir/C_/Users/kanal/.pico-sdk/sdk/2.1.1/src/rp2_common/hardware_gpio/gpio.c.obj
LOAD CMakeFiles/task4_266078.dir/C_/Users/kanal/.pico-sdk/sdk/2.1.1/src/rp2_common/hardware_irq/irq.c.obj
LOAD CMakeFiles/task4_266078.dir/C_/Users/kanal/.pico-sdk/sdk/2.1.1/src/rp2_common/hardware_irq/irq_handler_chain.S.obj
LOAD CMakeFiles/task4_266078.dir/C_/Users/kanal/.pico-sdk/sdk/2.1.1/src/common/pico_sync/sem.c.obj
LOAD CMakeFiles/task4_266078.dir/C_/Users/kanal/.pico-sdk/sdk/2.1.1/src/common/pico_sync/lock_core.c.obj
LOAD CMakeFiles/task4_266078.dir/C_/Users/kanal/.pico-sdk/sdk/2.1.1/src/common/pico_sync/mutex.c.obj
LOAD CMakeFiles/task4_266078.dir/C_/Users/kanal/.pico-sdk/sdk/2.1.1/src/common/pico_sync/critical_section.c.obj
LOAD CMakeFiles/task4_266078.dir/C_/Users/kanal/.pico-sdk/sdk/2.1.1/src/common/pico_time/time.c.obj
LOAD CMakeFiles/task4_266078.dir/C_/Users/kanal/.pico-sdk/sdk/2.1.1/src/common/pico_time/timeout_helper.c.obj
LOAD CMakeFiles/task4_266078.dir/C_/Users/kanal/.pico-sdk/sdk/2.1.1/src/rp2_common/hardware_timer/timer.c.obj
LOAD CMakeFiles/task4_266078.dir/C_/Users/kanal/.pico-sdk/sdk/2.1.1/src/common/pico_util/datetime.c.obj
LOAD CMakeFiles/task4_266078.dir/C_/Users/kanal/.pico-sdk/sdk/2.1.1/src/common/pico_util/pheap.c.obj
LOAD CMakeFiles/task4_266078.dir/C_/Users/kanal/.pico-sdk/sdk/2.1.1/src/common/pico_util/queue.c.obj
LOAD CMakeFiles/task4_266078.dir/C_/Users/kanal/.pico-sdk/sdk/2.1.1/src/rp2_common/hardware_pll/pll.c.obj
LOAD CMakeFiles/task4_266078.dir/C_/Users/kanal/.pico-sdk/sdk/2.1.1/src/rp2_common/hardware_vreg/vreg.c.obj
LOAD CMakeFiles/task4_266078.dir/C_/Users/kanal/.pico-sdk/sdk/2.1.1/src/rp2_common/hardware_watchdog/watchdog.c.obj
LOAD CMakeFiles/task4_266078.dir/C_/Users/kanal/.pico-sdk/sdk/2.1.1/src/rp2_common/hardware_ticks/ticks.c.obj
LOAD CMakeFiles/task4_266078.dir/C_/Users/kanal/.pico-sdk/sdk/2.1.1/src/rp2_common/pico_bootrom/bootrom.c.obj
LOAD CMakeFiles/task4_266078.dir/C_/Users/kanal/.pico-sdk/sdk/2.1.1/src/rp2_common/pico_bootrom/bootrom_lock.c.obj
LOAD CMakeFiles/task4_266078.dir/C_/Users/kanal/.pico-sdk/sdk/2.1.1/src/rp2_common/hardware_boot_lock/boot_lock.c.obj
LOAD CMakeFiles/task4_266078.dir/C_/Users/kanal/.pico-sdk/sdk/2.1.1/src/rp2_common/pico_flash/flash.c.obj
LOAD CMakeFiles/task4_266078.dir/C_/Users/kanal/.pico-sdk/sdk/2.1.1/src/rp2_common/hardware_xosc/xosc.c.obj
LOAD CMakeFiles/task4_266078.dir/C_/Users/kanal/.pico-sdk/sdk/2.1.1/src/rp2_common/hardware_exception/exception.c.obj
LOAD CMakeFiles/task4_266078.dir/C_/Users/kanal/.pico-sdk/sdk/2.1.1/src/rp2_common/pico_multicore/multicore.c.obj
LOAD CMakeFiles/task4_266078.dir/C_/Users/kanal/.pico-sdk/sdk/2.1.1/src/rp2_common/hardware_i2c/i2c.c.obj
LOAD CMakeFiles/task4_266078.dir/C_/Users/kanal/.pico-sdk/sdk/2.1.1/src/rp2_common/pico_stdlib/stdlib.c.obj
LOAD CMakeFiles/task4_266078.dir/C_/Users/kanal/.pico-sdk/sdk/2.1.1/src/rp2_common/hardware_uart/uart.c.obj
LOAD CMakeFiles/task4_266078.dir/C_/Users/kanal/.pico-sdk/sdk/2.1.1/src/rp2_common/hardware_divider/divider.c.obj
LOAD CMakeFiles/task4_266078.dir/C_/Users/kanal/.pico-sdk/sdk/2.1.1/src/rp2_common/pico_runtime/runtime.c.obj
LOAD CMakeFiles/task4_266078.dir/C_/Users/kanal/.pico-sdk/sdk/2.1.1/src/rp2_common/pico_runtime_init/runtime_init.c.obj
LOAD CMakeFiles/task4_266078.dir/C_/Users/kanal/.pico-sdk/sdk/2.1.1/src/rp2_common/pico_runtime_init/runtime_init_clocks.c.obj
LOAD CMakeFiles/task4_266078.dir/C_/Users/kanal/.pico-sdk/sdk/2.1.1/src/rp2_common/pico_runtime_init/runtime_init_stack_guard.c.obj
LOAD CMakeFiles/task4_266078.dir/C_/Users/kanal/.pico-sdk/sdk/2.1.1/src/rp2_common/pico_bit_ops/bit_ops_aeabi.S.obj
LOAD CMakeFiles/task4_266078.dir/C_/Users/kanal/.pico-sdk/sdk/2.1.1/src/rp2_common/pico_divider/divider_compiler.c.obj
LOAD CMakeFiles/task4_266078.dir/C_/Users/kanal/.pico-sdk/sdk/2.1.1/src/rp2_common/pico_double/double_math.c.obj
LOAD CMakeFiles/task4_266078.dir/C_/Users/kanal/.pico-sdk/sdk/2.1.1/src/rp2_common/pico_double/double_aeabi_dcp.S.obj
LOAD CMakeFiles/task4_266078.dir/C_/Users/kanal/.pico-sdk/sdk/2.1.1/src/rp2_common/pico_double/double_fma_dcp.S.obj
LOAD CMakeFiles/task4_266078.dir/C_/Users/kanal/.pico-sdk/sdk/2.1.1/src/rp2_common/pico_double/double_sci_m33.S.obj
LOAD CMakeFiles/task4_266078.dir/C_/Users/kanal/.pico-sdk/sdk/2.1.1/src/rp2_common/pico_double/double_conv_m33.S.obj
LOAD CMakeFiles/task4_266078.dir/C_/Users/kanal/.pico-sdk/sdk/2.1.1/src/rp2_common/pico_float/float_math.c.obj
LOAD CMakeFiles/task4_266078.dir/C_/Users/kanal/.pico-sdk/sdk/2.1.1/src/rp2_common/pico_float/float_conv32_vfp.S.obj
LOAD CMakeFiles/task4_266078.dir/C_/Users/kanal/.pico-sdk/sdk/2.1.1/src/rp2_common/pico_float/float_common_m33.S.obj
LOAD CMakeFiles/task4_266078.dir/C_/Users/kanal/.pico-sdk/sdk/2.1.1/src/rp2_common/pico_float/float_sci_m33_vfp.S.obj
LOAD CMakeFiles/task4_266078.dir/C_/Users/kanal/.pico-sdk/sdk/2.1.1/src/rp2_common/pico_malloc/malloc.c.obj
LOAD CMakeFiles/task4_266078.dir/C_/Users/kanal/.pico-sdk/sdk/2.1.1/src/rp2_common/pico_atomic/atomic.c.obj
LOAD CMakeFiles/task4_266078.dir/C_/Users/kanal/.pico-sdk/sdk/2.1.1/src/rp2_common/pico_cxx_options/new_delete.cpp.obj
LOAD CMakeFiles/task4_266078.dir/C_/Users/kanal/.pico-sdk/sdk/2.1.1/src/rp2_common/pico_standard_binary_info/standard_binary_info.c.obj
LOAD CMakeFiles/task4_266078.dir/C_/Users/kanal/.pico-sdk/sdk/2.1.1/src/rp2_common/pico_printf/printf.c.obj
LOAD CMakeFiles/task4_266078.dir/C_/Users/kanal/.pico-sdk/sdk/2.1.1/src/rp2_common/pico_crt0/crt0.S.obj
LOAD CMakeFiles/task4_266078.dir/C_/Users/kanal/.pico-sdk/sdk/2.1.1/src/rp2_common/pico_clib_interface/newlib_interface.c.obj
LOAD CMakeFiles/task4_266078.dir/C_/Users/kanal/.pico-sdk/sdk/2.1.1/src/rp2_common/pico_stdio/stdio.c.obj
LOAD CMakeFiles/task4_266078.dir/C_/Users/kanal/.pico-sdk/sdk/2.1.1/src/rp2_common/pico_stdio_uart/stdio_uart.c.obj
LOAD pico-sdk/src/rp2350/boot_stage2/CMakeFiles/bs2_default_library.dir/./bs2_default_padded_checksummed.S.obj
LOAD C:/Users/kanal/.pico-sdk/toolchain/14_2_Rel1/bin/../lib/gcc/arm-none-eabi/14.2.1/thumb/v8-m.main+fp/softfp\libstdc++.a
LOAD C:/Users/kanal/.pico-sdk/toolchain/14_2_Rel1/bin/../lib/gcc/arm-none-eabi/14.2.1/thumb/v8-m.main+fp/softfp\libm.a
START GROUP
LOAD C:/Users/kanal/.pico-sdk/toolchain/14_2_Rel1/bin/../lib/gcc/arm-none-eabi/14.2.1/thumb/v8-m.main+fp/softfp\libgcc.a
LOAD C:/Users/kanal/.pico-sdk/toolchain/14_2_Rel1/bin/../lib/gcc/arm-none-eabi/14.2.1/thumb/v8-m.main+fp/softfp\libg.a
LOAD C:/Users/kanal/.pico-sdk/toolchain/14_2_Rel1/bin/../lib/gcc/arm-none-eabi/14.2.1/thumb/v8-m.main+fp/softfp\libc.a
END GROUP
START GROUP
LOAD C:/Users/kanal/.pico-sdk/toolchain/14_2_Rel1/bin/../lib/gcc/arm-none-eabi/14.2.1/thumb/v8-m.main+fp/softfp\libgcc.a
LOAD C:/Users/kanal/.pico-sdk/toolchain/14_2_Rel1/bin/../lib/gcc/arm-none-eabi/14.2.1/thumb/v8-m.main+fp/softfp\libc.a
LOAD C:/Users/kanal/.pico-sdk/toolchain/14_2_Rel1/bin/../lib/gcc/arm-none-eabi/14.2.1/thumb/v8-m.main+fp/softfp\libnosys.a
END GROUP
LOAD C:/Users/kanal/.pico-sdk/toolchain/14_2_Rel1/bin/../lib/gcc/arm-none-eabi/14.2.1/thumb/v8-m.main+fp/softfp/crtend.o
LOAD C:/Users/kanal/.pico-sdk/toolchain/14_2_Rel1/bin/../lib/gcc/arm-none-eabi/14.2.1/thumb/v8-m.main+fp/softfp/crtn.o
OUTPUT(task4_266078.elf elf32-littlearm)
LOAD linker stubs

.rel.dyn        0x100073cc        0x0
 .rel.iplt      0x100073cc        0x0 C:/Users/kanal/.pico-sdk/toolchain/14_2_Rel1/bin/../lib/gcc/arm-none-eabi/14.2.1/thumb/v8-m.main+fp/softfp/crtbegin.o

.ARM.attributes
                0x00000000       0x34
 .ARM.attributes
                0x00000000       0x26 C:/Users/kanal/.pico-sdk/toolchain/14_2_Rel1/bin/../lib/gcc/arm-none-eabi/14.2.1/thumb/v8-m.main+fp/softfp/crti.o
 .ARM.attributes
                0x00000026       0x36 C:/Users/kanal/.pico-sdk/toolchain/14_2_Rel1/bin/../lib/gcc/arm-none-eabi/14.2.1/thumb/v8-m.main+fp/softfp/crtbegin.o
 .ARM.attributes
                0x0000005c       0x38 CMakeFiles/task4_266078.dir/task4_266078.c.obj
 .ARM.attributes
                0x00000094       0x38 CMakeFiles/task4_266078.dir/FreeRTOS-Kernel/portable/MemMang/heap_4.c.obj
 .ARM.attributes
                0x000000cc       0x38 CMakeFiles/task4_266078.dir/FreeRTOS-Kernel/portable/ThirdParty/GCC/RP2350_ARM_NTZ/non_secure/port.c.obj
 .ARM.attributes
                0x00000104       0x38 CMakeFiles/task4_266078.dir/FreeRTOS-Kernel/portable/ThirdParty/GCC/RP2350_ARM_NTZ/non_secure/portasm.c.obj
 .ARM.attributes
                0x0000013c       0x38 CMakeFiles/task4_266078.dir/FreeRTOS-Kernel/event_groups.c.obj
 .ARM.attributes
                0x00000174       0x38 CMakeFiles/task4_266078.dir/FreeRTOS-Kernel/list.c.obj
 .ARM.attributes
                0x000001ac       0x38 CMakeFiles/task4_266078.dir/FreeRTOS-Kernel/queue.c.obj
 .ARM.attributes
                0x000001e4       0x38 CMakeFiles/task4_266078.dir/FreeRTOS-Kernel/tasks.c.obj
 .ARM.attributes
                0x0000021c       0x38 CMakeFiles/task4_266078.dir/FreeRTOS-Kernel/timers.c.obj
 .ARM.attributes
                0x00000254       0x38 CMakeFiles/task4_266078.dir/C_/Users/kanal/.pico-sdk/sdk/2.1.1/src/rp2_common/hardware_clocks/clocks.c.obj
 .ARM.attributes
                0x0000028c       0x38 CMakeFiles/task4_266078.dir/C_/Users/kanal/.pico-sdk/sdk/2.1.1/src/rp2_common/pico_platform_panic/panic.c.obj
 .ARM.attributes
                0x000002c4       0x38 CMakeFiles/task4_266078.dir/C_/Users/kanal/.pico-sdk/sdk/2.1.1/src/common/hardware_claim/claim.c.obj
 .ARM.attributes
                0x000002fc       0x38 CMakeFiles/task4_266078.dir/C_/Users/kanal/.pico-sdk/sdk/2.1.1/src/rp2_common/hardware_sync/sync.c.obj
 .ARM.attributes
                0x00000334       0x38 CMakeFiles/task4_266078.dir/C_/Users/kanal/.pico-sdk/sdk/2.1.1/src/rp2_common/hardware_sync_spin_lock/sync_spin_lock.c.obj
 .ARM.attributes
                0x0000036c       0x38 CMakeFiles/task4_266078.dir/C_/Users/kanal/.pico-sdk/sdk/2.1.1/src/rp2_common/hardware_gpio/gpio.c.obj
 .ARM.attributes
                0x000003a4       0x38 CMakeFiles/task4_266078.dir/C_/Users/kanal/.pico-sdk/sdk/2.1.1/src/rp2_common/hardware_irq/irq.c.obj
 .ARM.attributes
                0x000003dc       0x28 CMakeFiles/task4_266078.dir/C_/Users/kanal/.pico-sdk/sdk/2.1.1/src/rp2_common/hardware_irq/irq_handler_chain.S.obj
 .ARM.attributes
                0x00000404       0x38 CMakeFiles/task4_266078.dir/C_/Users/kanal/.pico-sdk/sdk/2.1.1/src/common/pico_sync/lock_core.c.obj
 .ARM.attributes
                0x0000043c       0x38 CMakeFiles/task4_266078.dir/C_/Users/kanal/.pico-sdk/sdk/2.1.1/src/common/pico_sync/mutex.c.obj
 .ARM.attributes
                0x00000474       0x38 CMakeFiles/task4_266078.dir/C_/Users/kanal/.pico-sdk/sdk/2.1.1/src/common/pico_time/time.c.obj
 .ARM.attributes
                0x000004ac       0x38 CMakeFiles/task4_266078.dir/C_/Users/kanal/.pico-sdk/sdk/2.1.1/src/rp2_common/hardware_timer/timer.c.obj
 .ARM.attributes
                0x000004e4       0x38 CMakeFiles/task4_266078.dir/C_/Users/kanal/.pico-sdk/sdk/2.1.1/src/rp2_common/hardware_pll/pll.c.obj
 .ARM.attributes
                0x0000051c       0x38 CMakeFiles/task4_266078.dir/C_/Users/kanal/.pico-sdk/sdk/2.1.1/src/rp2_common/hardware_ticks/ticks.c.obj
 .ARM.attributes
                0x00000554       0x38 CMakeFiles/task4_266078.dir/C_/Users/kanal/.pico-sdk/sdk/2.1.1/src/rp2_common/pico_bootrom/bootrom.c.obj
 .ARM.attributes
                0x0000058c       0x38 CMakeFiles/task4_266078.dir/C_/Users/kanal/.pico-sdk/sdk/2.1.1/src/rp2_common/pico_bootrom/bootrom_lock.c.obj
 .ARM.attributes
                0x000005c4       0x38 CMakeFiles/task4_266078.dir/C_/Users/kanal/.pico-sdk/sdk/2.1.1/src/rp2_common/hardware_boot_lock/boot_lock.c.obj
 .ARM.attributes
                0x000005fc       0x38 CMakeFiles/task4_266078.dir/C_/Users/kanal/.pico-sdk/sdk/2.1.1/src/rp2_common/hardware_xosc/xosc.c.obj
 .ARM.attributes
                0x00000634       0x38 CMakeFiles/task4_266078.dir/C_/Users/kanal/.pico-sdk/sdk/2.1.1/src/rp2_common/hardware_exception/exception.c.obj
 .ARM.attributes
                0x0000066c       0x38 CMakeFiles/task4_266078.dir/C_/Users/kanal/.pico-sdk/sdk/2.1.1/src/rp2_common/pico_multicore/multicore.c.obj
 .ARM.attributes
                0x000006a4       0x38 CMakeFiles/task4_266078.dir/C_/Users/kanal/.pico-sdk/sdk/2.1.1/src/rp2_common/hardware_i2c/i2c.c.obj
 .ARM.attributes
                0x000006dc       0x38 CMakeFiles/task4_266078.dir/C_/Users/kanal/.pico-sdk/sdk/2.1.1/src/rp2_common/hardware_uart/uart.c.obj
 .ARM.attributes
                0x00000714       0x38 CMakeFiles/task4_266078.dir/C_/Users/kanal/.pico-sdk/sdk/2.1.1/src/rp2_common/pico_runtime/runtime.c.obj
 .ARM.attributes
                0x0000074c       0x38 CMakeFiles/task4_266078.dir/C_/Users/kanal/.pico-sdk/sdk/2.1.1/src/rp2_common/pico_runtime_init/runtime_init.c.obj
 .ARM.attributes
                0x00000784       0x38 CMakeFiles/task4_266078.dir/C_/Users/kanal/.pico-sdk/sdk/2.1.1/src/rp2_common/pico_runtime_init/runtime_init_clocks.c.obj
 .ARM.attributes